[0.075s] DEBUG:colcon:Command line arguments: ['/usr/bin/colcon', 'build']
[0.075s] DEBUG:colcon:Parsed command line arguments: Namespace(log_base=None, log_level=None, verb_name='build', build_base='build', install_base='install', merge_install=False, symlink_install=False, test_result_base=None, continue_on_error=False, executor='parallel', parallel_workers=16, event_handlers=None, ignore_user_meta=False, metas=['./colcon.meta'], base_paths=['.'], packages_ignore=None, packages_ignore_regex=None, paths=None, packages_up_to=None, packages_up_to_regex=None, packages_above=None, packages_above_and_dependencies=None, packages_above_depth=None, packages_select_by_dep=None, packages_skip_by_dep=None, packages_skip_up_to=None, packages_select_build_failed=False, packages_skip_build_finished=False, packages_select_test_failures=False, packages_skip_test_passed=False, packages_select=None, packages_skip=None, packages_select_regex=None, packages_skip_regex=None, packages_start=None, packages_end=None, allow_overriding=[], cmake_args=None, cmake_target=None, cmake_target_skip_unavailable=False, cmake_clean_cache=False, cmake_clean_first=False, cmake_force_configure=False, ament_cmake_args=None, catkin_cmake_args=None, catkin_skip_building_tests=False, mixin_files=None, mixin=None, verb_parser=<colcon_mixin.mixin.mixin_argument.MixinArgumentDecorator object at 0x7c945e757f10>, verb_extension=<colcon_core.verb.build.BuildVerb object at 0x7c945e7579d0>, main=<bound method BuildVerb.main of <colcon_core.verb.build.BuildVerb object at 0x7c945e7579d0>>, mixin_verb=('build',))
[0.230s] Level 1:colcon.colcon_core.package_discovery:discover_packages(colcon_meta) check parameters
[0.230s] Level 1:colcon.colcon_core.package_discovery:discover_packages(recursive) check parameters
[0.230s] Level 1:colcon.colcon_core.package_discovery:discover_packages(ignore) check parameters
[0.230s] Level 1:colcon.colcon_core.package_discovery:discover_packages(path) check parameters
[0.230s] Level 1:colcon.colcon_core.package_discovery:discover_packages(colcon_meta) discover
[0.230s] Level 1:colcon.colcon_core.package_discovery:discover_packages(recursive) discover
[0.230s] INFO:colcon.colcon_core.package_discovery:Crawling recursively for packages in '/home/ajoymathew07/Documents/Envisage/Catatron_ros2'
[0.230s] Level 1:colcon.colcon_core.package_identification:_identify(.) by extensions ['ignore', 'ignore_ament_install']
[0.230s] Level 1:colcon.colcon_core.package_identification:_identify(.) by extension 'ignore'
[0.230s] Level 1:colcon.colcon_core.package_identification:_identify(.) by extension 'ignore_ament_install'
[0.231s] Level 1:colcon.colcon_core.package_identification:_identify(.) by extensions ['colcon_pkg']
[0.231s] Level 1:colcon.colcon_core.package_identification:_identify(.) by extension 'colcon_pkg'
[0.231s] Level 1:colcon.colcon_core.package_identification:_identify(.) by extensions ['colcon_meta']
[0.231s] Level 1:colcon.colcon_core.package_identification:_identify(.) by extension 'colcon_meta'
[0.231s] Level 1:colcon.colcon_core.package_identification:_identify(.) by extensions ['ros']
[0.231s] Level 1:colcon.colcon_core.package_identification:_identify(.) by extension 'ros'
[0.238s] Level 1:colcon.colcon_core.package_identification:_identify(.) by extensions ['cmake', 'python']
[0.238s] Level 1:colcon.colcon_core.package_identification:_identify(.) by extension 'cmake'
[0.238s] Level 1:colcon.colcon_core.package_identification:_identify(.) by extension 'python'
[0.238s] Level 1:colcon.colcon_core.package_identification:_identify(.) by extensions ['python_setup_py']
[0.238s] Level 1:colcon.colcon_core.package_identification:_identify(.) by extension 'python_setup_py'
[0.238s] Level 1:colcon.colcon_core.package_identification:_identify(build) by extensions ['ignore', 'ignore_ament_install']
[0.238s] Level 1:colcon.colcon_core.package_identification:_identify(build) by extension 'ignore'
[0.238s] Level 1:colcon.colcon_core.package_identification:_identify(build) ignored
[0.238s] Level 1:colcon.colcon_core.package_identification:_identify(install) by extensions ['ignore', 'ignore_ament_install']
[0.238s] Level 1:colcon.colcon_core.package_identification:_identify(install) by extension 'ignore'
[0.238s] Level 1:colcon.colcon_core.package_identification:_identify(install) ignored
[0.238s] Level 1:colcon.colcon_core.package_identification:_identify(log) by extensions ['ignore', 'ignore_ament_install']
[0.238s] Level 1:colcon.colcon_core.package_identification:_identify(log) by extension 'ignore'
[0.238s] Level 1:colcon.colcon_core.package_identification:_identify(log) ignored
[0.238s] Level 1:colcon.colcon_core.package_identification:_identify(src) by extensions ['ignore', 'ignore_ament_install']
[0.238s] Level 1:colcon.colcon_core.package_identification:_identify(src) by extension 'ignore'
[0.238s] Level 1:colcon.colcon_core.package_identification:_identify(src) by extension 'ignore_ament_install'
[0.239s] Level 1:colcon.colcon_core.package_identification:_identify(src) by extensions ['colcon_pkg']
[0.239s] Level 1:colcon.colcon_core.package_identification:_identify(src) by extension 'colcon_pkg'
[0.239s] Level 1:colcon.colcon_core.package_identification:_identify(src) by extensions ['colcon_meta']
[0.239s] Level 1:colcon.colcon_core.package_identification:_identify(src) by extension 'colcon_meta'
[0.239s] Level 1:colcon.colcon_core.package_identification:_identify(src) by extensions ['ros']
[0.239s] Level 1:colcon.colcon_core.package_identification:_identify(src) by extension 'ros'
[0.239s] Level 1:colcon.colcon_core.package_identification:_identify(src) by extensions ['cmake', 'python']
[0.239s] Level 1:colcon.colcon_core.package_identification:_identify(src) by extension 'cmake'
[0.239s] Level 1:colcon.colcon_core.package_identification:_identify(src) by extension 'python'
[0.239s] Level 1:colcon.colcon_core.package_identification:_identify(src) by extensions ['python_setup_py']
[0.239s] Level 1:colcon.colcon_core.package_identification:_identify(src) by extension 'python_setup_py'
[0.239s] Level 1:colcon.colcon_core.package_identification:_identify(src/catatron_ros2-main) by extensions ['ignore', 'ignore_ament_install']
[0.239s] Level 1:colcon.colcon_core.package_identification:_identify(src/catatron_ros2-main) by extension 'ignore'
[0.239s] Level 1:colcon.colcon_core.package_identification:_identify(src/catatron_ros2-main) by extension 'ignore_ament_install'
[0.239s] Level 1:colcon.colcon_core.package_identification:_identify(src/catatron_ros2-main) by extensions ['colcon_pkg']
[0.239s] Level 1:colcon.colcon_core.package_identification:_identify(src/catatron_ros2-main) by extension 'colcon_pkg'
[0.239s] Level 1:colcon.colcon_core.package_identification:_identify(src/catatron_ros2-main) by extensions ['colcon_meta']
[0.239s] Level 1:colcon.colcon_core.package_identification:_identify(src/catatron_ros2-main) by extension 'colcon_meta'
[0.239s] Level 1:colcon.colcon_core.package_identification:_identify(src/catatron_ros2-main) by extensions ['ros']
[0.239s] Level 1:colcon.colcon_core.package_identification:_identify(src/catatron_ros2-main) by extension 'ros'
[0.239s] Level 1:colcon.colcon_core.package_identification:_identify(src/catatron_ros2-main) by extensions ['cmake', 'python']
[0.239s] Level 1:colcon.colcon_core.package_identification:_identify(src/catatron_ros2-main) by extension 'cmake'
[0.239s] Level 1:colcon.colcon_core.package_identification:_identify(src/catatron_ros2-main) by extension 'python'
[0.239s] Level 1:colcon.colcon_core.package_identification:_identify(src/catatron_ros2-main) by extensions ['python_setup_py']
[0.239s] Level 1:colcon.colcon_core.package_identification:_identify(src/catatron_ros2-main) by extension 'python_setup_py'
[0.239s] Level 1:colcon.colcon_core.package_identification:_identify(src/catatron_ros2-main/catatron_controller) by extensions ['ignore', 'ignore_ament_install']
[0.240s] Level 1:colcon.colcon_core.package_identification:_identify(src/catatron_ros2-main/catatron_controller) by extension 'ignore'
[0.240s] Level 1:colcon.colcon_core.package_identification:_identify(src/catatron_ros2-main/catatron_controller) by extension 'ignore_ament_install'
[0.240s] Level 1:colcon.colcon_core.package_identification:_identify(src/catatron_ros2-main/catatron_controller) by extensions ['colcon_pkg']
[0.240s] Level 1:colcon.colcon_core.package_identification:_identify(src/catatron_ros2-main/catatron_controller) by extension 'colcon_pkg'
[0.240s] Level 1:colcon.colcon_core.package_identification:_identify(src/catatron_ros2-main/catatron_controller) by extensions ['colcon_meta']
[0.240s] Level 1:colcon.colcon_core.package_identification:_identify(src/catatron_ros2-main/catatron_controller) by extension 'colcon_meta'
[0.240s] Level 1:colcon.colcon_core.package_identification:_identify(src/catatron_ros2-main/catatron_controller) by extensions ['ros']
[0.240s] Level 1:colcon.colcon_core.package_identification:_identify(src/catatron_ros2-main/catatron_controller) by extension 'ros'
[0.242s] DEBUG:colcon.colcon_core.package_identification:Package 'src/catatron_ros2-main/catatron_controller' with type 'ros.ament_python' and name 'catatron_controller'
[0.242s] Level 1:colcon.colcon_core.package_identification:_identify(src/catatron_ros2-main/catatron_description) by extensions ['ignore', 'ignore_ament_install']
[0.242s] Level 1:colcon.colcon_core.package_identification:_identify(src/catatron_ros2-main/catatron_description) by extension 'ignore'
[0.242s] Level 1:colcon.colcon_core.package_identification:_identify(src/catatron_ros2-main/catatron_description) by extension 'ignore_ament_install'
[0.242s] Level 1:colcon.colcon_core.package_identification:_identify(src/catatron_ros2-main/catatron_description) by extensions ['colcon_pkg']
[0.242s] Level 1:colcon.colcon_core.package_identification:_identify(src/catatron_ros2-main/catatron_description) by extension 'colcon_pkg'
[0.242s] Level 1:colcon.colcon_core.package_identification:_identify(src/catatron_ros2-main/catatron_description) by extensions ['colcon_meta']
[0.242s] Level 1:colcon.colcon_core.package_identification:_identify(src/catatron_ros2-main/catatron_description) by extension 'colcon_meta'
[0.242s] Level 1:colcon.colcon_core.package_identification:_identify(src/catatron_ros2-main/catatron_description) by extensions ['ros']
[0.242s] Level 1:colcon.colcon_core.package_identification:_identify(src/catatron_ros2-main/catatron_description) by extension 'ros'
[0.242s] DEBUG:colcon.colcon_core.package_identification:Package 'src/catatron_ros2-main/catatron_description' with type 'ros.ament_cmake' and name 'catatron_description'
[0.243s] Level 1:colcon.colcon_core.package_identification:_identify(src/catatron_ros2-main/catatron_gazebo) by extensions ['ignore', 'ignore_ament_install']
[0.243s] Level 1:colcon.colcon_core.package_identification:_identify(src/catatron_ros2-main/catatron_gazebo) by extension 'ignore'
[0.243s] Level 1:colcon.colcon_core.package_identification:_identify(src/catatron_ros2-main/catatron_gazebo) by extension 'ignore_ament_install'
[0.243s] Level 1:colcon.colcon_core.package_identification:_identify(src/catatron_ros2-main/catatron_gazebo) by extensions ['colcon_pkg']
[0.243s] Level 1:colcon.colcon_core.package_identification:_identify(src/catatron_ros2-main/catatron_gazebo) by extension 'colcon_pkg'
[0.243s] Level 1:colcon.colcon_core.package_identification:_identify(src/catatron_ros2-main/catatron_gazebo) by extensions ['colcon_meta']
[0.243s] Level 1:colcon.colcon_core.package_identification:_identify(src/catatron_ros2-main/catatron_gazebo) by extension 'colcon_meta'
[0.243s] Level 1:colcon.colcon_core.package_identification:_identify(src/catatron_ros2-main/catatron_gazebo) by extensions ['ros']
[0.243s] Level 1:colcon.colcon_core.package_identification:_identify(src/catatron_ros2-main/catatron_gazebo) by extension 'ros'
[0.243s] DEBUG:colcon.colcon_core.package_identification:Package 'src/catatron_ros2-main/catatron_gazebo' with type 'ros.ament_cmake' and name 'catatron_gazebo'
[0.244s] Level 1:colcon.colcon_core.package_identification:_identify(src/catatron_ros2-main/catatron_joystick) by extensions ['ignore', 'ignore_ament_install']
[0.244s] Level 1:colcon.colcon_core.package_identification:_identify(src/catatron_ros2-main/catatron_joystick) by extension 'ignore'
[0.244s] Level 1:colcon.colcon_core.package_identification:_identify(src/catatron_ros2-main/catatron_joystick) by extension 'ignore_ament_install'
[0.244s] Level 1:colcon.colcon_core.package_identification:_identify(src/catatron_ros2-main/catatron_joystick) by extensions ['colcon_pkg']
[0.244s] Level 1:colcon.colcon_core.package_identification:_identify(src/catatron_ros2-main/catatron_joystick) by extension 'colcon_pkg'
[0.244s] Level 1:colcon.colcon_core.package_identification:_identify(src/catatron_ros2-main/catatron_joystick) by extensions ['colcon_meta']
[0.244s] Level 1:colcon.colcon_core.package_identification:_identify(src/catatron_ros2-main/catatron_joystick) by extension 'colcon_meta'
[0.244s] Level 1:colcon.colcon_core.package_identification:_identify(src/catatron_ros2-main/catatron_joystick) by extensions ['ros']
[0.244s] Level 1:colcon.colcon_core.package_identification:_identify(src/catatron_ros2-main/catatron_joystick) by extension 'ros'
[0.244s] DEBUG:colcon.colcon_core.package_identification:Package 'src/catatron_ros2-main/catatron_joystick' with type 'ros.ament_python' and name 'catatron_joystick'
[0.244s] Level 1:colcon.colcon_core.package_discovery:discover_packages(recursive) using defaults
[0.244s] Level 1:colcon.colcon_core.package_discovery:discover_packages(ignore) discover
[0.244s] Level 1:colcon.colcon_core.package_discovery:discover_packages(ignore) using defaults
[0.244s] Level 1:colcon.colcon_core.package_discovery:discover_packages(path) discover
[0.244s] Level 1:colcon.colcon_core.package_discovery:discover_packages(path) using defaults
[0.257s] Level 1:colcon.colcon_core.package_discovery:discover_packages(prefix_path) check parameters
[0.257s] Level 1:colcon.colcon_core.package_discovery:discover_packages(prefix_path) discover
[0.259s] DEBUG:colcon.colcon_installed_package_information.package_discovery:Found 4 installed packages in /home/ajoymathew07/Documents/Envisage/Catatron_ros2/install
[0.259s] DEBUG:colcon.colcon_installed_package_information.package_discovery:Found 1 installed packages in /home/ajoymathew07/Documents/ros2_ws/install
[0.260s] DEBUG:colcon.colcon_installed_package_information.package_discovery:Found 331 installed packages in /opt/ros/humble
[0.261s] Level 1:colcon.colcon_core.package_discovery:discover_packages(prefix_path) using defaults
[0.289s] Level 5:colcon.colcon_core.verb:set package 'catatron_controller' build argument 'cmake_args' from command line to 'None'
[0.289s] Level 5:colcon.colcon_core.verb:set package 'catatron_controller' build argument 'cmake_target' from command line to 'None'
[0.289s] Level 5:colcon.colcon_core.verb:set package 'catatron_controller' build argument 'cmake_target_skip_unavailable' from command line to 'False'
[0.289s] Level 5:colcon.colcon_core.verb:set package 'catatron_controller' build argument 'cmake_clean_cache' from command line to 'False'
[0.289s] Level 5:colcon.colcon_core.verb:set package 'catatron_controller' build argument 'cmake_clean_first' from command line to 'False'
[0.289s] Level 5:colcon.colcon_core.verb:set package 'catatron_controller' build argument 'cmake_force_configure' from command line to 'False'
[0.289s] Level 5:colcon.colcon_core.verb:set package 'catatron_controller' build argument 'ament_cmake_args' from command line to 'None'
[0.289s] Level 5:colcon.colcon_core.verb:set package 'catatron_controller' build argument 'catkin_cmake_args' from command line to 'None'
[0.289s] Level 5:colcon.colcon_core.verb:set package 'catatron_controller' build argument 'catkin_skip_building_tests' from command line to 'False'
[0.289s] DEBUG:colcon.colcon_core.verb:Building package 'catatron_controller' with the following arguments: {'ament_cmake_args': None, 'build_base': '/home/ajoymathew07/Documents/Envisage/Catatron_ros2/build/catatron_controller', 'catkin_cmake_args': None, 'catkin_skip_building_tests': False, 'cmake_args': None, 'cmake_clean_cache': False, 'cmake_clean_first': False, 'cmake_force_configure': False, 'cmake_target': None, 'cmake_target_skip_unavailable': False, 'install_base': '/home/ajoymathew07/Documents/Envisage/Catatron_ros2/install/catatron_controller', 'merge_install': False, 'path': '/home/ajoymathew07/Documents/Envisage/Catatron_ros2/src/catatron_ros2-main/catatron_controller', 'symlink_install': False, 'test_result_base': None}
[0.289s] Level 5:colcon.colcon_core.verb:set package 'catatron_description' build argument 'cmake_args' from command line to 'None'
[0.289s] Level 5:colcon.colcon_core.verb:set package 'catatron_description' build argument 'cmake_target' from command line to 'None'
[0.289s] Level 5:colcon.colcon_core.verb:set package 'catatron_description' build argument 'cmake_target_skip_unavailable' from command line to 'False'
[0.289s] Level 5:colcon.colcon_core.verb:set package 'catatron_description' build argument 'cmake_clean_cache' from command line to 'False'
[0.289s] Level 5:colcon.colcon_core.verb:set package 'catatron_description' build argument 'cmake_clean_first' from command line to 'False'
[0.290s] Level 5:colcon.colcon_core.verb:set package 'catatron_description' build argument 'cmake_force_configure' from command line to 'False'
[0.290s] Level 5:colcon.colcon_core.verb:set package 'catatron_description' build argument 'ament_cmake_args' from command line to 'None'
[0.290s] Level 5:colcon.colcon_core.verb:set package 'catatron_description' build argument 'catkin_cmake_args' from command line to 'None'
[0.290s] Level 5:colcon.colcon_core.verb:set package 'catatron_description' build argument 'catkin_skip_building_tests' from command line to 'False'
[0.290s] DEBUG:colcon.colcon_core.verb:Building package 'catatron_description' with the following arguments: {'ament_cmake_args': None, 'build_base': '/home/ajoymathew07/Documents/Envisage/Catatron_ros2/build/catatron_description', 'catkin_cmake_args': None, 'catkin_skip_building_tests': False, 'cmake_args': None, 'cmake_clean_cache': False, 'cmake_clean_first': False, 'cmake_force_configure': False, 'cmake_target': None, 'cmake_target_skip_unavailable': False, 'install_base': '/home/ajoymathew07/Documents/Envisage/Catatron_ros2/install/catatron_description', 'merge_install': False, 'path': '/home/ajoymathew07/Documents/Envisage/Catatron_ros2/src/catatron_ros2-main/catatron_description', 'symlink_install': False, 'test_result_base': None}
[0.290s] Level 5:colcon.colcon_core.verb:set package 'catatron_gazebo' build argument 'cmake_args' from command line to 'None'
[0.290s] Level 5:colcon.colcon_core.verb:set package 'catatron_gazebo' build argument 'cmake_target' from command line to 'None'
[0.290s] Level 5:colcon.colcon_core.verb:set package 'catatron_gazebo' build argument 'cmake_target_skip_unavailable' from command line to 'False'
[0.290s] Level 5:colcon.colcon_core.verb:set package 'catatron_gazebo' build argument 'cmake_clean_cache' from command line to 'False'
[0.290s] Level 5:colcon.colcon_core.verb:set package 'catatron_gazebo' build argument 'cmake_clean_first' from command line to 'False'
[0.290s] Level 5:colcon.colcon_core.verb:set package 'catatron_gazebo' build argument 'cmake_force_configure' from command line to 'False'
[0.290s] Level 5:colcon.colcon_core.verb:set package 'catatron_gazebo' build argument 'ament_cmake_args' from command line to 'None'
[0.290s] Level 5:colcon.colcon_core.verb:set package 'catatron_gazebo' build argument 'catkin_cmake_args' from command line to 'None'
[0.290s] Level 5:colcon.colcon_core.verb:set package 'catatron_gazebo' build argument 'catkin_skip_building_tests' from command line to 'False'
[0.290s] DEBUG:colcon.colcon_core.verb:Building package 'catatron_gazebo' with the following arguments: {'ament_cmake_args': None, 'build_base': '/home/ajoymathew07/Documents/Envisage/Catatron_ros2/build/catatron_gazebo', 'catkin_cmake_args': None, 'catkin_skip_building_tests': False, 'cmake_args': None, 'cmake_clean_cache': False, 'cmake_clean_first': False, 'cmake_force_configure': False, 'cmake_target': None, 'cmake_target_skip_unavailable': False, 'install_base': '/home/ajoymathew07/Documents/Envisage/Catatron_ros2/install/catatron_gazebo', 'merge_install': False, 'path': '/home/ajoymathew07/Documents/Envisage/Catatron_ros2/src/catatron_ros2-main/catatron_gazebo', 'symlink_install': False, 'test_result_base': None}
[0.290s] Level 5:colcon.colcon_core.verb:set package 'catatron_joystick' build argument 'cmake_args' from command line to 'None'
[0.290s] Level 5:colcon.colcon_core.verb:set package 'catatron_joystick' build argument 'cmake_target' from command line to 'None'
[0.290s] Level 5:colcon.colcon_core.verb:set package 'catatron_joystick' build argument 'cmake_target_skip_unavailable' from command line to 'False'
[0.290s] Level 5:colcon.colcon_core.verb:set package 'catatron_joystick' build argument 'cmake_clean_cache' from command line to 'False'
[0.290s] Level 5:colcon.colcon_core.verb:set package 'catatron_joystick' build argument 'cmake_clean_first' from command line to 'False'
[0.290s] Level 5:colcon.colcon_core.verb:set package 'catatron_joystick' build argument 'cmake_force_configure' from command line to 'False'
[0.290s] Level 5:colcon.colcon_core.verb:set package 'catatron_joystick' build argument 'ament_cmake_args' from command line to 'None'
[0.290s] Level 5:colcon.colcon_core.verb:set package 'catatron_joystick' build argument 'catkin_cmake_args' from command line to 'None'
[0.290s] Level 5:colcon.colcon_core.verb:set package 'catatron_joystick' build argument 'catkin_skip_building_tests' from command line to 'False'
[0.290s] DEBUG:colcon.colcon_core.verb:Building package 'catatron_joystick' with the following arguments: {'ament_cmake_args': None, 'build_base': '/home/ajoymathew07/Documents/Envisage/Catatron_ros2/build/catatron_joystick', 'catkin_cmake_args': None, 'catkin_skip_building_tests': False, 'cmake_args': None, 'cmake_clean_cache': False, 'cmake_clean_first': False, 'cmake_force_configure': False, 'cmake_target': None, 'cmake_target_skip_unavailable': False, 'install_base': '/home/ajoymathew07/Documents/Envisage/Catatron_ros2/install/catatron_joystick', 'merge_install': False, 'path': '/home/ajoymathew07/Documents/Envisage/Catatron_ros2/src/catatron_ros2-main/catatron_joystick', 'symlink_install': False, 'test_result_base': None}
[0.291s] INFO:colcon.colcon_core.executor:Executing jobs using 'parallel' executor
[0.291s] DEBUG:colcon.colcon_parallel_executor.executor.parallel:run_until_complete
[0.292s] INFO:colcon.colcon_ros.task.ament_python.build:Building ROS package in '/home/ajoymathew07/Documents/Envisage/Catatron_ros2/src/catatron_ros2-main/catatron_controller' with build type 'ament_python'
[0.292s] Level 1:colcon.colcon_core.shell:create_environment_hook('catatron_controller', 'ament_prefix_path')
[0.293s] INFO:colcon.colcon_core.plugin_system:Skipping extension 'colcon_core.shell.bat': Not used on non-Windows systems
[0.293s] INFO:colcon.colcon_core.shell:Creating environment hook '/home/ajoymathew07/Documents/Envisage/Catatron_ros2/install/catatron_controller/share/catatron_controller/hook/ament_prefix_path.ps1'
[0.294s] INFO:colcon.colcon_core.shell:Creating environment descriptor '/home/ajoymathew07/Documents/Envisage/Catatron_ros2/install/catatron_controller/share/catatron_controller/hook/ament_prefix_path.dsv'
[0.294s] INFO:colcon.colcon_core.shell:Creating environment hook '/home/ajoymathew07/Documents/Envisage/Catatron_ros2/install/catatron_controller/share/catatron_controller/hook/ament_prefix_path.sh'
[0.295s] INFO:colcon.colcon_core.shell:Skip shell extension 'powershell' for command environment: Not usable outside of PowerShell
[0.295s] DEBUG:colcon.colcon_core.shell:Skip shell extension 'dsv' for command environment
[0.298s] INFO:colcon.colcon_ros.task.ament_cmake.build:Building ROS package in '/home/ajoymathew07/Documents/Envisage/Catatron_ros2/src/catatron_ros2-main/catatron_description' with build type 'ament_cmake'
[0.298s] INFO:colcon.colcon_cmake.task.cmake.build:Building CMake package in '/home/ajoymathew07/Documents/Envisage/Catatron_ros2/src/catatron_ros2-main/catatron_description'
[0.298s] INFO:colcon.colcon_core.shell:Skip shell extension 'powershell' for command environment: Not usable outside of PowerShell
[0.298s] DEBUG:colcon.colcon_core.shell:Skip shell extension 'dsv' for command environment
[0.301s] INFO:colcon.colcon_ros.task.ament_cmake.build:Building ROS package in '/home/ajoymathew07/Documents/Envisage/Catatron_ros2/src/catatron_ros2-main/catatron_gazebo' with build type 'ament_cmake'
[0.301s] INFO:colcon.colcon_cmake.task.cmake.build:Building CMake package in '/home/ajoymathew07/Documents/Envisage/Catatron_ros2/src/catatron_ros2-main/catatron_gazebo'
[0.301s] INFO:colcon.colcon_core.shell:Skip shell extension 'powershell' for command environment: Not usable outside of PowerShell
[0.301s] DEBUG:colcon.colcon_core.shell:Skip shell extension 'dsv' for command environment
[0.304s] INFO:colcon.colcon_ros.task.ament_python.build:Building ROS package in '/home/ajoymathew07/Documents/Envisage/Catatron_ros2/src/catatron_ros2-main/catatron_joystick' with build type 'ament_python'
[0.304s] Level 1:colcon.colcon_core.shell:create_environment_hook('catatron_joystick', 'ament_prefix_path')
[0.304s] INFO:colcon.colcon_core.shell:Creating environment hook '/home/ajoymathew07/Documents/Envisage/Catatron_ros2/install/catatron_joystick/share/catatron_joystick/hook/ament_prefix_path.ps1'
[0.304s] INFO:colcon.colcon_core.shell:Creating environment descriptor '/home/ajoymathew07/Documents/Envisage/Catatron_ros2/install/catatron_joystick/share/catatron_joystick/hook/ament_prefix_path.dsv'
[0.305s] INFO:colcon.colcon_core.shell:Creating environment hook '/home/ajoymathew07/Documents/Envisage/Catatron_ros2/install/catatron_joystick/share/catatron_joystick/hook/ament_prefix_path.sh'
[0.305s] INFO:colcon.colcon_core.shell:Skip shell extension 'powershell' for command environment: Not usable outside of PowerShell
[0.305s] DEBUG:colcon.colcon_core.shell:Skip shell extension 'dsv' for command environment
[0.514s] INFO:colcon.colcon_core.task.python.build:Building Python package in '/home/ajoymathew07/Documents/Envisage/Catatron_ros2/src/catatron_ros2-main/catatron_controller'
[0.515s] INFO:colcon.colcon_core.shell:Skip shell extension 'powershell' for command environment: Not usable outside of PowerShell
[0.515s] DEBUG:colcon.colcon_core.shell:Skip shell extension 'dsv' for command environment
[0.521s] DEBUG:colcon.colcon_core.event_handler.log_command:Invoking command in '/home/ajoymathew07/Documents/Envisage/Catatron_ros2/build/catatron_description': CMAKE_PREFIX_PATH=${CMAKE_PREFIX_PATH}:/home/ajoymathew07/Documents/Envisage/Catatron_ros2/install/catatron_joystick:/home/ajoymathew07/Documents/Envisage/Catatron_ros2/install/catatron_controller:/home/ajoymathew07/Documents/ros2_ws/install/my_robot_controller:/opt/ros/humble /usr/bin/cmake --build /home/ajoymathew07/Documents/Envisage/Catatron_ros2/build/catatron_description -- -j16 -l16
[0.523s] DEBUG:colcon.colcon_core.event_handler.log_command:Invoking command in '/home/ajoymathew07/Documents/Envisage/Catatron_ros2/build/catatron_gazebo': CMAKE_PREFIX_PATH=${CMAKE_PREFIX_PATH}:/home/ajoymathew07/Documents/Envisage/Catatron_ros2/install/catatron_joystick:/home/ajoymathew07/Documents/Envisage/Catatron_ros2/install/catatron_controller:/home/ajoymathew07/Documents/ros2_ws/install/my_robot_controller:/opt/ros/humble /usr/bin/cmake --build /home/ajoymathew07/Documents/Envisage/Catatron_ros2/build/catatron_gazebo -- -j16 -l16
[0.735s] INFO:colcon.colcon_core.task.python.build:Building Python package in '/home/ajoymathew07/Documents/Envisage/Catatron_ros2/src/catatron_ros2-main/catatron_joystick'
[0.736s] INFO:colcon.colcon_core.shell:Skip shell extension 'powershell' for command environment: Not usable outside of PowerShell
[0.736s] DEBUG:colcon.colcon_core.shell:Skip shell extension 'dsv' for command environment
[0.743s] Level 1:colcon.colcon_core.environment:create_environment_scripts_only(catatron_description)
[0.743s] DEBUG:colcon.colcon_core.event_handler.log_command:Invoked command in '/home/ajoymathew07/Documents/Envisage/Catatron_ros2/build/catatron_description' returned '2': CMAKE_PREFIX_PATH=${CMAKE_PREFIX_PATH}:/home/ajoymathew07/Documents/Envisage/Catatron_ros2/install/catatron_joystick:/home/ajoymathew07/Documents/Envisage/Catatron_ros2/install/catatron_controller:/home/ajoymathew07/Documents/ros2_ws/install/my_robot_controller:/opt/ros/humble /usr/bin/cmake --build /home/ajoymathew07/Documents/Envisage/Catatron_ros2/build/catatron_description -- -j16 -l16
[0.744s] Level 1:colcon.colcon_core.environment:checking '/home/ajoymathew07/Documents/Envisage/Catatron_ros2/install/catatron_description' for CMake module files
[0.745s] Level 1:colcon.colcon_core.environment:checking '/home/ajoymathew07/Documents/Envisage/Catatron_ros2/install/catatron_description' for CMake config files
[0.745s] Level 1:colcon.colcon_core.shell:create_environment_hook('catatron_description', 'cmake_prefix_path')
[0.745s] INFO:colcon.colcon_core.shell:Creating environment hook '/home/ajoymathew07/Documents/Envisage/Catatron_ros2/install/catatron_description/share/catatron_description/hook/cmake_prefix_path.ps1'
[0.745s] INFO:colcon.colcon_core.shell:Creating environment descriptor '/home/ajoymathew07/Documents/Envisage/Catatron_ros2/install/catatron_description/share/catatron_description/hook/cmake_prefix_path.dsv'
[0.746s] INFO:colcon.colcon_core.shell:Creating environment hook '/home/ajoymathew07/Documents/Envisage/Catatron_ros2/install/catatron_description/share/catatron_description/hook/cmake_prefix_path.sh'
[0.746s] Level 1:colcon.colcon_core.environment:checking '/home/ajoymathew07/Documents/Envisage/Catatron_ros2/install/catatron_description/bin'
[0.746s] Level 1:colcon.colcon_core.environment:checking '/home/ajoymathew07/Documents/Envisage/Catatron_ros2/install/catatron_description/lib/pkgconfig/catatron_description.pc'
[0.746s] Level 1:colcon.colcon_core.environment:checking '/home/ajoymathew07/Documents/Envisage/Catatron_ros2/install/catatron_description/lib/python3.10/site-packages'
[0.746s] Level 1:colcon.colcon_core.environment:checking '/home/ajoymathew07/Documents/Envisage/Catatron_ros2/install/catatron_description/bin'
[0.747s] INFO:colcon.colcon_core.shell:Creating package script '/home/ajoymathew07/Documents/Envisage/Catatron_ros2/install/catatron_description/share/catatron_description/package.ps1'
[0.747s] INFO:colcon.colcon_core.shell:Creating package descriptor '/home/ajoymathew07/Documents/Envisage/Catatron_ros2/install/catatron_description/share/catatron_description/package.dsv'
[0.748s] INFO:colcon.colcon_core.shell:Creating package script '/home/ajoymathew07/Documents/Envisage/Catatron_ros2/install/catatron_description/share/catatron_description/package.sh'
[0.748s] INFO:colcon.colcon_core.shell:Creating package script '/home/ajoymathew07/Documents/Envisage/Catatron_ros2/install/catatron_description/share/catatron_description/package.bash'
[0.749s] INFO:colcon.colcon_core.shell:Creating package script '/home/ajoymathew07/Documents/Envisage/Catatron_ros2/install/catatron_description/share/catatron_description/package.zsh'
[0.749s] Level 1:colcon.colcon_core.environment:create_file_with_runtime_dependencies(/home/ajoymathew07/Documents/Envisage/Catatron_ros2/install/catatron_description/share/colcon-core/packages/catatron_description)
[0.750s] Level 1:colcon.colcon_core.environment:create_environment_scripts_only(catatron_gazebo)
[0.750s] Level 1:colcon.colcon_core.environment:checking '/home/ajoymathew07/Documents/Envisage/Catatron_ros2/install/catatron_gazebo' for CMake module files
[0.751s] Level 1:colcon.colcon_core.environment:checking '/home/ajoymathew07/Documents/Envisage/Catatron_ros2/install/catatron_gazebo' for CMake config files
[0.751s] DEBUG:colcon.colcon_core.event_handler.log_command:Invoked command in '/home/ajoymathew07/Documents/Envisage/Catatron_ros2/build/catatron_gazebo' returned '2': CMAKE_PREFIX_PATH=${CMAKE_PREFIX_PATH}:/home/ajoymathew07/Documents/Envisage/Catatron_ros2/install/catatron_joystick:/home/ajoymathew07/Documents/Envisage/Catatron_ros2/install/catatron_controller:/home/ajoymathew07/Documents/ros2_ws/install/my_robot_controller:/opt/ros/humble /usr/bin/cmake --build /home/ajoymathew07/Documents/Envisage/Catatron_ros2/build/catatron_gazebo -- -j16 -l16
[0.751s] Level 1:colcon.colcon_core.shell:create_environment_hook('catatron_gazebo', 'cmake_prefix_path')
[0.752s] INFO:colcon.colcon_core.shell:Creating environment hook '/home/ajoymathew07/Documents/Envisage/Catatron_ros2/install/catatron_gazebo/share/catatron_gazebo/hook/cmake_prefix_path.ps1'
[0.752s] INFO:colcon.colcon_core.shell:Creating environment descriptor '/home/ajoymathew07/Documents/Envisage/Catatron_ros2/install/catatron_gazebo/share/catatron_gazebo/hook/cmake_prefix_path.dsv'
[0.752s] INFO:colcon.colcon_core.shell:Creating environment hook '/home/ajoymathew07/Documents/Envisage/Catatron_ros2/install/catatron_gazebo/share/catatron_gazebo/hook/cmake_prefix_path.sh'
[0.753s] Level 1:colcon.colcon_core.environment:checking '/home/ajoymathew07/Documents/Envisage/Catatron_ros2/install/catatron_gazebo/bin'
[0.753s] Level 1:colcon.colcon_core.environment:checking '/home/ajoymathew07/Documents/Envisage/Catatron_ros2/install/catatron_gazebo/lib/pkgconfig/catatron_gazebo.pc'
[0.753s] Level 1:colcon.colcon_core.environment:checking '/home/ajoymathew07/Documents/Envisage/Catatron_ros2/install/catatron_gazebo/lib/python3.10/site-packages'
[0.753s] Level 1:colcon.colcon_core.environment:checking '/home/ajoymathew07/Documents/Envisage/Catatron_ros2/install/catatron_gazebo/bin'
[0.753s] INFO:colcon.colcon_core.shell:Creating package script '/home/ajoymathew07/Documents/Envisage/Catatron_ros2/install/catatron_gazebo/share/catatron_gazebo/package.ps1'
[0.753s] INFO:colcon.colcon_core.shell:Creating package descriptor '/home/ajoymathew07/Documents/Envisage/Catatron_ros2/install/catatron_gazebo/share/catatron_gazebo/package.dsv'
[0.754s] INFO:colcon.colcon_core.shell:Creating package script '/home/ajoymathew07/Documents/Envisage/Catatron_ros2/install/catatron_gazebo/share/catatron_gazebo/package.sh'
[0.754s] INFO:colcon.colcon_core.shell:Creating package script '/home/ajoymathew07/Documents/Envisage/Catatron_ros2/install/catatron_gazebo/share/catatron_gazebo/package.bash'
[0.754s] INFO:colcon.colcon_core.shell:Creating package script '/home/ajoymathew07/Documents/Envisage/Catatron_ros2/install/catatron_gazebo/share/catatron_gazebo/package.zsh'
[0.755s] Level 1:colcon.colcon_core.environment:create_file_with_runtime_dependencies(/home/ajoymathew07/Documents/Envisage/Catatron_ros2/install/catatron_gazebo/share/colcon-core/packages/catatron_gazebo)
[1.081s] DEBUG:colcon.colcon_parallel_executor.executor.parallel:closing loop
[1.081s] DEBUG:colcon.colcon_parallel_executor.executor.parallel:loop closed
[1.081s] DEBUG:colcon.colcon_parallel_executor.executor.parallel:run_until_complete finished with '2'
[1.082s] DEBUG:colcon.colcon_core.event_reactor:joining thread
[1.086s] INFO:colcon.colcon_core.plugin_system:Skipping extension 'colcon_notification.desktop_notification.terminal_notifier': Not used on non-Darwin systems
[1.086s] INFO:colcon.colcon_core.plugin_system:Skipping extension 'colcon_notification.desktop_notification.win32': Not used on non-Windows systems
[1.086s] INFO:colcon.colcon_notification.desktop_notification:Sending desktop notification using 'notify2'
[1.097s] DEBUG:colcon.colcon_core.event_reactor:joined thread
[1.097s] INFO:colcon.colcon_core.shell:Creating prefix script '/home/ajoymathew07/Documents/Envisage/Catatron_ros2/install/local_setup.ps1'
[1.099s] INFO:colcon.colcon_core.shell:Creating prefix util module '/home/ajoymathew07/Documents/Envisage/Catatron_ros2/install/_local_setup_util_ps1.py'
[1.100s] INFO:colcon.colcon_core.shell:Creating prefix chain script '/home/ajoymathew07/Documents/Envisage/Catatron_ros2/install/setup.ps1'
[1.101s] INFO:colcon.colcon_core.shell:Creating prefix script '/home/ajoymathew07/Documents/Envisage/Catatron_ros2/install/local_setup.sh'
[1.101s] INFO:colcon.colcon_core.shell:Creating prefix util module '/home/ajoymathew07/Documents/Envisage/Catatron_ros2/install/_local_setup_util_sh.py'
[1.101s] INFO:colcon.colcon_core.shell:Creating prefix chain script '/home/ajoymathew07/Documents/Envisage/Catatron_ros2/install/setup.sh'
[1.102s] INFO:colcon.colcon_core.shell:Creating prefix script '/home/ajoymathew07/Documents/Envisage/Catatron_ros2/install/local_setup.bash'
[1.103s] INFO:colcon.colcon_core.shell:Creating prefix chain script '/home/ajoymathew07/Documents/Envisage/Catatron_ros2/install/setup.bash'
[1.104s] INFO:colcon.colcon_core.shell:Creating prefix script '/home/ajoymathew07/Documents/Envisage/Catatron_ros2/install/local_setup.zsh'
[1.104s] INFO:colcon.colcon_core.shell:Creating prefix chain script '/home/ajoymathew07/Documents/Envisage/Catatron_ros2/install/setup.zsh'
