[0.076s] DEBUG:colcon:Command line arguments: ['/usr/bin/colcon', 'build']
[0.076s] DEBUG:colcon:Parsed command line arguments: Namespace(log_base=None, log_level=None, verb_name='build', build_base='build', install_base='install', merge_install=False, symlink_install=False, test_result_base=None, continue_on_error=False, executor='parallel', parallel_workers=16, event_handlers=None, ignore_user_meta=False, metas=['./colcon.meta'], base_paths=['.'], packages_ignore=None, packages_ignore_regex=None, paths=None, packages_up_to=None, packages_up_to_regex=None, packages_above=None, packages_above_and_dependencies=None, packages_above_depth=None, packages_select_by_dep=None, packages_skip_by_dep=None, packages_skip_up_to=None, packages_select_build_failed=False, packages_skip_build_finished=False, packages_select_test_failures=False, packages_skip_test_passed=False, packages_select=None, packages_skip=None, packages_select_regex=None, packages_skip_regex=None, packages_start=None, packages_end=None, allow_overriding=[], cmake_args=None, cmake_target=None, cmake_target_skip_unavailable=False, cmake_clean_cache=False, cmake_clean_first=False, cmake_force_configure=False, ament_cmake_args=None, catkin_cmake_args=None, catkin_skip_building_tests=False, mixin_files=None, mixin=None, verb_parser=<colcon_mixin.mixin.mixin_argument.MixinArgumentDecorator object at 0x78fd6c02fd00>, verb_extension=<colcon_core.verb.build.BuildVerb object at 0x78fd6c02f7c0>, main=<bound method BuildVerb.main of <colcon_core.verb.build.BuildVerb object at 0x78fd6c02f7c0>>, mixin_verb=('build',))
[0.104s] Level 1:colcon.colcon_core.package_discovery:discover_packages(colcon_meta) check parameters
[0.104s] Level 1:colcon.colcon_core.package_discovery:discover_packages(recursive) check parameters
[0.104s] Level 1:colcon.colcon_core.package_discovery:discover_packages(ignore) check parameters
[0.104s] Level 1:colcon.colcon_core.package_discovery:discover_packages(path) check parameters
[0.104s] Level 1:colcon.colcon_core.package_discovery:discover_packages(colcon_meta) discover
[0.104s] Level 1:colcon.colcon_core.package_discovery:discover_packages(recursive) discover
[0.104s] INFO:colcon.colcon_core.package_discovery:Crawling recursively for packages in '/home/ajoymathew07/Documents/Catatron_ros2'
[0.104s] Level 1:colcon.colcon_core.package_identification:_identify(.) by extensions ['ignore', 'ignore_ament_install']
[0.104s] Level 1:colcon.colcon_core.package_identification:_identify(.) by extension 'ignore'
[0.104s] Level 1:colcon.colcon_core.package_identification:_identify(.) by extension 'ignore_ament_install'
[0.104s] Level 1:colcon.colcon_core.package_identification:_identify(.) by extensions ['colcon_pkg']
[0.104s] Level 1:colcon.colcon_core.package_identification:_identify(.) by extension 'colcon_pkg'
[0.104s] Level 1:colcon.colcon_core.package_identification:_identify(.) by extensions ['colcon_meta']
[0.104s] Level 1:colcon.colcon_core.package_identification:_identify(.) by extension 'colcon_meta'
[0.105s] Level 1:colcon.colcon_core.package_identification:_identify(.) by extensions ['ros']
[0.105s] Level 1:colcon.colcon_core.package_identification:_identify(.) by extension 'ros'
[0.115s] Level 1:colcon.colcon_core.package_identification:_identify(.) by extensions ['cmake', 'python']
[0.115s] Level 1:colcon.colcon_core.package_identification:_identify(.) by extension 'cmake'
[0.116s] Level 1:colcon.colcon_core.package_identification:_identify(.) by extension 'python'
[0.116s] Level 1:colcon.colcon_core.package_identification:_identify(.) by extensions ['python_setup_py']
[0.116s] Level 1:colcon.colcon_core.package_identification:_identify(.) by extension 'python_setup_py'
[0.116s] Level 1:colcon.colcon_core.package_identification:_identify(build) by extensions ['ignore', 'ignore_ament_install']
[0.116s] Level 1:colcon.colcon_core.package_identification:_identify(build) by extension 'ignore'
[0.116s] Level 1:colcon.colcon_core.package_identification:_identify(build) ignored
[0.116s] Level 1:colcon.colcon_core.package_identification:_identify(install) by extensions ['ignore', 'ignore_ament_install']
[0.116s] Level 1:colcon.colcon_core.package_identification:_identify(install) by extension 'ignore'
[0.116s] Level 1:colcon.colcon_core.package_identification:_identify(install) ignored
[0.116s] Level 1:colcon.colcon_core.package_identification:_identify(log) by extensions ['ignore', 'ignore_ament_install']
[0.116s] Level 1:colcon.colcon_core.package_identification:_identify(log) by extension 'ignore'
[0.116s] Level 1:colcon.colcon_core.package_identification:_identify(log) ignored
[0.116s] Level 1:colcon.colcon_core.package_identification:_identify(src) by extensions ['ignore', 'ignore_ament_install']
[0.116s] Level 1:colcon.colcon_core.package_identification:_identify(src) by extension 'ignore'
[0.116s] Level 1:colcon.colcon_core.package_identification:_identify(src) by extension 'ignore_ament_install'
[0.116s] Level 1:colcon.colcon_core.package_identification:_identify(src) by extensions ['colcon_pkg']
[0.116s] Level 1:colcon.colcon_core.package_identification:_identify(src) by extension 'colcon_pkg'
[0.116s] Level 1:colcon.colcon_core.package_identification:_identify(src) by extensions ['colcon_meta']
[0.116s] Level 1:colcon.colcon_core.package_identification:_identify(src) by extension 'colcon_meta'
[0.116s] Level 1:colcon.colcon_core.package_identification:_identify(src) by extensions ['ros']
[0.116s] Level 1:colcon.colcon_core.package_identification:_identify(src) by extension 'ros'
[0.116s] Level 1:colcon.colcon_core.package_identification:_identify(src) by extensions ['cmake', 'python']
[0.117s] Level 1:colcon.colcon_core.package_identification:_identify(src) by extension 'cmake'
[0.117s] Level 1:colcon.colcon_core.package_identification:_identify(src) by extension 'python'
[0.117s] Level 1:colcon.colcon_core.package_identification:_identify(src) by extensions ['python_setup_py']
[0.117s] Level 1:colcon.colcon_core.package_identification:_identify(src) by extension 'python_setup_py'
[0.117s] Level 1:colcon.colcon_core.package_identification:_identify(src/catatron_ros2-main) by extensions ['ignore', 'ignore_ament_install']
[0.117s] Level 1:colcon.colcon_core.package_identification:_identify(src/catatron_ros2-main) by extension 'ignore'
[0.117s] Level 1:colcon.colcon_core.package_identification:_identify(src/catatron_ros2-main) by extension 'ignore_ament_install'
[0.117s] Level 1:colcon.colcon_core.package_identification:_identify(src/catatron_ros2-main) by extensions ['colcon_pkg']
[0.117s] Level 1:colcon.colcon_core.package_identification:_identify(src/catatron_ros2-main) by extension 'colcon_pkg'
[0.117s] Level 1:colcon.colcon_core.package_identification:_identify(src/catatron_ros2-main) by extensions ['colcon_meta']
[0.117s] Level 1:colcon.colcon_core.package_identification:_identify(src/catatron_ros2-main) by extension 'colcon_meta'
[0.117s] Level 1:colcon.colcon_core.package_identification:_identify(src/catatron_ros2-main) by extensions ['ros']
[0.117s] Level 1:colcon.colcon_core.package_identification:_identify(src/catatron_ros2-main) by extension 'ros'
[0.117s] Level 1:colcon.colcon_core.package_identification:_identify(src/catatron_ros2-main) by extensions ['cmake', 'python']
[0.117s] Level 1:colcon.colcon_core.package_identification:_identify(src/catatron_ros2-main) by extension 'cmake'
[0.117s] Level 1:colcon.colcon_core.package_identification:_identify(src/catatron_ros2-main) by extension 'python'
[0.117s] Level 1:colcon.colcon_core.package_identification:_identify(src/catatron_ros2-main) by extensions ['python_setup_py']
[0.117s] Level 1:colcon.colcon_core.package_identification:_identify(src/catatron_ros2-main) by extension 'python_setup_py'
[0.117s] Level 1:colcon.colcon_core.package_identification:_identify(src/catatron_ros2-main/catatron_controller) by extensions ['ignore', 'ignore_ament_install']
[0.117s] Level 1:colcon.colcon_core.package_identification:_identify(src/catatron_ros2-main/catatron_controller) by extension 'ignore'
[0.117s] Level 1:colcon.colcon_core.package_identification:_identify(src/catatron_ros2-main/catatron_controller) by extension 'ignore_ament_install'
[0.117s] Level 1:colcon.colcon_core.package_identification:_identify(src/catatron_ros2-main/catatron_controller) by extensions ['colcon_pkg']
[0.117s] Level 1:colcon.colcon_core.package_identification:_identify(src/catatron_ros2-main/catatron_controller) by extension 'colcon_pkg'
[0.117s] Level 1:colcon.colcon_core.package_identification:_identify(src/catatron_ros2-main/catatron_controller) by extensions ['colcon_meta']
[0.117s] Level 1:colcon.colcon_core.package_identification:_identify(src/catatron_ros2-main/catatron_controller) by extension 'colcon_meta'
[0.117s] Level 1:colcon.colcon_core.package_identification:_identify(src/catatron_ros2-main/catatron_controller) by extensions ['ros']
[0.117s] Level 1:colcon.colcon_core.package_identification:_identify(src/catatron_ros2-main/catatron_controller) by extension 'ros'
[0.119s] DEBUG:colcon.colcon_core.package_identification:Package 'src/catatron_ros2-main/catatron_controller' with type 'ros.ament_python' and name 'catatron_controller'
[0.119s] Level 1:colcon.colcon_core.package_identification:_identify(src/catatron_ros2-main/catatron_description) by extensions ['ignore', 'ignore_ament_install']
[0.119s] Level 1:colcon.colcon_core.package_identification:_identify(src/catatron_ros2-main/catatron_description) by extension 'ignore'
[0.120s] Level 1:colcon.colcon_core.package_identification:_identify(src/catatron_ros2-main/catatron_description) by extension 'ignore_ament_install'
[0.120s] Level 1:colcon.colcon_core.package_identification:_identify(src/catatron_ros2-main/catatron_description) by extensions ['colcon_pkg']
[0.120s] Level 1:colcon.colcon_core.package_identification:_identify(src/catatron_ros2-main/catatron_description) by extension 'colcon_pkg'
[0.120s] Level 1:colcon.colcon_core.package_identification:_identify(src/catatron_ros2-main/catatron_description) by extensions ['colcon_meta']
[0.120s] Level 1:colcon.colcon_core.package_identification:_identify(src/catatron_ros2-main/catatron_description) by extension 'colcon_meta'
[0.120s] Level 1:colcon.colcon_core.package_identification:_identify(src/catatron_ros2-main/catatron_description) by extensions ['ros']
[0.120s] Level 1:colcon.colcon_core.package_identification:_identify(src/catatron_ros2-main/catatron_description) by extension 'ros'
[0.120s] DEBUG:colcon.colcon_core.package_identification:Package 'src/catatron_ros2-main/catatron_description' with type 'ros.ament_cmake' and name 'catatron_description'
[0.120s] Level 1:colcon.colcon_core.package_identification:_identify(src/catatron_ros2-main/catatron_gazebo) by extensions ['ignore', 'ignore_ament_install']
[0.120s] Level 1:colcon.colcon_core.package_identification:_identify(src/catatron_ros2-main/catatron_gazebo) by extension 'ignore'
[0.120s] Level 1:colcon.colcon_core.package_identification:_identify(src/catatron_ros2-main/catatron_gazebo) by extension 'ignore_ament_install'
[0.120s] Level 1:colcon.colcon_core.package_identification:_identify(src/catatron_ros2-main/catatron_gazebo) by extensions ['colcon_pkg']
[0.120s] Level 1:colcon.colcon_core.package_identification:_identify(src/catatron_ros2-main/catatron_gazebo) by extension 'colcon_pkg'
[0.120s] Level 1:colcon.colcon_core.package_identification:_identify(src/catatron_ros2-main/catatron_gazebo) by extensions ['colcon_meta']
[0.120s] Level 1:colcon.colcon_core.package_identification:_identify(src/catatron_ros2-main/catatron_gazebo) by extension 'colcon_meta'
[0.120s] Level 1:colcon.colcon_core.package_identification:_identify(src/catatron_ros2-main/catatron_gazebo) by extensions ['ros']
[0.120s] Level 1:colcon.colcon_core.package_identification:_identify(src/catatron_ros2-main/catatron_gazebo) by extension 'ros'
[0.121s] DEBUG:colcon.colcon_core.package_identification:Package 'src/catatron_ros2-main/catatron_gazebo' with type 'ros.ament_cmake' and name 'catatron_gazebo'
[0.121s] Level 1:colcon.colcon_core.package_identification:_identify(src/catatron_ros2-main/catatron_joystick) by extensions ['ignore', 'ignore_ament_install']
[0.121s] Level 1:colcon.colcon_core.package_identification:_identify(src/catatron_ros2-main/catatron_joystick) by extension 'ignore'
[0.121s] Level 1:colcon.colcon_core.package_identification:_identify(src/catatron_ros2-main/catatron_joystick) by extension 'ignore_ament_install'
[0.121s] Level 1:colcon.colcon_core.package_identification:_identify(src/catatron_ros2-main/catatron_joystick) by extensions ['colcon_pkg']
[0.121s] Level 1:colcon.colcon_core.package_identification:_identify(src/catatron_ros2-main/catatron_joystick) by extension 'colcon_pkg'
[0.121s] Level 1:colcon.colcon_core.package_identification:_identify(src/catatron_ros2-main/catatron_joystick) by extensions ['colcon_meta']
[0.121s] Level 1:colcon.colcon_core.package_identification:_identify(src/catatron_ros2-main/catatron_joystick) by extension 'colcon_meta'
[0.121s] Level 1:colcon.colcon_core.package_identification:_identify(src/catatron_ros2-main/catatron_joystick) by extensions ['ros']
[0.121s] Level 1:colcon.colcon_core.package_identification:_identify(src/catatron_ros2-main/catatron_joystick) by extension 'ros'
[0.122s] DEBUG:colcon.colcon_core.package_identification:Package 'src/catatron_ros2-main/catatron_joystick' with type 'ros.ament_python' and name 'catatron_joystick'
[0.122s] Level 1:colcon.colcon_core.package_discovery:discover_packages(recursive) using defaults
[0.122s] Level 1:colcon.colcon_core.package_discovery:discover_packages(ignore) discover
[0.122s] Level 1:colcon.colcon_core.package_discovery:discover_packages(ignore) using defaults
[0.122s] Level 1:colcon.colcon_core.package_discovery:discover_packages(path) discover
[0.122s] Level 1:colcon.colcon_core.package_discovery:discover_packages(path) using defaults
[0.137s] Level 1:colcon.colcon_core.package_discovery:discover_packages(prefix_path) check parameters
[0.137s] Level 1:colcon.colcon_core.package_discovery:discover_packages(prefix_path) discover
[0.137s] WARNING:colcon.colcon_ros.prefix_path.ament:The path '/home/ajoymathew07/Documents/Catatron_ros2/install/catatron_joystick' in the environment variable AMENT_PREFIX_PATH doesn't exist
[0.137s] WARNING:colcon.colcon_ros.prefix_path.ament:The path '/home/ajoymathew07/Documents/Catatron_ros2/install/catatron_gazebo' in the environment variable AMENT_PREFIX_PATH doesn't exist
[0.137s] WARNING:colcon.colcon_ros.prefix_path.ament:The path '/home/ajoymathew07/Documents/Catatron_ros2/install/catatron_description' in the environment variable AMENT_PREFIX_PATH doesn't exist
[0.137s] WARNING:colcon.colcon_ros.prefix_path.ament:The path '/home/ajoymathew07/Documents/Catatron_ros2/install/catatron_controller' in the environment variable AMENT_PREFIX_PATH doesn't exist
[0.138s] WARNING:colcon.colcon_ros.prefix_path.catkin:The path '/home/ajoymathew07/Documents/Catatron_ros2/install/catatron_gazebo' in the environment variable CMAKE_PREFIX_PATH doesn't exist
[0.138s] WARNING:colcon.colcon_ros.prefix_path.catkin:The path '/home/ajoymathew07/Documents/Catatron_ros2/install/catatron_description' in the environment variable CMAKE_PREFIX_PATH doesn't exist
[0.138s] DEBUG:colcon.colcon_installed_package_information.package_discovery:Found 0 installed packages in /home/ajoymathew07/Documents/Catatron_ros2/install
[0.139s] DEBUG:colcon.colcon_installed_package_information.package_discovery:Found 326 installed packages in /opt/ros/humble
[0.140s] Level 1:colcon.colcon_core.package_discovery:discover_packages(prefix_path) using defaults
[0.169s] Level 5:colcon.colcon_core.verb:set package 'catatron_controller' build argument 'cmake_args' from command line to 'None'
[0.169s] Level 5:colcon.colcon_core.verb:set package 'catatron_controller' build argument 'cmake_target' from command line to 'None'
[0.169s] Level 5:colcon.colcon_core.verb:set package 'catatron_controller' build argument 'cmake_target_skip_unavailable' from command line to 'False'
[0.169s] Level 5:colcon.colcon_core.verb:set package 'catatron_controller' build argument 'cmake_clean_cache' from command line to 'False'
[0.169s] Level 5:colcon.colcon_core.verb:set package 'catatron_controller' build argument 'cmake_clean_first' from command line to 'False'
[0.169s] Level 5:colcon.colcon_core.verb:set package 'catatron_controller' build argument 'cmake_force_configure' from command line to 'False'
[0.169s] Level 5:colcon.colcon_core.verb:set package 'catatron_controller' build argument 'ament_cmake_args' from command line to 'None'
[0.169s] Level 5:colcon.colcon_core.verb:set package 'catatron_controller' build argument 'catkin_cmake_args' from command line to 'None'
[0.169s] Level 5:colcon.colcon_core.verb:set package 'catatron_controller' build argument 'catkin_skip_building_tests' from command line to 'False'
[0.169s] DEBUG:colcon.colcon_core.verb:Building package 'catatron_controller' with the following arguments: {'ament_cmake_args': None, 'build_base': '/home/ajoymathew07/Documents/Catatron_ros2/build/catatron_controller', 'catkin_cmake_args': None, 'catkin_skip_building_tests': False, 'cmake_args': None, 'cmake_clean_cache': False, 'cmake_clean_first': False, 'cmake_force_configure': False, 'cmake_target': None, 'cmake_target_skip_unavailable': False, 'install_base': '/home/ajoymathew07/Documents/Catatron_ros2/install/catatron_controller', 'merge_install': False, 'path': '/home/ajoymathew07/Documents/Catatron_ros2/src/catatron_ros2-main/catatron_controller', 'symlink_install': False, 'test_result_base': None}
[0.169s] Level 5:colcon.colcon_core.verb:set package 'catatron_description' build argument 'cmake_args' from command line to 'None'
[0.169s] Level 5:colcon.colcon_core.verb:set package 'catatron_description' build argument 'cmake_target' from command line to 'None'
[0.169s] Level 5:colcon.colcon_core.verb:set package 'catatron_description' build argument 'cmake_target_skip_unavailable' from command line to 'False'
[0.169s] Level 5:colcon.colcon_core.verb:set package 'catatron_description' build argument 'cmake_clean_cache' from command line to 'False'
[0.170s] Level 5:colcon.colcon_core.verb:set package 'catatron_description' build argument 'cmake_clean_first' from command line to 'False'
[0.170s] Level 5:colcon.colcon_core.verb:set package 'catatron_description' build argument 'cmake_force_configure' from command line to 'False'
[0.170s] Level 5:colcon.colcon_core.verb:set package 'catatron_description' build argument 'ament_cmake_args' from command line to 'None'
[0.170s] Level 5:colcon.colcon_core.verb:set package 'catatron_description' build argument 'catkin_cmake_args' from command line to 'None'
[0.170s] Level 5:colcon.colcon_core.verb:set package 'catatron_description' build argument 'catkin_skip_building_tests' from command line to 'False'
[0.170s] DEBUG:colcon.colcon_core.verb:Building package 'catatron_description' with the following arguments: {'ament_cmake_args': None, 'build_base': '/home/ajoymathew07/Documents/Catatron_ros2/build/catatron_description', 'catkin_cmake_args': None, 'catkin_skip_building_tests': False, 'cmake_args': None, 'cmake_clean_cache': False, 'cmake_clean_first': False, 'cmake_force_configure': False, 'cmake_target': None, 'cmake_target_skip_unavailable': False, 'install_base': '/home/ajoymathew07/Documents/Catatron_ros2/install/catatron_description', 'merge_install': False, 'path': '/home/ajoymathew07/Documents/Catatron_ros2/src/catatron_ros2-main/catatron_description', 'symlink_install': False, 'test_result_base': None}
[0.170s] Level 5:colcon.colcon_core.verb:set package 'catatron_gazebo' build argument 'cmake_args' from command line to 'None'
[0.170s] Level 5:colcon.colcon_core.verb:set package 'catatron_gazebo' build argument 'cmake_target' from command line to 'None'
[0.170s] Level 5:colcon.colcon_core.verb:set package 'catatron_gazebo' build argument 'cmake_target_skip_unavailable' from command line to 'False'
[0.170s] Level 5:colcon.colcon_core.verb:set package 'catatron_gazebo' build argument 'cmake_clean_cache' from command line to 'False'
[0.170s] Level 5:colcon.colcon_core.verb:set package 'catatron_gazebo' build argument 'cmake_clean_first' from command line to 'False'
[0.170s] Level 5:colcon.colcon_core.verb:set package 'catatron_gazebo' build argument 'cmake_force_configure' from command line to 'False'
[0.170s] Level 5:colcon.colcon_core.verb:set package 'catatron_gazebo' build argument 'ament_cmake_args' from command line to 'None'
[0.170s] Level 5:colcon.colcon_core.verb:set package 'catatron_gazebo' build argument 'catkin_cmake_args' from command line to 'None'
[0.170s] Level 5:colcon.colcon_core.verb:set package 'catatron_gazebo' build argument 'catkin_skip_building_tests' from command line to 'False'
[0.170s] DEBUG:colcon.colcon_core.verb:Building package 'catatron_gazebo' with the following arguments: {'ament_cmake_args': None, 'build_base': '/home/ajoymathew07/Documents/Catatron_ros2/build/catatron_gazebo', 'catkin_cmake_args': None, 'catkin_skip_building_tests': False, 'cmake_args': None, 'cmake_clean_cache': False, 'cmake_clean_first': False, 'cmake_force_configure': False, 'cmake_target': None, 'cmake_target_skip_unavailable': False, 'install_base': '/home/ajoymathew07/Documents/Catatron_ros2/install/catatron_gazebo', 'merge_install': False, 'path': '/home/ajoymathew07/Documents/Catatron_ros2/src/catatron_ros2-main/catatron_gazebo', 'symlink_install': False, 'test_result_base': None}
[0.170s] Level 5:colcon.colcon_core.verb:set package 'catatron_joystick' build argument 'cmake_args' from command line to 'None'
[0.170s] Level 5:colcon.colcon_core.verb:set package 'catatron_joystick' build argument 'cmake_target' from command line to 'None'
[0.170s] Level 5:colcon.colcon_core.verb:set package 'catatron_joystick' build argument 'cmake_target_skip_unavailable' from command line to 'False'
[0.170s] Level 5:colcon.colcon_core.verb:set package 'catatron_joystick' build argument 'cmake_clean_cache' from command line to 'False'
[0.170s] Level 5:colcon.colcon_core.verb:set package 'catatron_joystick' build argument 'cmake_clean_first' from command line to 'False'
[0.170s] Level 5:colcon.colcon_core.verb:set package 'catatron_joystick' build argument 'cmake_force_configure' from command line to 'False'
[0.170s] Level 5:colcon.colcon_core.verb:set package 'catatron_joystick' build argument 'ament_cmake_args' from command line to 'None'
[0.170s] Level 5:colcon.colcon_core.verb:set package 'catatron_joystick' build argument 'catkin_cmake_args' from command line to 'None'
[0.170s] Level 5:colcon.colcon_core.verb:set package 'catatron_joystick' build argument 'catkin_skip_building_tests' from command line to 'False'
[0.170s] DEBUG:colcon.colcon_core.verb:Building package 'catatron_joystick' with the following arguments: {'ament_cmake_args': None, 'build_base': '/home/ajoymathew07/Documents/Catatron_ros2/build/catatron_joystick', 'catkin_cmake_args': None, 'catkin_skip_building_tests': False, 'cmake_args': None, 'cmake_clean_cache': False, 'cmake_clean_first': False, 'cmake_force_configure': False, 'cmake_target': None, 'cmake_target_skip_unavailable': False, 'install_base': '/home/ajoymathew07/Documents/Catatron_ros2/install/catatron_joystick', 'merge_install': False, 'path': '/home/ajoymathew07/Documents/Catatron_ros2/src/catatron_ros2-main/catatron_joystick', 'symlink_install': False, 'test_result_base': None}
[0.170s] INFO:colcon.colcon_core.executor:Executing jobs using 'parallel' executor
[0.171s] DEBUG:colcon.colcon_parallel_executor.executor.parallel:run_until_complete
[0.171s] INFO:colcon.colcon_ros.task.ament_python.build:Building ROS package in '/home/ajoymathew07/Documents/Catatron_ros2/src/catatron_ros2-main/catatron_controller' with build type 'ament_python'
[0.172s] Level 1:colcon.colcon_core.shell:create_environment_hook('catatron_controller', 'ament_prefix_path')
[0.173s] INFO:colcon.colcon_core.plugin_system:Skipping extension 'colcon_core.shell.bat': Not used on non-Windows systems
[0.173s] INFO:colcon.colcon_core.shell:Creating environment hook '/home/ajoymathew07/Documents/Catatron_ros2/install/catatron_controller/share/catatron_controller/hook/ament_prefix_path.ps1'
[0.174s] INFO:colcon.colcon_core.shell:Creating environment descriptor '/home/ajoymathew07/Documents/Catatron_ros2/install/catatron_controller/share/catatron_controller/hook/ament_prefix_path.dsv'
[0.174s] INFO:colcon.colcon_core.shell:Creating environment hook '/home/ajoymathew07/Documents/Catatron_ros2/install/catatron_controller/share/catatron_controller/hook/ament_prefix_path.sh'
[0.175s] INFO:colcon.colcon_core.shell:Skip shell extension 'powershell' for command environment: Not usable outside of PowerShell
[0.175s] DEBUG:colcon.colcon_core.shell:Skip shell extension 'dsv' for command environment
[0.177s] INFO:colcon.colcon_ros.task.ament_cmake.build:Building ROS package in '/home/ajoymathew07/Documents/Catatron_ros2/src/catatron_ros2-main/catatron_description' with build type 'ament_cmake'
[0.177s] INFO:colcon.colcon_cmake.task.cmake.build:Building CMake package in '/home/ajoymathew07/Documents/Catatron_ros2/src/catatron_ros2-main/catatron_description'
[0.178s] INFO:colcon.colcon_core.shell:Skip shell extension 'powershell' for command environment: Not usable outside of PowerShell
[0.178s] DEBUG:colcon.colcon_core.shell:Skip shell extension 'dsv' for command environment
[0.180s] INFO:colcon.colcon_ros.task.ament_cmake.build:Building ROS package in '/home/ajoymathew07/Documents/Catatron_ros2/src/catatron_ros2-main/catatron_gazebo' with build type 'ament_cmake'
[0.180s] INFO:colcon.colcon_cmake.task.cmake.build:Building CMake package in '/home/ajoymathew07/Documents/Catatron_ros2/src/catatron_ros2-main/catatron_gazebo'
[0.180s] INFO:colcon.colcon_core.shell:Skip shell extension 'powershell' for command environment: Not usable outside of PowerShell
[0.180s] DEBUG:colcon.colcon_core.shell:Skip shell extension 'dsv' for command environment
[0.183s] INFO:colcon.colcon_ros.task.ament_python.build:Building ROS package in '/home/ajoymathew07/Documents/Catatron_ros2/src/catatron_ros2-main/catatron_joystick' with build type 'ament_python'
[0.183s] Level 1:colcon.colcon_core.shell:create_environment_hook('catatron_joystick', 'ament_prefix_path')
[0.183s] INFO:colcon.colcon_core.shell:Creating environment hook '/home/ajoymathew07/Documents/Catatron_ros2/install/catatron_joystick/share/catatron_joystick/hook/ament_prefix_path.ps1'
[0.184s] INFO:colcon.colcon_core.shell:Creating environment descriptor '/home/ajoymathew07/Documents/Catatron_ros2/install/catatron_joystick/share/catatron_joystick/hook/ament_prefix_path.dsv'
[0.184s] INFO:colcon.colcon_core.shell:Creating environment hook '/home/ajoymathew07/Documents/Catatron_ros2/install/catatron_joystick/share/catatron_joystick/hook/ament_prefix_path.sh'
[0.184s] INFO:colcon.colcon_core.shell:Skip shell extension 'powershell' for command environment: Not usable outside of PowerShell
[0.184s] DEBUG:colcon.colcon_core.shell:Skip shell extension 'dsv' for command environment
[0.340s] INFO:colcon.colcon_core.task.python.build:Building Python package in '/home/ajoymathew07/Documents/Catatron_ros2/src/catatron_ros2-main/catatron_controller'
[0.340s] INFO:colcon.colcon_core.shell:Skip shell extension 'powershell' for command environment: Not usable outside of PowerShell
[0.340s] DEBUG:colcon.colcon_core.shell:Skip shell extension 'dsv' for command environment
[0.346s] DEBUG:colcon.colcon_core.event_handler.log_command:Invoking command in '/home/ajoymathew07/Documents/Catatron_ros2/build/catatron_description': CMAKE_PREFIX_PATH=${CMAKE_PREFIX_PATH}:/home/ajoymathew07/Documents/Catatron_ros2/install/catatron_joystick:/home/ajoymathew07/Documents/Catatron_ros2/install/catatron_controller:/opt/ros/humble /usr/bin/cmake /home/ajoymathew07/Documents/Catatron_ros2/src/catatron_ros2-main/catatron_description -DCMAKE_INSTALL_PREFIX=/home/ajoymathew07/Documents/Catatron_ros2/install/catatron_description
[0.348s] DEBUG:colcon.colcon_core.event_handler.log_command:Invoking command in '/home/ajoymathew07/Documents/Catatron_ros2/build/catatron_gazebo': CMAKE_PREFIX_PATH=${CMAKE_PREFIX_PATH}:/home/ajoymathew07/Documents/Catatron_ros2/install/catatron_joystick:/home/ajoymathew07/Documents/Catatron_ros2/install/catatron_controller:/opt/ros/humble /usr/bin/cmake /home/ajoymathew07/Documents/Catatron_ros2/src/catatron_ros2-main/catatron_gazebo -DCMAKE_INSTALL_PREFIX=/home/ajoymathew07/Documents/Catatron_ros2/install/catatron_gazebo
[0.511s] INFO:colcon.colcon_core.task.python.build:Building Python package in '/home/ajoymathew07/Documents/Catatron_ros2/src/catatron_ros2-main/catatron_joystick'
[0.511s] INFO:colcon.colcon_core.shell:Skip shell extension 'powershell' for command environment: Not usable outside of PowerShell
[0.511s] DEBUG:colcon.colcon_core.shell:Skip shell extension 'dsv' for command environment
[1.024s] DEBUG:colcon.colcon_core.event_handler.log_command:Invoking command in '/home/ajoymathew07/Documents/Catatron_ros2/src/catatron_ros2-main/catatron_joystick': PYTHONPATH=/home/ajoymathew07/Documents/Catatron_ros2/build/catatron_joystick/prefix_override:/usr/lib/python3/dist-packages/colcon_core/task/python/colcon_distutils_commands:/home/ajoymathew07/Documents/Catatron_ros2/install/catatron_joystick/lib/python3.10/site-packages:${PYTHONPATH} /usr/bin/python3 -W ignore:setup.py install is deprecated -W ignore:easy_install command is deprecated setup.py egg_info --egg-base ../../../build/catatron_joystick build --build-base /home/ajoymathew07/Documents/Catatron_ros2/build/catatron_joystick/build install --record /home/ajoymathew07/Documents/Catatron_ros2/build/catatron_joystick/install.log --single-version-externally-managed install_data
[1.025s] DEBUG:colcon.colcon_core.event_handler.log_command:Invoking command in '/home/ajoymathew07/Documents/Catatron_ros2/src/catatron_ros2-main/catatron_controller': PYTHONPATH=/home/ajoymathew07/Documents/Catatron_ros2/build/catatron_controller/prefix_override:/usr/lib/python3/dist-packages/colcon_core/task/python/colcon_distutils_commands:/home/ajoymathew07/Documents/Catatron_ros2/install/catatron_controller/lib/python3.10/site-packages:${PYTHONPATH} /usr/bin/python3 -W ignore:setup.py install is deprecated -W ignore:easy_install command is deprecated setup.py egg_info --egg-base ../../../build/catatron_controller build --build-base /home/ajoymathew07/Documents/Catatron_ros2/build/catatron_controller/build install --record /home/ajoymathew07/Documents/Catatron_ros2/build/catatron_controller/install.log --single-version-externally-managed install_data
[1.434s] DEBUG:colcon.colcon_core.event_handler.log_command:Invoked command in '/home/ajoymathew07/Documents/Catatron_ros2/build/catatron_gazebo' returned '0': CMAKE_PREFIX_PATH=${CMAKE_PREFIX_PATH}:/home/ajoymathew07/Documents/Catatron_ros2/install/catatron_joystick:/home/ajoymathew07/Documents/Catatron_ros2/install/catatron_controller:/opt/ros/humble /usr/bin/cmake /home/ajoymathew07/Documents/Catatron_ros2/src/catatron_ros2-main/catatron_gazebo -DCMAKE_INSTALL_PREFIX=/home/ajoymathew07/Documents/Catatron_ros2/install/catatron_gazebo
[1.435s] DEBUG:colcon.colcon_core.event_handler.log_command:Invoking command in '/home/ajoymathew07/Documents/Catatron_ros2/build/catatron_gazebo': CMAKE_PREFIX_PATH=${CMAKE_PREFIX_PATH}:/home/ajoymathew07/Documents/Catatron_ros2/install/catatron_joystick:/home/ajoymathew07/Documents/Catatron_ros2/install/catatron_controller:/opt/ros/humble /usr/bin/cmake --build /home/ajoymathew07/Documents/Catatron_ros2/build/catatron_gazebo -- -j16 -l16
[1.440s] DEBUG:colcon.colcon_core.event_handler.log_command:Invoked command in '/home/ajoymathew07/Documents/Catatron_ros2/src/catatron_ros2-main/catatron_joystick' returned '0': PYTHONPATH=/home/ajoymathew07/Documents/Catatron_ros2/build/catatron_joystick/prefix_override:/usr/lib/python3/dist-packages/colcon_core/task/python/colcon_distutils_commands:/home/ajoymathew07/Documents/Catatron_ros2/install/catatron_joystick/lib/python3.10/site-packages:${PYTHONPATH} /usr/bin/python3 -W ignore:setup.py install is deprecated -W ignore:easy_install command is deprecated setup.py egg_info --egg-base ../../../build/catatron_joystick build --build-base /home/ajoymathew07/Documents/Catatron_ros2/build/catatron_joystick/build install --record /home/ajoymathew07/Documents/Catatron_ros2/build/catatron_joystick/install.log --single-version-externally-managed install_data
[1.442s] Level 1:colcon.colcon_core.environment:checking '/home/ajoymathew07/Documents/Catatron_ros2/install/catatron_joystick' for CMake module files
[1.442s] Level 1:colcon.colcon_core.environment:checking '/home/ajoymathew07/Documents/Catatron_ros2/install/catatron_joystick' for CMake config files
[1.443s] Level 1:colcon.colcon_core.environment:checking '/home/ajoymathew07/Documents/Catatron_ros2/install/catatron_joystick/lib'
[1.443s] Level 1:colcon.colcon_core.environment:checking '/home/ajoymathew07/Documents/Catatron_ros2/install/catatron_joystick/bin'
[1.443s] Level 1:colcon.colcon_core.environment:checking '/home/ajoymathew07/Documents/Catatron_ros2/install/catatron_joystick/lib/pkgconfig/catatron_joystick.pc'
[1.443s] Level 1:colcon.colcon_core.environment:checking '/home/ajoymathew07/Documents/Catatron_ros2/install/catatron_joystick/lib/python3.10/site-packages'
[1.443s] Level 1:colcon.colcon_core.shell:create_environment_hook('catatron_joystick', 'pythonpath')
[1.443s] INFO:colcon.colcon_core.shell:Creating environment hook '/home/ajoymathew07/Documents/Catatron_ros2/install/catatron_joystick/share/catatron_joystick/hook/pythonpath.ps1'
[1.443s] INFO:colcon.colcon_core.shell:Creating environment descriptor '/home/ajoymathew07/Documents/Catatron_ros2/install/catatron_joystick/share/catatron_joystick/hook/pythonpath.dsv'
[1.444s] INFO:colcon.colcon_core.shell:Creating environment hook '/home/ajoymathew07/Documents/Catatron_ros2/install/catatron_joystick/share/catatron_joystick/hook/pythonpath.sh'
[1.444s] Level 1:colcon.colcon_core.environment:checking '/home/ajoymathew07/Documents/Catatron_ros2/install/catatron_joystick/bin'
[1.444s] Level 1:colcon.colcon_core.environment:create_environment_scripts_only(catatron_joystick)
[1.444s] INFO:colcon.colcon_core.shell:Creating package script '/home/ajoymathew07/Documents/Catatron_ros2/install/catatron_joystick/share/catatron_joystick/package.ps1'
[1.445s] INFO:colcon.colcon_core.shell:Creating package descriptor '/home/ajoymathew07/Documents/Catatron_ros2/install/catatron_joystick/share/catatron_joystick/package.dsv'
[1.445s] INFO:colcon.colcon_core.shell:Creating package script '/home/ajoymathew07/Documents/Catatron_ros2/install/catatron_joystick/share/catatron_joystick/package.sh'
[1.446s] INFO:colcon.colcon_core.shell:Creating package script '/home/ajoymathew07/Documents/Catatron_ros2/install/catatron_joystick/share/catatron_joystick/package.bash'
[1.446s] INFO:colcon.colcon_core.shell:Creating package script '/home/ajoymathew07/Documents/Catatron_ros2/install/catatron_joystick/share/catatron_joystick/package.zsh'
[1.447s] Level 1:colcon.colcon_core.environment:create_file_with_runtime_dependencies(/home/ajoymathew07/Documents/Catatron_ros2/install/catatron_joystick/share/colcon-core/packages/catatron_joystick)
[1.461s] Level 1:colcon.colcon_core.environment:checking '/home/ajoymathew07/Documents/Catatron_ros2/install/catatron_controller' for CMake module files
[1.462s] DEBUG:colcon.colcon_core.event_handler.log_command:Invoked command in '/home/ajoymathew07/Documents/Catatron_ros2/src/catatron_ros2-main/catatron_controller' returned '0': PYTHONPATH=/home/ajoymathew07/Documents/Catatron_ros2/build/catatron_controller/prefix_override:/usr/lib/python3/dist-packages/colcon_core/task/python/colcon_distutils_commands:/home/ajoymathew07/Documents/Catatron_ros2/install/catatron_controller/lib/python3.10/site-packages:${PYTHONPATH} /usr/bin/python3 -W ignore:setup.py install is deprecated -W ignore:easy_install command is deprecated setup.py egg_info --egg-base ../../../build/catatron_controller build --build-base /home/ajoymathew07/Documents/Catatron_ros2/build/catatron_controller/build install --record /home/ajoymathew07/Documents/Catatron_ros2/build/catatron_controller/install.log --single-version-externally-managed install_data
[1.462s] Level 1:colcon.colcon_core.environment:checking '/home/ajoymathew07/Documents/Catatron_ros2/install/catatron_controller' for CMake config files
[1.463s] Level 1:colcon.colcon_core.environment:checking '/home/ajoymathew07/Documents/Catatron_ros2/install/catatron_controller/lib'
[1.463s] Level 1:colcon.colcon_core.environment:checking '/home/ajoymathew07/Documents/Catatron_ros2/install/catatron_controller/bin'
[1.463s] Level 1:colcon.colcon_core.environment:checking '/home/ajoymathew07/Documents/Catatron_ros2/install/catatron_controller/lib/pkgconfig/catatron_controller.pc'
[1.463s] Level 1:colcon.colcon_core.environment:checking '/home/ajoymathew07/Documents/Catatron_ros2/install/catatron_controller/lib/python3.10/site-packages'
[1.463s] Level 1:colcon.colcon_core.shell:create_environment_hook('catatron_controller', 'pythonpath')
[1.464s] INFO:colcon.colcon_core.shell:Creating environment hook '/home/ajoymathew07/Documents/Catatron_ros2/install/catatron_controller/share/catatron_controller/hook/pythonpath.ps1'
[1.464s] INFO:colcon.colcon_core.shell:Creating environment descriptor '/home/ajoymathew07/Documents/Catatron_ros2/install/catatron_controller/share/catatron_controller/hook/pythonpath.dsv'
[1.464s] INFO:colcon.colcon_core.shell:Creating environment hook '/home/ajoymathew07/Documents/Catatron_ros2/install/catatron_controller/share/catatron_controller/hook/pythonpath.sh'
[1.465s] Level 1:colcon.colcon_core.environment:checking '/home/ajoymathew07/Documents/Catatron_ros2/install/catatron_controller/bin'
[1.465s] Level 1:colcon.colcon_core.environment:create_environment_scripts_only(catatron_controller)
[1.465s] INFO:colcon.colcon_core.shell:Creating package script '/home/ajoymathew07/Documents/Catatron_ros2/install/catatron_controller/share/catatron_controller/package.ps1'
[1.465s] INFO:colcon.colcon_core.shell:Creating package descriptor '/home/ajoymathew07/Documents/Catatron_ros2/install/catatron_controller/share/catatron_controller/package.dsv'
[1.466s] INFO:colcon.colcon_core.shell:Creating package script '/home/ajoymathew07/Documents/Catatron_ros2/install/catatron_controller/share/catatron_controller/package.sh'
[1.466s] INFO:colcon.colcon_core.shell:Creating package script '/home/ajoymathew07/Documents/Catatron_ros2/install/catatron_controller/share/catatron_controller/package.bash'
[1.466s] INFO:colcon.colcon_core.shell:Creating package script '/home/ajoymathew07/Documents/Catatron_ros2/install/catatron_controller/share/catatron_controller/package.zsh'
[1.466s] Level 1:colcon.colcon_core.environment:create_file_with_runtime_dependencies(/home/ajoymathew07/Documents/Catatron_ros2/install/catatron_controller/share/colcon-core/packages/catatron_controller)
[1.475s] DEBUG:colcon.colcon_core.event_handler.log_command:Invoked command in '/home/ajoymathew07/Documents/Catatron_ros2/build/catatron_gazebo' returned '0': CMAKE_PREFIX_PATH=${CMAKE_PREFIX_PATH}:/home/ajoymathew07/Documents/Catatron_ros2/install/catatron_joystick:/home/ajoymathew07/Documents/Catatron_ros2/install/catatron_controller:/opt/ros/humble /usr/bin/cmake --build /home/ajoymathew07/Documents/Catatron_ros2/build/catatron_gazebo -- -j16 -l16
[1.485s] DEBUG:colcon.colcon_core.event_handler.log_command:Invoking command in '/home/ajoymathew07/Documents/Catatron_ros2/build/catatron_gazebo': CMAKE_PREFIX_PATH=${CMAKE_PREFIX_PATH}:/home/ajoymathew07/Documents/Catatron_ros2/install/catatron_joystick:/home/ajoymathew07/Documents/Catatron_ros2/install/catatron_controller:/opt/ros/humble /usr/bin/cmake --install /home/ajoymathew07/Documents/Catatron_ros2/build/catatron_gazebo
[1.495s] Level 1:colcon.colcon_core.environment:create_environment_scripts_only(catatron_gazebo)
[1.496s] Level 1:colcon.colcon_core.environment:checking '/home/ajoymathew07/Documents/Catatron_ros2/install/catatron_gazebo' for CMake module files
[1.496s] DEBUG:colcon.colcon_core.event_handler.log_command:Invoked command in '/home/ajoymathew07/Documents/Catatron_ros2/build/catatron_gazebo' returned '0': CMAKE_PREFIX_PATH=${CMAKE_PREFIX_PATH}:/home/ajoymathew07/Documents/Catatron_ros2/install/catatron_joystick:/home/ajoymathew07/Documents/Catatron_ros2/install/catatron_controller:/opt/ros/humble /usr/bin/cmake --install /home/ajoymathew07/Documents/Catatron_ros2/build/catatron_gazebo
[1.497s] Level 1:colcon.colcon_core.environment:checking '/home/ajoymathew07/Documents/Catatron_ros2/install/catatron_gazebo' for CMake config files
[1.497s] Level 1:colcon.colcon_core.shell:create_environment_hook('catatron_gazebo', 'cmake_prefix_path')
[1.497s] INFO:colcon.colcon_core.shell:Creating environment hook '/home/ajoymathew07/Documents/Catatron_ros2/install/catatron_gazebo/share/catatron_gazebo/hook/cmake_prefix_path.ps1'
[1.498s] INFO:colcon.colcon_core.shell:Creating environment descriptor '/home/ajoymathew07/Documents/Catatron_ros2/install/catatron_gazebo/share/catatron_gazebo/hook/cmake_prefix_path.dsv'
[1.498s] INFO:colcon.colcon_core.shell:Creating environment hook '/home/ajoymathew07/Documents/Catatron_ros2/install/catatron_gazebo/share/catatron_gazebo/hook/cmake_prefix_path.sh'
[1.499s] Level 1:colcon.colcon_core.environment:checking '/home/ajoymathew07/Documents/Catatron_ros2/install/catatron_gazebo/bin'
[1.499s] Level 1:colcon.colcon_core.environment:checking '/home/ajoymathew07/Documents/Catatron_ros2/install/catatron_gazebo/lib/pkgconfig/catatron_gazebo.pc'
[1.499s] Level 1:colcon.colcon_core.environment:checking '/home/ajoymathew07/Documents/Catatron_ros2/install/catatron_gazebo/lib/python3.10/site-packages'
[1.499s] Level 1:colcon.colcon_core.environment:checking '/home/ajoymathew07/Documents/Catatron_ros2/install/catatron_gazebo/bin'
[1.499s] INFO:colcon.colcon_core.shell:Creating package script '/home/ajoymathew07/Documents/Catatron_ros2/install/catatron_gazebo/share/catatron_gazebo/package.ps1'
[1.500s] INFO:colcon.colcon_core.shell:Creating package descriptor '/home/ajoymathew07/Documents/Catatron_ros2/install/catatron_gazebo/share/catatron_gazebo/package.dsv'
[1.500s] INFO:colcon.colcon_core.shell:Creating package script '/home/ajoymathew07/Documents/Catatron_ros2/install/catatron_gazebo/share/catatron_gazebo/package.sh'
[1.500s] INFO:colcon.colcon_core.shell:Creating package script '/home/ajoymathew07/Documents/Catatron_ros2/install/catatron_gazebo/share/catatron_gazebo/package.bash'
[1.501s] INFO:colcon.colcon_core.shell:Creating package script '/home/ajoymathew07/Documents/Catatron_ros2/install/catatron_gazebo/share/catatron_gazebo/package.zsh'
[1.501s] Level 1:colcon.colcon_core.environment:create_file_with_runtime_dependencies(/home/ajoymathew07/Documents/Catatron_ros2/install/catatron_gazebo/share/colcon-core/packages/catatron_gazebo)
[1.501s] Level 1:colcon.colcon_core.environment:create_environment_scripts_only(catatron_gazebo)
[1.501s] Level 1:colcon.colcon_core.environment:checking '/home/ajoymathew07/Documents/Catatron_ros2/install/catatron_gazebo' for CMake module files
[1.502s] Level 1:colcon.colcon_core.environment:checking '/home/ajoymathew07/Documents/Catatron_ros2/install/catatron_gazebo' for CMake config files
[1.502s] Level 1:colcon.colcon_core.shell:create_environment_hook('catatron_gazebo', 'cmake_prefix_path')
[1.502s] INFO:colcon.colcon_core.shell:Creating environment hook '/home/ajoymathew07/Documents/Catatron_ros2/install/catatron_gazebo/share/catatron_gazebo/hook/cmake_prefix_path.ps1'
[1.502s] INFO:colcon.colcon_core.shell:Creating environment descriptor '/home/ajoymathew07/Documents/Catatron_ros2/install/catatron_gazebo/share/catatron_gazebo/hook/cmake_prefix_path.dsv'
[1.503s] INFO:colcon.colcon_core.shell:Creating environment hook '/home/ajoymathew07/Documents/Catatron_ros2/install/catatron_gazebo/share/catatron_gazebo/hook/cmake_prefix_path.sh'
[1.503s] Level 1:colcon.colcon_core.environment:checking '/home/ajoymathew07/Documents/Catatron_ros2/install/catatron_gazebo/bin'
[1.503s] Level 1:colcon.colcon_core.environment:checking '/home/ajoymathew07/Documents/Catatron_ros2/install/catatron_gazebo/lib/pkgconfig/catatron_gazebo.pc'
[1.503s] Level 1:colcon.colcon_core.environment:checking '/home/ajoymathew07/Documents/Catatron_ros2/install/catatron_gazebo/lib/python3.10/site-packages'
[1.503s] Level 1:colcon.colcon_core.environment:checking '/home/ajoymathew07/Documents/Catatron_ros2/install/catatron_gazebo/bin'
[1.503s] INFO:colcon.colcon_core.shell:Creating package script '/home/ajoymathew07/Documents/Catatron_ros2/install/catatron_gazebo/share/catatron_gazebo/package.ps1'
[1.504s] INFO:colcon.colcon_core.shell:Creating package descriptor '/home/ajoymathew07/Documents/Catatron_ros2/install/catatron_gazebo/share/catatron_gazebo/package.dsv'
[1.504s] INFO:colcon.colcon_core.shell:Creating package script '/home/ajoymathew07/Documents/Catatron_ros2/install/catatron_gazebo/share/catatron_gazebo/package.sh'
[1.504s] INFO:colcon.colcon_core.shell:Creating package script '/home/ajoymathew07/Documents/Catatron_ros2/install/catatron_gazebo/share/catatron_gazebo/package.bash'
[1.505s] INFO:colcon.colcon_core.shell:Creating package script '/home/ajoymathew07/Documents/Catatron_ros2/install/catatron_gazebo/share/catatron_gazebo/package.zsh'
[1.505s] Level 1:colcon.colcon_core.environment:create_file_with_runtime_dependencies(/home/ajoymathew07/Documents/Catatron_ros2/install/catatron_gazebo/share/colcon-core/packages/catatron_gazebo)
[1.582s] DEBUG:colcon.colcon_core.event_handler.log_command:Invoked command in '/home/ajoymathew07/Documents/Catatron_ros2/build/catatron_description' returned '0': CMAKE_PREFIX_PATH=${CMAKE_PREFIX_PATH}:/home/ajoymathew07/Documents/Catatron_ros2/install/catatron_joystick:/home/ajoymathew07/Documents/Catatron_ros2/install/catatron_controller:/opt/ros/humble /usr/bin/cmake /home/ajoymathew07/Documents/Catatron_ros2/src/catatron_ros2-main/catatron_description -DCMAKE_INSTALL_PREFIX=/home/ajoymathew07/Documents/Catatron_ros2/install/catatron_description
[1.583s] DEBUG:colcon.colcon_core.event_handler.log_command:Invoking command in '/home/ajoymathew07/Documents/Catatron_ros2/build/catatron_description': CMAKE_PREFIX_PATH=${CMAKE_PREFIX_PATH}:/home/ajoymathew07/Documents/Catatron_ros2/install/catatron_joystick:/home/ajoymathew07/Documents/Catatron_ros2/install/catatron_controller:/opt/ros/humble /usr/bin/cmake --build /home/ajoymathew07/Documents/Catatron_ros2/build/catatron_description -- -j16 -l16
[1.622s] DEBUG:colcon.colcon_core.event_handler.log_command:Invoked command in '/home/ajoymathew07/Documents/Catatron_ros2/build/catatron_description' returned '0': CMAKE_PREFIX_PATH=${CMAKE_PREFIX_PATH}:/home/ajoymathew07/Documents/Catatron_ros2/install/catatron_joystick:/home/ajoymathew07/Documents/Catatron_ros2/install/catatron_controller:/opt/ros/humble /usr/bin/cmake --build /home/ajoymathew07/Documents/Catatron_ros2/build/catatron_description -- -j16 -l16
[1.624s] DEBUG:colcon.colcon_core.event_handler.log_command:Invoking command in '/home/ajoymathew07/Documents/Catatron_ros2/build/catatron_description': CMAKE_PREFIX_PATH=${CMAKE_PREFIX_PATH}:/home/ajoymathew07/Documents/Catatron_ros2/install/catatron_joystick:/home/ajoymathew07/Documents/Catatron_ros2/install/catatron_controller:/opt/ros/humble /usr/bin/cmake --install /home/ajoymathew07/Documents/Catatron_ros2/build/catatron_description
[1.758s] Level 1:colcon.colcon_core.environment:create_environment_scripts_only(catatron_description)
[1.758s] Level 1:colcon.colcon_core.environment:checking '/home/ajoymathew07/Documents/Catatron_ros2/install/catatron_description' for CMake module files
[1.759s] DEBUG:colcon.colcon_core.event_handler.log_command:Invoked command in '/home/ajoymathew07/Documents/Catatron_ros2/build/catatron_description' returned '0': CMAKE_PREFIX_PATH=${CMAKE_PREFIX_PATH}:/home/ajoymathew07/Documents/Catatron_ros2/install/catatron_joystick:/home/ajoymathew07/Documents/Catatron_ros2/install/catatron_controller:/opt/ros/humble /usr/bin/cmake --install /home/ajoymathew07/Documents/Catatron_ros2/build/catatron_description
[1.759s] Level 1:colcon.colcon_core.environment:checking '/home/ajoymathew07/Documents/Catatron_ros2/install/catatron_description' for CMake config files
[1.759s] Level 1:colcon.colcon_core.shell:create_environment_hook('catatron_description', 'cmake_prefix_path')
[1.760s] INFO:colcon.colcon_core.shell:Creating environment hook '/home/ajoymathew07/Documents/Catatron_ros2/install/catatron_description/share/catatron_description/hook/cmake_prefix_path.ps1'
[1.760s] INFO:colcon.colcon_core.shell:Creating environment descriptor '/home/ajoymathew07/Documents/Catatron_ros2/install/catatron_description/share/catatron_description/hook/cmake_prefix_path.dsv'
[1.761s] INFO:colcon.colcon_core.shell:Creating environment hook '/home/ajoymathew07/Documents/Catatron_ros2/install/catatron_description/share/catatron_description/hook/cmake_prefix_path.sh'
[1.761s] Level 1:colcon.colcon_core.environment:checking '/home/ajoymathew07/Documents/Catatron_ros2/install/catatron_description/bin'
[1.761s] Level 1:colcon.colcon_core.environment:checking '/home/ajoymathew07/Documents/Catatron_ros2/install/catatron_description/lib/pkgconfig/catatron_description.pc'
[1.761s] Level 1:colcon.colcon_core.environment:checking '/home/ajoymathew07/Documents/Catatron_ros2/install/catatron_description/lib/python3.10/site-packages'
[1.761s] Level 1:colcon.colcon_core.environment:checking '/home/ajoymathew07/Documents/Catatron_ros2/install/catatron_description/bin'
[1.762s] INFO:colcon.colcon_core.shell:Creating package script '/home/ajoymathew07/Documents/Catatron_ros2/install/catatron_description/share/catatron_description/package.ps1'
[1.762s] INFO:colcon.colcon_core.shell:Creating package descriptor '/home/ajoymathew07/Documents/Catatron_ros2/install/catatron_description/share/catatron_description/package.dsv'
[1.763s] INFO:colcon.colcon_core.shell:Creating package script '/home/ajoymathew07/Documents/Catatron_ros2/install/catatron_description/share/catatron_description/package.sh'
[1.763s] INFO:colcon.colcon_core.shell:Creating package script '/home/ajoymathew07/Documents/Catatron_ros2/install/catatron_description/share/catatron_description/package.bash'
[1.763s] INFO:colcon.colcon_core.shell:Creating package script '/home/ajoymathew07/Documents/Catatron_ros2/install/catatron_description/share/catatron_description/package.zsh'
[1.764s] Level 1:colcon.colcon_core.environment:create_file_with_runtime_dependencies(/home/ajoymathew07/Documents/Catatron_ros2/install/catatron_description/share/colcon-core/packages/catatron_description)
[1.764s] Level 1:colcon.colcon_core.environment:create_environment_scripts_only(catatron_description)
[1.764s] Level 1:colcon.colcon_core.environment:checking '/home/ajoymathew07/Documents/Catatron_ros2/install/catatron_description' for CMake module files
[1.765s] Level 1:colcon.colcon_core.environment:checking '/home/ajoymathew07/Documents/Catatron_ros2/install/catatron_description' for CMake config files
[1.765s] Level 1:colcon.colcon_core.shell:create_environment_hook('catatron_description', 'cmake_prefix_path')
[1.765s] INFO:colcon.colcon_core.shell:Creating environment hook '/home/ajoymathew07/Documents/Catatron_ros2/install/catatron_description/share/catatron_description/hook/cmake_prefix_path.ps1'
[1.765s] INFO:colcon.colcon_core.shell:Creating environment descriptor '/home/ajoymathew07/Documents/Catatron_ros2/install/catatron_description/share/catatron_description/hook/cmake_prefix_path.dsv'
[1.765s] INFO:colcon.colcon_core.shell:Creating environment hook '/home/ajoymathew07/Documents/Catatron_ros2/install/catatron_description/share/catatron_description/hook/cmake_prefix_path.sh'
[1.766s] Level 1:colcon.colcon_core.environment:checking '/home/ajoymathew07/Documents/Catatron_ros2/install/catatron_description/bin'
[1.766s] Level 1:colcon.colcon_core.environment:checking '/home/ajoymathew07/Documents/Catatron_ros2/install/catatron_description/lib/pkgconfig/catatron_description.pc'
[1.766s] Level 1:colcon.colcon_core.environment:checking '/home/ajoymathew07/Documents/Catatron_ros2/install/catatron_description/lib/python3.10/site-packages'
[1.766s] Level 1:colcon.colcon_core.environment:checking '/home/ajoymathew07/Documents/Catatron_ros2/install/catatron_description/bin'
[1.766s] INFO:colcon.colcon_core.shell:Creating package script '/home/ajoymathew07/Documents/Catatron_ros2/install/catatron_description/share/catatron_description/package.ps1'
[1.767s] INFO:colcon.colcon_core.shell:Creating package descriptor '/home/ajoymathew07/Documents/Catatron_ros2/install/catatron_description/share/catatron_description/package.dsv'
[1.767s] INFO:colcon.colcon_core.shell:Creating package script '/home/ajoymathew07/Documents/Catatron_ros2/install/catatron_description/share/catatron_description/package.sh'
[1.767s] INFO:colcon.colcon_core.shell:Creating package script '/home/ajoymathew07/Documents/Catatron_ros2/install/catatron_description/share/catatron_description/package.bash'
[1.767s] INFO:colcon.colcon_core.shell:Creating package script '/home/ajoymathew07/Documents/Catatron_ros2/install/catatron_description/share/catatron_description/package.zsh'
[1.768s] Level 1:colcon.colcon_core.environment:create_file_with_runtime_dependencies(/home/ajoymathew07/Documents/Catatron_ros2/install/catatron_description/share/colcon-core/packages/catatron_description)
[1.768s] DEBUG:colcon.colcon_parallel_executor.executor.parallel:closing loop
[1.768s] DEBUG:colcon.colcon_parallel_executor.executor.parallel:loop closed
[1.768s] DEBUG:colcon.colcon_parallel_executor.executor.parallel:run_until_complete finished with '0'
[1.768s] DEBUG:colcon.colcon_core.event_reactor:joining thread
[1.772s] INFO:colcon.colcon_core.plugin_system:Skipping extension 'colcon_notification.desktop_notification.terminal_notifier': Not used on non-Darwin systems
[1.772s] INFO:colcon.colcon_core.plugin_system:Skipping extension 'colcon_notification.desktop_notification.win32': Not used on non-Windows systems
[1.772s] INFO:colcon.colcon_notification.desktop_notification:Sending desktop notification using 'notify2'
[1.781s] DEBUG:colcon.colcon_core.event_reactor:joined thread
[1.781s] INFO:colcon.colcon_core.shell:Creating prefix script '/home/ajoymathew07/Documents/Catatron_ros2/install/local_setup.ps1'
[1.782s] INFO:colcon.colcon_core.shell:Creating prefix util module '/home/ajoymathew07/Documents/Catatron_ros2/install/_local_setup_util_ps1.py'
[1.783s] INFO:colcon.colcon_core.shell:Creating prefix chain script '/home/ajoymathew07/Documents/Catatron_ros2/install/setup.ps1'
[1.783s] INFO:colcon.colcon_core.shell:Creating prefix script '/home/ajoymathew07/Documents/Catatron_ros2/install/local_setup.sh'
[1.784s] INFO:colcon.colcon_core.shell:Creating prefix util module '/home/ajoymathew07/Documents/Catatron_ros2/install/_local_setup_util_sh.py'
[1.784s] INFO:colcon.colcon_core.shell:Creating prefix chain script '/home/ajoymathew07/Documents/Catatron_ros2/install/setup.sh'
[1.785s] INFO:colcon.colcon_core.shell:Creating prefix script '/home/ajoymathew07/Documents/Catatron_ros2/install/local_setup.bash'
[1.785s] INFO:colcon.colcon_core.shell:Creating prefix chain script '/home/ajoymathew07/Documents/Catatron_ros2/install/setup.bash'
[1.786s] INFO:colcon.colcon_core.shell:Creating prefix script '/home/ajoymathew07/Documents/Catatron_ros2/install/local_setup.zsh'
[1.787s] INFO:colcon.colcon_core.shell:Creating prefix chain script '/home/ajoymathew07/Documents/Catatron_ros2/install/setup.zsh'
