[0.081s] DEBUG:colcon:Command line arguments: ['/usr/bin/colcon', 'build']
[0.081s] DEBUG:colcon:Parsed command line arguments: Namespace(log_base=None, log_level=None, verb_name='build', build_base='build', install_base='install', merge_install=False, symlink_install=False, test_result_base=None, continue_on_error=False, executor='parallel', parallel_workers=16, event_handlers=None, ignore_user_meta=False, metas=['./colcon.meta'], base_paths=['.'], packages_ignore=None, packages_ignore_regex=None, paths=None, packages_up_to=None, packages_up_to_regex=None, packages_above=None, packages_above_and_dependencies=None, packages_above_depth=None, packages_select_by_dep=None, packages_skip_by_dep=None, packages_skip_up_to=None, packages_select_build_failed=False, packages_skip_build_finished=False, packages_select_test_failures=False, packages_skip_test_passed=False, packages_select=None, packages_skip=None, packages_select_regex=None, packages_skip_regex=None, packages_start=None, packages_end=None, allow_overriding=[], cmake_args=None, cmake_target=None, cmake_target_skip_unavailable=False, cmake_clean_cache=False, cmake_clean_first=False, cmake_force_configure=False, ament_cmake_args=None, catkin_cmake_args=None, catkin_skip_building_tests=False, mixin_files=None, mixin=None, verb_parser=<colcon_mixin.mixin.mixin_argument.MixinArgumentDecorator object at 0x769083b1bbe0>, verb_extension=<colcon_core.verb.build.BuildVerb object at 0x769083b1b6a0>, main=<bound method BuildVerb.main of <colcon_core.verb.build.BuildVerb object at 0x769083b1b6a0>>, mixin_verb=('build',))
[0.111s] Level 1:colcon.colcon_core.package_discovery:discover_packages(colcon_meta) check parameters
[0.111s] Level 1:colcon.colcon_core.package_discovery:discover_packages(recursive) check parameters
[0.111s] Level 1:colcon.colcon_core.package_discovery:discover_packages(ignore) check parameters
[0.111s] Level 1:colcon.colcon_core.package_discovery:discover_packages(path) check parameters
[0.111s] Level 1:colcon.colcon_core.package_discovery:discover_packages(colcon_meta) discover
[0.111s] Level 1:colcon.colcon_core.package_discovery:discover_packages(recursive) discover
[0.111s] INFO:colcon.colcon_core.package_discovery:Crawling recursively for packages in '/home/ajoymathew07/Documents/Catatron_ros2'
[0.111s] Level 1:colcon.colcon_core.package_identification:_identify(.) by extensions ['ignore', 'ignore_ament_install']
[0.111s] Level 1:colcon.colcon_core.package_identification:_identify(.) by extension 'ignore'
[0.111s] Level 1:colcon.colcon_core.package_identification:_identify(.) by extension 'ignore_ament_install'
[0.111s] Level 1:colcon.colcon_core.package_identification:_identify(.) by extensions ['colcon_pkg']
[0.111s] Level 1:colcon.colcon_core.package_identification:_identify(.) by extension 'colcon_pkg'
[0.111s] Level 1:colcon.colcon_core.package_identification:_identify(.) by extensions ['colcon_meta']
[0.111s] Level 1:colcon.colcon_core.package_identification:_identify(.) by extension 'colcon_meta'
[0.111s] Level 1:colcon.colcon_core.package_identification:_identify(.) by extensions ['ros']
[0.111s] Level 1:colcon.colcon_core.package_identification:_identify(.) by extension 'ros'
[0.123s] Level 1:colcon.colcon_core.package_identification:_identify(.) by extensions ['cmake', 'python']
[0.123s] Level 1:colcon.colcon_core.package_identification:_identify(.) by extension 'cmake'
[0.123s] Level 1:colcon.colcon_core.package_identification:_identify(.) by extension 'python'
[0.123s] Level 1:colcon.colcon_core.package_identification:_identify(.) by extensions ['python_setup_py']
[0.123s] Level 1:colcon.colcon_core.package_identification:_identify(.) by extension 'python_setup_py'
[0.123s] Level 1:colcon.colcon_core.package_identification:_identify(build) by extensions ['ignore', 'ignore_ament_install']
[0.123s] Level 1:colcon.colcon_core.package_identification:_identify(build) by extension 'ignore'
[0.123s] Level 1:colcon.colcon_core.package_identification:_identify(build) ignored
[0.123s] Level 1:colcon.colcon_core.package_identification:_identify(install) by extensions ['ignore', 'ignore_ament_install']
[0.123s] Level 1:colcon.colcon_core.package_identification:_identify(install) by extension 'ignore'
[0.123s] Level 1:colcon.colcon_core.package_identification:_identify(install) ignored
[0.123s] Level 1:colcon.colcon_core.package_identification:_identify(log) by extensions ['ignore', 'ignore_ament_install']
[0.123s] Level 1:colcon.colcon_core.package_identification:_identify(log) by extension 'ignore'
[0.123s] Level 1:colcon.colcon_core.package_identification:_identify(log) ignored
[0.124s] Level 1:colcon.colcon_core.package_identification:_identify(src) by extensions ['ignore', 'ignore_ament_install']
[0.124s] Level 1:colcon.colcon_core.package_identification:_identify(src) by extension 'ignore'
[0.124s] Level 1:colcon.colcon_core.package_identification:_identify(src) by extension 'ignore_ament_install'
[0.124s] Level 1:colcon.colcon_core.package_identification:_identify(src) by extensions ['colcon_pkg']
[0.124s] Level 1:colcon.colcon_core.package_identification:_identify(src) by extension 'colcon_pkg'
[0.124s] Level 1:colcon.colcon_core.package_identification:_identify(src) by extensions ['colcon_meta']
[0.124s] Level 1:colcon.colcon_core.package_identification:_identify(src) by extension 'colcon_meta'
[0.124s] Level 1:colcon.colcon_core.package_identification:_identify(src) by extensions ['ros']
[0.124s] Level 1:colcon.colcon_core.package_identification:_identify(src) by extension 'ros'
[0.124s] Level 1:colcon.colcon_core.package_identification:_identify(src) by extensions ['cmake', 'python']
[0.124s] Level 1:colcon.colcon_core.package_identification:_identify(src) by extension 'cmake'
[0.124s] Level 1:colcon.colcon_core.package_identification:_identify(src) by extension 'python'
[0.124s] Level 1:colcon.colcon_core.package_identification:_identify(src) by extensions ['python_setup_py']
[0.124s] Level 1:colcon.colcon_core.package_identification:_identify(src) by extension 'python_setup_py'
[0.124s] Level 1:colcon.colcon_core.package_identification:_identify(src/catatron_ros2-main) by extensions ['ignore', 'ignore_ament_install']
[0.124s] Level 1:colcon.colcon_core.package_identification:_identify(src/catatron_ros2-main) by extension 'ignore'
[0.124s] Level 1:colcon.colcon_core.package_identification:_identify(src/catatron_ros2-main) by extension 'ignore_ament_install'
[0.124s] Level 1:colcon.colcon_core.package_identification:_identify(src/catatron_ros2-main) by extensions ['colcon_pkg']
[0.124s] Level 1:colcon.colcon_core.package_identification:_identify(src/catatron_ros2-main) by extension 'colcon_pkg'
[0.124s] Level 1:colcon.colcon_core.package_identification:_identify(src/catatron_ros2-main) by extensions ['colcon_meta']
[0.124s] Level 1:colcon.colcon_core.package_identification:_identify(src/catatron_ros2-main) by extension 'colcon_meta'
[0.124s] Level 1:colcon.colcon_core.package_identification:_identify(src/catatron_ros2-main) by extensions ['ros']
[0.124s] Level 1:colcon.colcon_core.package_identification:_identify(src/catatron_ros2-main) by extension 'ros'
[0.124s] Level 1:colcon.colcon_core.package_identification:_identify(src/catatron_ros2-main) by extensions ['cmake', 'python']
[0.124s] Level 1:colcon.colcon_core.package_identification:_identify(src/catatron_ros2-main) by extension 'cmake'
[0.124s] Level 1:colcon.colcon_core.package_identification:_identify(src/catatron_ros2-main) by extension 'python'
[0.124s] Level 1:colcon.colcon_core.package_identification:_identify(src/catatron_ros2-main) by extensions ['python_setup_py']
[0.124s] Level 1:colcon.colcon_core.package_identification:_identify(src/catatron_ros2-main) by extension 'python_setup_py'
[0.124s] Level 1:colcon.colcon_core.package_identification:_identify(src/catatron_ros2-main/catatron_controller) by extensions ['ignore', 'ignore_ament_install']
[0.125s] Level 1:colcon.colcon_core.package_identification:_identify(src/catatron_ros2-main/catatron_controller) by extension 'ignore'
[0.125s] Level 1:colcon.colcon_core.package_identification:_identify(src/catatron_ros2-main/catatron_controller) by extension 'ignore_ament_install'
[0.125s] Level 1:colcon.colcon_core.package_identification:_identify(src/catatron_ros2-main/catatron_controller) by extensions ['colcon_pkg']
[0.125s] Level 1:colcon.colcon_core.package_identification:_identify(src/catatron_ros2-main/catatron_controller) by extension 'colcon_pkg'
[0.125s] Level 1:colcon.colcon_core.package_identification:_identify(src/catatron_ros2-main/catatron_controller) by extensions ['colcon_meta']
[0.125s] Level 1:colcon.colcon_core.package_identification:_identify(src/catatron_ros2-main/catatron_controller) by extension 'colcon_meta'
[0.125s] Level 1:colcon.colcon_core.package_identification:_identify(src/catatron_ros2-main/catatron_controller) by extensions ['ros']
[0.125s] Level 1:colcon.colcon_core.package_identification:_identify(src/catatron_ros2-main/catatron_controller) by extension 'ros'
[0.127s] DEBUG:colcon.colcon_core.package_identification:Package 'src/catatron_ros2-main/catatron_controller' with type 'ros.ament_python' and name 'catatron_controller'
[0.127s] Level 1:colcon.colcon_core.package_identification:_identify(src/catatron_ros2-main/catatron_description) by extensions ['ignore', 'ignore_ament_install']
[0.127s] Level 1:colcon.colcon_core.package_identification:_identify(src/catatron_ros2-main/catatron_description) by extension 'ignore'
[0.127s] Level 1:colcon.colcon_core.package_identification:_identify(src/catatron_ros2-main/catatron_description) by extension 'ignore_ament_install'
[0.127s] Level 1:colcon.colcon_core.package_identification:_identify(src/catatron_ros2-main/catatron_description) by extensions ['colcon_pkg']
[0.127s] Level 1:colcon.colcon_core.package_identification:_identify(src/catatron_ros2-main/catatron_description) by extension 'colcon_pkg'
[0.127s] Level 1:colcon.colcon_core.package_identification:_identify(src/catatron_ros2-main/catatron_description) by extensions ['colcon_meta']
[0.127s] Level 1:colcon.colcon_core.package_identification:_identify(src/catatron_ros2-main/catatron_description) by extension 'colcon_meta'
[0.127s] Level 1:colcon.colcon_core.package_identification:_identify(src/catatron_ros2-main/catatron_description) by extensions ['ros']
[0.127s] Level 1:colcon.colcon_core.package_identification:_identify(src/catatron_ros2-main/catatron_description) by extension 'ros'
[0.127s] DEBUG:colcon.colcon_core.package_identification:Package 'src/catatron_ros2-main/catatron_description' with type 'ros.ament_cmake' and name 'catatron_description'
[0.128s] Level 1:colcon.colcon_core.package_identification:_identify(src/catatron_ros2-main/catatron_gazebo) by extensions ['ignore', 'ignore_ament_install']
[0.128s] Level 1:colcon.colcon_core.package_identification:_identify(src/catatron_ros2-main/catatron_gazebo) by extension 'ignore'
[0.128s] Level 1:colcon.colcon_core.package_identification:_identify(src/catatron_ros2-main/catatron_gazebo) by extension 'ignore_ament_install'
[0.128s] Level 1:colcon.colcon_core.package_identification:_identify(src/catatron_ros2-main/catatron_gazebo) by extensions ['colcon_pkg']
[0.128s] Level 1:colcon.colcon_core.package_identification:_identify(src/catatron_ros2-main/catatron_gazebo) by extension 'colcon_pkg'
[0.128s] Level 1:colcon.colcon_core.package_identification:_identify(src/catatron_ros2-main/catatron_gazebo) by extensions ['colcon_meta']
[0.128s] Level 1:colcon.colcon_core.package_identification:_identify(src/catatron_ros2-main/catatron_gazebo) by extension 'colcon_meta'
[0.128s] Level 1:colcon.colcon_core.package_identification:_identify(src/catatron_ros2-main/catatron_gazebo) by extensions ['ros']
[0.128s] Level 1:colcon.colcon_core.package_identification:_identify(src/catatron_ros2-main/catatron_gazebo) by extension 'ros'
[0.128s] DEBUG:colcon.colcon_core.package_identification:Package 'src/catatron_ros2-main/catatron_gazebo' with type 'ros.ament_cmake' and name 'catatron_gazebo'
[0.128s] Level 1:colcon.colcon_core.package_identification:_identify(src/catatron_ros2-main/catatron_joystick) by extensions ['ignore', 'ignore_ament_install']
[0.129s] Level 1:colcon.colcon_core.package_identification:_identify(src/catatron_ros2-main/catatron_joystick) by extension 'ignore'
[0.129s] Level 1:colcon.colcon_core.package_identification:_identify(src/catatron_ros2-main/catatron_joystick) by extension 'ignore_ament_install'
[0.129s] Level 1:colcon.colcon_core.package_identification:_identify(src/catatron_ros2-main/catatron_joystick) by extensions ['colcon_pkg']
[0.129s] Level 1:colcon.colcon_core.package_identification:_identify(src/catatron_ros2-main/catatron_joystick) by extension 'colcon_pkg'
[0.129s] Level 1:colcon.colcon_core.package_identification:_identify(src/catatron_ros2-main/catatron_joystick) by extensions ['colcon_meta']
[0.129s] Level 1:colcon.colcon_core.package_identification:_identify(src/catatron_ros2-main/catatron_joystick) by extension 'colcon_meta'
[0.129s] Level 1:colcon.colcon_core.package_identification:_identify(src/catatron_ros2-main/catatron_joystick) by extensions ['ros']
[0.129s] Level 1:colcon.colcon_core.package_identification:_identify(src/catatron_ros2-main/catatron_joystick) by extension 'ros'
[0.129s] DEBUG:colcon.colcon_core.package_identification:Package 'src/catatron_ros2-main/catatron_joystick' with type 'ros.ament_python' and name 'catatron_joystick'
[0.129s] Level 1:colcon.colcon_core.package_discovery:discover_packages(recursive) using defaults
[0.129s] Level 1:colcon.colcon_core.package_discovery:discover_packages(ignore) discover
[0.129s] Level 1:colcon.colcon_core.package_discovery:discover_packages(ignore) using defaults
[0.129s] Level 1:colcon.colcon_core.package_discovery:discover_packages(path) discover
[0.129s] Level 1:colcon.colcon_core.package_discovery:discover_packages(path) using defaults
[0.146s] Level 1:colcon.colcon_core.package_discovery:discover_packages(prefix_path) check parameters
[0.146s] Level 1:colcon.colcon_core.package_discovery:discover_packages(prefix_path) discover
[0.147s] DEBUG:colcon.colcon_installed_package_information.package_discovery:Found 4 installed packages in /home/ajoymathew07/Documents/Catatron_ros2/install
[0.148s] DEBUG:colcon.colcon_installed_package_information.package_discovery:Found 326 installed packages in /opt/ros/humble
[0.150s] Level 1:colcon.colcon_core.package_discovery:discover_packages(prefix_path) using defaults
[0.186s] Level 5:colcon.colcon_core.verb:set package 'catatron_controller' build argument 'cmake_args' from command line to 'None'
[0.186s] Level 5:colcon.colcon_core.verb:set package 'catatron_controller' build argument 'cmake_target' from command line to 'None'
[0.186s] Level 5:colcon.colcon_core.verb:set package 'catatron_controller' build argument 'cmake_target_skip_unavailable' from command line to 'False'
[0.186s] Level 5:colcon.colcon_core.verb:set package 'catatron_controller' build argument 'cmake_clean_cache' from command line to 'False'
[0.186s] Level 5:colcon.colcon_core.verb:set package 'catatron_controller' build argument 'cmake_clean_first' from command line to 'False'
[0.186s] Level 5:colcon.colcon_core.verb:set package 'catatron_controller' build argument 'cmake_force_configure' from command line to 'False'
[0.186s] Level 5:colcon.colcon_core.verb:set package 'catatron_controller' build argument 'ament_cmake_args' from command line to 'None'
[0.186s] Level 5:colcon.colcon_core.verb:set package 'catatron_controller' build argument 'catkin_cmake_args' from command line to 'None'
[0.186s] Level 5:colcon.colcon_core.verb:set package 'catatron_controller' build argument 'catkin_skip_building_tests' from command line to 'False'
[0.186s] DEBUG:colcon.colcon_core.verb:Building package 'catatron_controller' with the following arguments: {'ament_cmake_args': None, 'build_base': '/home/ajoymathew07/Documents/Catatron_ros2/build/catatron_controller', 'catkin_cmake_args': None, 'catkin_skip_building_tests': False, 'cmake_args': None, 'cmake_clean_cache': False, 'cmake_clean_first': False, 'cmake_force_configure': False, 'cmake_target': None, 'cmake_target_skip_unavailable': False, 'install_base': '/home/ajoymathew07/Documents/Catatron_ros2/install/catatron_controller', 'merge_install': False, 'path': '/home/ajoymathew07/Documents/Catatron_ros2/src/catatron_ros2-main/catatron_controller', 'symlink_install': False, 'test_result_base': None}
[0.187s] Level 5:colcon.colcon_core.verb:set package 'catatron_description' build argument 'cmake_args' from command line to 'None'
[0.187s] Level 5:colcon.colcon_core.verb:set package 'catatron_description' build argument 'cmake_target' from command line to 'None'
[0.187s] Level 5:colcon.colcon_core.verb:set package 'catatron_description' build argument 'cmake_target_skip_unavailable' from command line to 'False'
[0.187s] Level 5:colcon.colcon_core.verb:set package 'catatron_description' build argument 'cmake_clean_cache' from command line to 'False'
[0.187s] Level 5:colcon.colcon_core.verb:set package 'catatron_description' build argument 'cmake_clean_first' from command line to 'False'
[0.187s] Level 5:colcon.colcon_core.verb:set package 'catatron_description' build argument 'cmake_force_configure' from command line to 'False'
[0.187s] Level 5:colcon.colcon_core.verb:set package 'catatron_description' build argument 'ament_cmake_args' from command line to 'None'
[0.187s] Level 5:colcon.colcon_core.verb:set package 'catatron_description' build argument 'catkin_cmake_args' from command line to 'None'
[0.187s] Level 5:colcon.colcon_core.verb:set package 'catatron_description' build argument 'catkin_skip_building_tests' from command line to 'False'
[0.187s] DEBUG:colcon.colcon_core.verb:Building package 'catatron_description' with the following arguments: {'ament_cmake_args': None, 'build_base': '/home/ajoymathew07/Documents/Catatron_ros2/build/catatron_description', 'catkin_cmake_args': None, 'catkin_skip_building_tests': False, 'cmake_args': None, 'cmake_clean_cache': False, 'cmake_clean_first': False, 'cmake_force_configure': False, 'cmake_target': None, 'cmake_target_skip_unavailable': False, 'install_base': '/home/ajoymathew07/Documents/Catatron_ros2/install/catatron_description', 'merge_install': False, 'path': '/home/ajoymathew07/Documents/Catatron_ros2/src/catatron_ros2-main/catatron_description', 'symlink_install': False, 'test_result_base': None}
[0.187s] Level 5:colcon.colcon_core.verb:set package 'catatron_gazebo' build argument 'cmake_args' from command line to 'None'
[0.187s] Level 5:colcon.colcon_core.verb:set package 'catatron_gazebo' build argument 'cmake_target' from command line to 'None'
[0.187s] Level 5:colcon.colcon_core.verb:set package 'catatron_gazebo' build argument 'cmake_target_skip_unavailable' from command line to 'False'
[0.187s] Level 5:colcon.colcon_core.verb:set package 'catatron_gazebo' build argument 'cmake_clean_cache' from command line to 'False'
[0.187s] Level 5:colcon.colcon_core.verb:set package 'catatron_gazebo' build argument 'cmake_clean_first' from command line to 'False'
[0.187s] Level 5:colcon.colcon_core.verb:set package 'catatron_gazebo' build argument 'cmake_force_configure' from command line to 'False'
[0.187s] Level 5:colcon.colcon_core.verb:set package 'catatron_gazebo' build argument 'ament_cmake_args' from command line to 'None'
[0.187s] Level 5:colcon.colcon_core.verb:set package 'catatron_gazebo' build argument 'catkin_cmake_args' from command line to 'None'
[0.187s] Level 5:colcon.colcon_core.verb:set package 'catatron_gazebo' build argument 'catkin_skip_building_tests' from command line to 'False'
[0.187s] DEBUG:colcon.colcon_core.verb:Building package 'catatron_gazebo' with the following arguments: {'ament_cmake_args': None, 'build_base': '/home/ajoymathew07/Documents/Catatron_ros2/build/catatron_gazebo', 'catkin_cmake_args': None, 'catkin_skip_building_tests': False, 'cmake_args': None, 'cmake_clean_cache': False, 'cmake_clean_first': False, 'cmake_force_configure': False, 'cmake_target': None, 'cmake_target_skip_unavailable': False, 'install_base': '/home/ajoymathew07/Documents/Catatron_ros2/install/catatron_gazebo', 'merge_install': False, 'path': '/home/ajoymathew07/Documents/Catatron_ros2/src/catatron_ros2-main/catatron_gazebo', 'symlink_install': False, 'test_result_base': None}
[0.187s] Level 5:colcon.colcon_core.verb:set package 'catatron_joystick' build argument 'cmake_args' from command line to 'None'
[0.187s] Level 5:colcon.colcon_core.verb:set package 'catatron_joystick' build argument 'cmake_target' from command line to 'None'
[0.187s] Level 5:colcon.colcon_core.verb:set package 'catatron_joystick' build argument 'cmake_target_skip_unavailable' from command line to 'False'
[0.187s] Level 5:colcon.colcon_core.verb:set package 'catatron_joystick' build argument 'cmake_clean_cache' from command line to 'False'
[0.187s] Level 5:colcon.colcon_core.verb:set package 'catatron_joystick' build argument 'cmake_clean_first' from command line to 'False'
[0.188s] Level 5:colcon.colcon_core.verb:set package 'catatron_joystick' build argument 'cmake_force_configure' from command line to 'False'
[0.188s] Level 5:colcon.colcon_core.verb:set package 'catatron_joystick' build argument 'ament_cmake_args' from command line to 'None'
[0.188s] Level 5:colcon.colcon_core.verb:set package 'catatron_joystick' build argument 'catkin_cmake_args' from command line to 'None'
[0.188s] Level 5:colcon.colcon_core.verb:set package 'catatron_joystick' build argument 'catkin_skip_building_tests' from command line to 'False'
[0.188s] DEBUG:colcon.colcon_core.verb:Building package 'catatron_joystick' with the following arguments: {'ament_cmake_args': None, 'build_base': '/home/ajoymathew07/Documents/Catatron_ros2/build/catatron_joystick', 'catkin_cmake_args': None, 'catkin_skip_building_tests': False, 'cmake_args': None, 'cmake_clean_cache': False, 'cmake_clean_first': False, 'cmake_force_configure': False, 'cmake_target': None, 'cmake_target_skip_unavailable': False, 'install_base': '/home/ajoymathew07/Documents/Catatron_ros2/install/catatron_joystick', 'merge_install': False, 'path': '/home/ajoymathew07/Documents/Catatron_ros2/src/catatron_ros2-main/catatron_joystick', 'symlink_install': False, 'test_result_base': None}
[0.188s] INFO:colcon.colcon_core.executor:Executing jobs using 'parallel' executor
[0.189s] DEBUG:colcon.colcon_parallel_executor.executor.parallel:run_until_complete
[0.189s] INFO:colcon.colcon_ros.task.ament_python.build:Building ROS package in '/home/ajoymathew07/Documents/Catatron_ros2/src/catatron_ros2-main/catatron_controller' with build type 'ament_python'
[0.189s] Level 1:colcon.colcon_core.shell:create_environment_hook('catatron_controller', 'ament_prefix_path')
[0.190s] INFO:colcon.colcon_core.plugin_system:Skipping extension 'colcon_core.shell.bat': Not used on non-Windows systems
[0.190s] INFO:colcon.colcon_core.shell:Creating environment hook '/home/ajoymathew07/Documents/Catatron_ros2/install/catatron_controller/share/catatron_controller/hook/ament_prefix_path.ps1'
[0.191s] INFO:colcon.colcon_core.shell:Creating environment descriptor '/home/ajoymathew07/Documents/Catatron_ros2/install/catatron_controller/share/catatron_controller/hook/ament_prefix_path.dsv'
[0.191s] INFO:colcon.colcon_core.shell:Creating environment hook '/home/ajoymathew07/Documents/Catatron_ros2/install/catatron_controller/share/catatron_controller/hook/ament_prefix_path.sh'
[0.192s] INFO:colcon.colcon_core.shell:Skip shell extension 'powershell' for command environment: Not usable outside of PowerShell
[0.192s] DEBUG:colcon.colcon_core.shell:Skip shell extension 'dsv' for command environment
[0.195s] INFO:colcon.colcon_ros.task.ament_cmake.build:Building ROS package in '/home/ajoymathew07/Documents/Catatron_ros2/src/catatron_ros2-main/catatron_description' with build type 'ament_cmake'
[0.195s] INFO:colcon.colcon_cmake.task.cmake.build:Building CMake package in '/home/ajoymathew07/Documents/Catatron_ros2/src/catatron_ros2-main/catatron_description'
[0.195s] INFO:colcon.colcon_core.shell:Skip shell extension 'powershell' for command environment: Not usable outside of PowerShell
[0.195s] DEBUG:colcon.colcon_core.shell:Skip shell extension 'dsv' for command environment
[0.198s] INFO:colcon.colcon_ros.task.ament_cmake.build:Building ROS package in '/home/ajoymathew07/Documents/Catatron_ros2/src/catatron_ros2-main/catatron_gazebo' with build type 'ament_cmake'
[0.199s] INFO:colcon.colcon_cmake.task.cmake.build:Building CMake package in '/home/ajoymathew07/Documents/Catatron_ros2/src/catatron_ros2-main/catatron_gazebo'
[0.199s] INFO:colcon.colcon_core.shell:Skip shell extension 'powershell' for command environment: Not usable outside of PowerShell
[0.199s] DEBUG:colcon.colcon_core.shell:Skip shell extension 'dsv' for command environment
[0.202s] INFO:colcon.colcon_ros.task.ament_python.build:Building ROS package in '/home/ajoymathew07/Documents/Catatron_ros2/src/catatron_ros2-main/catatron_joystick' with build type 'ament_python'
[0.202s] Level 1:colcon.colcon_core.shell:create_environment_hook('catatron_joystick', 'ament_prefix_path')
[0.202s] INFO:colcon.colcon_core.shell:Creating environment hook '/home/ajoymathew07/Documents/Catatron_ros2/install/catatron_joystick/share/catatron_joystick/hook/ament_prefix_path.ps1'
[0.202s] INFO:colcon.colcon_core.shell:Creating environment descriptor '/home/ajoymathew07/Documents/Catatron_ros2/install/catatron_joystick/share/catatron_joystick/hook/ament_prefix_path.dsv'
[0.203s] INFO:colcon.colcon_core.shell:Creating environment hook '/home/ajoymathew07/Documents/Catatron_ros2/install/catatron_joystick/share/catatron_joystick/hook/ament_prefix_path.sh'
[0.203s] INFO:colcon.colcon_core.shell:Skip shell extension 'powershell' for command environment: Not usable outside of PowerShell
[0.203s] DEBUG:colcon.colcon_core.shell:Skip shell extension 'dsv' for command environment
[0.362s] INFO:colcon.colcon_core.task.python.build:Building Python package in '/home/ajoymathew07/Documents/Catatron_ros2/src/catatron_ros2-main/catatron_controller'
[0.363s] INFO:colcon.colcon_core.shell:Skip shell extension 'powershell' for command environment: Not usable outside of PowerShell
[0.363s] DEBUG:colcon.colcon_core.shell:Skip shell extension 'dsv' for command environment
[0.373s] DEBUG:colcon.colcon_core.event_handler.log_command:Invoking command in '/home/ajoymathew07/Documents/Catatron_ros2/build/catatron_description': CMAKE_PREFIX_PATH=${CMAKE_PREFIX_PATH}:/home/ajoymathew07/Documents/Catatron_ros2/install/catatron_joystick:/home/ajoymathew07/Documents/Catatron_ros2/install/catatron_controller:/opt/ros/humble /usr/bin/cmake --build /home/ajoymathew07/Documents/Catatron_ros2/build/catatron_description -- -j16 -l16
[0.375s] DEBUG:colcon.colcon_core.event_handler.log_command:Invoking command in '/home/ajoymathew07/Documents/Catatron_ros2/build/catatron_gazebo': CMAKE_PREFIX_PATH=${CMAKE_PREFIX_PATH}:/home/ajoymathew07/Documents/Catatron_ros2/install/catatron_joystick:/home/ajoymathew07/Documents/Catatron_ros2/install/catatron_controller:/opt/ros/humble /usr/bin/cmake --build /home/ajoymathew07/Documents/Catatron_ros2/build/catatron_gazebo -- -j16 -l16
[0.532s] INFO:colcon.colcon_core.task.python.build:Building Python package in '/home/ajoymathew07/Documents/Catatron_ros2/src/catatron_ros2-main/catatron_joystick'
[0.533s] INFO:colcon.colcon_core.shell:Skip shell extension 'powershell' for command environment: Not usable outside of PowerShell
[0.533s] DEBUG:colcon.colcon_core.shell:Skip shell extension 'dsv' for command environment
[0.539s] DEBUG:colcon.colcon_core.event_handler.log_command:Invoked command in '/home/ajoymathew07/Documents/Catatron_ros2/build/catatron_gazebo' returned '0': CMAKE_PREFIX_PATH=${CMAKE_PREFIX_PATH}:/home/ajoymathew07/Documents/Catatron_ros2/install/catatron_joystick:/home/ajoymathew07/Documents/Catatron_ros2/install/catatron_controller:/opt/ros/humble /usr/bin/cmake --build /home/ajoymathew07/Documents/Catatron_ros2/build/catatron_gazebo -- -j16 -l16
[0.549s] DEBUG:colcon.colcon_core.event_handler.log_command:Invoking command in '/home/ajoymathew07/Documents/Catatron_ros2/build/catatron_gazebo': CMAKE_PREFIX_PATH=${CMAKE_PREFIX_PATH}:/home/ajoymathew07/Documents/Catatron_ros2/install/catatron_joystick:/home/ajoymathew07/Documents/Catatron_ros2/install/catatron_controller:/opt/ros/humble /usr/bin/cmake --install /home/ajoymathew07/Documents/Catatron_ros2/build/catatron_gazebo
[0.549s] DEBUG:colcon.colcon_core.event_handler.log_command:Invoked command in '/home/ajoymathew07/Documents/Catatron_ros2/build/catatron_description' returned '0': CMAKE_PREFIX_PATH=${CMAKE_PREFIX_PATH}:/home/ajoymathew07/Documents/Catatron_ros2/install/catatron_joystick:/home/ajoymathew07/Documents/Catatron_ros2/install/catatron_controller:/opt/ros/humble /usr/bin/cmake --build /home/ajoymathew07/Documents/Catatron_ros2/build/catatron_description -- -j16 -l16
[0.551s] DEBUG:colcon.colcon_core.event_handler.log_command:Invoking command in '/home/ajoymathew07/Documents/Catatron_ros2/build/catatron_description': CMAKE_PREFIX_PATH=${CMAKE_PREFIX_PATH}:/home/ajoymathew07/Documents/Catatron_ros2/install/catatron_joystick:/home/ajoymathew07/Documents/Catatron_ros2/install/catatron_controller:/opt/ros/humble /usr/bin/cmake --install /home/ajoymathew07/Documents/Catatron_ros2/build/catatron_description
[0.558s] Level 1:colcon.colcon_core.environment:create_environment_scripts_only(catatron_gazebo)
[0.558s] DEBUG:colcon.colcon_core.event_handler.log_command:Invoked command in '/home/ajoymathew07/Documents/Catatron_ros2/build/catatron_gazebo' returned '0': CMAKE_PREFIX_PATH=${CMAKE_PREFIX_PATH}:/home/ajoymathew07/Documents/Catatron_ros2/install/catatron_joystick:/home/ajoymathew07/Documents/Catatron_ros2/install/catatron_controller:/opt/ros/humble /usr/bin/cmake --install /home/ajoymathew07/Documents/Catatron_ros2/build/catatron_gazebo
[0.560s] Level 1:colcon.colcon_core.environment:checking '/home/ajoymathew07/Documents/Catatron_ros2/install/catatron_gazebo' for CMake module files
[0.560s] Level 1:colcon.colcon_core.environment:checking '/home/ajoymathew07/Documents/Catatron_ros2/install/catatron_gazebo' for CMake config files
[0.560s] Level 1:colcon.colcon_core.shell:create_environment_hook('catatron_gazebo', 'cmake_prefix_path')
[0.561s] INFO:colcon.colcon_core.shell:Creating environment hook '/home/ajoymathew07/Documents/Catatron_ros2/install/catatron_gazebo/share/catatron_gazebo/hook/cmake_prefix_path.ps1'
[0.561s] INFO:colcon.colcon_core.shell:Creating environment descriptor '/home/ajoymathew07/Documents/Catatron_ros2/install/catatron_gazebo/share/catatron_gazebo/hook/cmake_prefix_path.dsv'
[0.561s] INFO:colcon.colcon_core.shell:Creating environment hook '/home/ajoymathew07/Documents/Catatron_ros2/install/catatron_gazebo/share/catatron_gazebo/hook/cmake_prefix_path.sh'
[0.562s] Level 1:colcon.colcon_core.environment:checking '/home/ajoymathew07/Documents/Catatron_ros2/install/catatron_gazebo/bin'
[0.562s] Level 1:colcon.colcon_core.environment:checking '/home/ajoymathew07/Documents/Catatron_ros2/install/catatron_gazebo/lib/pkgconfig/catatron_gazebo.pc'
[0.562s] Level 1:colcon.colcon_core.environment:checking '/home/ajoymathew07/Documents/Catatron_ros2/install/catatron_gazebo/lib/python3.10/site-packages'
[0.562s] Level 1:colcon.colcon_core.environment:checking '/home/ajoymathew07/Documents/Catatron_ros2/install/catatron_gazebo/bin'
[0.562s] INFO:colcon.colcon_core.shell:Creating package script '/home/ajoymathew07/Documents/Catatron_ros2/install/catatron_gazebo/share/catatron_gazebo/package.ps1'
[0.563s] INFO:colcon.colcon_core.shell:Creating package descriptor '/home/ajoymathew07/Documents/Catatron_ros2/install/catatron_gazebo/share/catatron_gazebo/package.dsv'
[0.563s] INFO:colcon.colcon_core.shell:Creating package script '/home/ajoymathew07/Documents/Catatron_ros2/install/catatron_gazebo/share/catatron_gazebo/package.sh'
[0.564s] INFO:colcon.colcon_core.shell:Creating package script '/home/ajoymathew07/Documents/Catatron_ros2/install/catatron_gazebo/share/catatron_gazebo/package.bash'
[0.565s] INFO:colcon.colcon_core.shell:Creating package script '/home/ajoymathew07/Documents/Catatron_ros2/install/catatron_gazebo/share/catatron_gazebo/package.zsh'
[0.565s] Level 1:colcon.colcon_core.environment:create_file_with_runtime_dependencies(/home/ajoymathew07/Documents/Catatron_ros2/install/catatron_gazebo/share/colcon-core/packages/catatron_gazebo)
[0.565s] Level 1:colcon.colcon_core.environment:create_environment_scripts_only(catatron_gazebo)
[0.566s] Level 1:colcon.colcon_core.environment:checking '/home/ajoymathew07/Documents/Catatron_ros2/install/catatron_gazebo' for CMake module files
[0.566s] Level 1:colcon.colcon_core.environment:checking '/home/ajoymathew07/Documents/Catatron_ros2/install/catatron_gazebo' for CMake config files
[0.566s] Level 1:colcon.colcon_core.shell:create_environment_hook('catatron_gazebo', 'cmake_prefix_path')
[0.566s] INFO:colcon.colcon_core.shell:Creating environment hook '/home/ajoymathew07/Documents/Catatron_ros2/install/catatron_gazebo/share/catatron_gazebo/hook/cmake_prefix_path.ps1'
[0.567s] INFO:colcon.colcon_core.shell:Creating environment descriptor '/home/ajoymathew07/Documents/Catatron_ros2/install/catatron_gazebo/share/catatron_gazebo/hook/cmake_prefix_path.dsv'
[0.567s] INFO:colcon.colcon_core.shell:Creating environment hook '/home/ajoymathew07/Documents/Catatron_ros2/install/catatron_gazebo/share/catatron_gazebo/hook/cmake_prefix_path.sh'
[0.567s] Level 1:colcon.colcon_core.environment:checking '/home/ajoymathew07/Documents/Catatron_ros2/install/catatron_gazebo/bin'
[0.567s] Level 1:colcon.colcon_core.environment:checking '/home/ajoymathew07/Documents/Catatron_ros2/install/catatron_gazebo/lib/pkgconfig/catatron_gazebo.pc'
[0.568s] Level 1:colcon.colcon_core.environment:checking '/home/ajoymathew07/Documents/Catatron_ros2/install/catatron_gazebo/lib/python3.10/site-packages'
[0.568s] Level 1:colcon.colcon_core.environment:checking '/home/ajoymathew07/Documents/Catatron_ros2/install/catatron_gazebo/bin'
[0.568s] INFO:colcon.colcon_core.shell:Creating package script '/home/ajoymathew07/Documents/Catatron_ros2/install/catatron_gazebo/share/catatron_gazebo/package.ps1'
[0.568s] INFO:colcon.colcon_core.shell:Creating package descriptor '/home/ajoymathew07/Documents/Catatron_ros2/install/catatron_gazebo/share/catatron_gazebo/package.dsv'
[0.569s] INFO:colcon.colcon_core.shell:Creating package script '/home/ajoymathew07/Documents/Catatron_ros2/install/catatron_gazebo/share/catatron_gazebo/package.sh'
[0.569s] INFO:colcon.colcon_core.shell:Creating package script '/home/ajoymathew07/Documents/Catatron_ros2/install/catatron_gazebo/share/catatron_gazebo/package.bash'
[0.569s] INFO:colcon.colcon_core.shell:Creating package script '/home/ajoymathew07/Documents/Catatron_ros2/install/catatron_gazebo/share/catatron_gazebo/package.zsh'
[0.569s] Level 1:colcon.colcon_core.environment:create_file_with_runtime_dependencies(/home/ajoymathew07/Documents/Catatron_ros2/install/catatron_gazebo/share/colcon-core/packages/catatron_gazebo)
[0.581s] Level 1:colcon.colcon_core.environment:create_environment_scripts_only(catatron_description)
[0.581s] Level 1:colcon.colcon_core.environment:checking '/home/ajoymathew07/Documents/Catatron_ros2/install/catatron_description' for CMake module files
[0.581s] DEBUG:colcon.colcon_core.event_handler.log_command:Invoked command in '/home/ajoymathew07/Documents/Catatron_ros2/build/catatron_description' returned '0': CMAKE_PREFIX_PATH=${CMAKE_PREFIX_PATH}:/home/ajoymathew07/Documents/Catatron_ros2/install/catatron_joystick:/home/ajoymathew07/Documents/Catatron_ros2/install/catatron_controller:/opt/ros/humble /usr/bin/cmake --install /home/ajoymathew07/Documents/Catatron_ros2/build/catatron_description
[0.582s] Level 1:colcon.colcon_core.environment:checking '/home/ajoymathew07/Documents/Catatron_ros2/install/catatron_description' for CMake config files
[0.582s] Level 1:colcon.colcon_core.shell:create_environment_hook('catatron_description', 'cmake_prefix_path')
[0.582s] INFO:colcon.colcon_core.shell:Creating environment hook '/home/ajoymathew07/Documents/Catatron_ros2/install/catatron_description/share/catatron_description/hook/cmake_prefix_path.ps1'
[0.582s] INFO:colcon.colcon_core.shell:Creating environment descriptor '/home/ajoymathew07/Documents/Catatron_ros2/install/catatron_description/share/catatron_description/hook/cmake_prefix_path.dsv'
[0.583s] INFO:colcon.colcon_core.shell:Creating environment hook '/home/ajoymathew07/Documents/Catatron_ros2/install/catatron_description/share/catatron_description/hook/cmake_prefix_path.sh'
[0.583s] Level 1:colcon.colcon_core.environment:checking '/home/ajoymathew07/Documents/Catatron_ros2/install/catatron_description/bin'
[0.583s] Level 1:colcon.colcon_core.environment:checking '/home/ajoymathew07/Documents/Catatron_ros2/install/catatron_description/lib/pkgconfig/catatron_description.pc'
[0.583s] Level 1:colcon.colcon_core.environment:checking '/home/ajoymathew07/Documents/Catatron_ros2/install/catatron_description/lib/python3.10/site-packages'
[0.583s] Level 1:colcon.colcon_core.environment:checking '/home/ajoymathew07/Documents/Catatron_ros2/install/catatron_description/bin'
[0.584s] INFO:colcon.colcon_core.shell:Creating package script '/home/ajoymathew07/Documents/Catatron_ros2/install/catatron_description/share/catatron_description/package.ps1'
[0.584s] INFO:colcon.colcon_core.shell:Creating package descriptor '/home/ajoymathew07/Documents/Catatron_ros2/install/catatron_description/share/catatron_description/package.dsv'
[0.584s] INFO:colcon.colcon_core.shell:Creating package script '/home/ajoymathew07/Documents/Catatron_ros2/install/catatron_description/share/catatron_description/package.sh'
[0.585s] INFO:colcon.colcon_core.shell:Creating package script '/home/ajoymathew07/Documents/Catatron_ros2/install/catatron_description/share/catatron_description/package.bash'
[0.585s] INFO:colcon.colcon_core.shell:Creating package script '/home/ajoymathew07/Documents/Catatron_ros2/install/catatron_description/share/catatron_description/package.zsh'
[0.586s] Level 1:colcon.colcon_core.environment:create_file_with_runtime_dependencies(/home/ajoymathew07/Documents/Catatron_ros2/install/catatron_description/share/colcon-core/packages/catatron_description)
[0.586s] Level 1:colcon.colcon_core.environment:create_environment_scripts_only(catatron_description)
[0.586s] Level 1:colcon.colcon_core.environment:checking '/home/ajoymathew07/Documents/Catatron_ros2/install/catatron_description' for CMake module files
[0.587s] Level 1:colcon.colcon_core.environment:checking '/home/ajoymathew07/Documents/Catatron_ros2/install/catatron_description' for CMake config files
[0.587s] Level 1:colcon.colcon_core.shell:create_environment_hook('catatron_description', 'cmake_prefix_path')
[0.587s] INFO:colcon.colcon_core.shell:Creating environment hook '/home/ajoymathew07/Documents/Catatron_ros2/install/catatron_description/share/catatron_description/hook/cmake_prefix_path.ps1'
[0.587s] INFO:colcon.colcon_core.shell:Creating environment descriptor '/home/ajoymathew07/Documents/Catatron_ros2/install/catatron_description/share/catatron_description/hook/cmake_prefix_path.dsv'
[0.588s] INFO:colcon.colcon_core.shell:Creating environment hook '/home/ajoymathew07/Documents/Catatron_ros2/install/catatron_description/share/catatron_description/hook/cmake_prefix_path.sh'
[0.588s] Level 1:colcon.colcon_core.environment:checking '/home/ajoymathew07/Documents/Catatron_ros2/install/catatron_description/bin'
[0.588s] Level 1:colcon.colcon_core.environment:checking '/home/ajoymathew07/Documents/Catatron_ros2/install/catatron_description/lib/pkgconfig/catatron_description.pc'
[0.588s] Level 1:colcon.colcon_core.environment:checking '/home/ajoymathew07/Documents/Catatron_ros2/install/catatron_description/lib/python3.10/site-packages'
[0.588s] Level 1:colcon.colcon_core.environment:checking '/home/ajoymathew07/Documents/Catatron_ros2/install/catatron_description/bin'
[0.588s] INFO:colcon.colcon_core.shell:Creating package script '/home/ajoymathew07/Documents/Catatron_ros2/install/catatron_description/share/catatron_description/package.ps1'
[0.589s] INFO:colcon.colcon_core.shell:Creating package descriptor '/home/ajoymathew07/Documents/Catatron_ros2/install/catatron_description/share/catatron_description/package.dsv'
[0.589s] INFO:colcon.colcon_core.shell:Creating package script '/home/ajoymathew07/Documents/Catatron_ros2/install/catatron_description/share/catatron_description/package.sh'
[0.590s] INFO:colcon.colcon_core.shell:Creating package script '/home/ajoymathew07/Documents/Catatron_ros2/install/catatron_description/share/catatron_description/package.bash'
[0.590s] INFO:colcon.colcon_core.shell:Creating package script '/home/ajoymathew07/Documents/Catatron_ros2/install/catatron_description/share/catatron_description/package.zsh'
[0.590s] Level 1:colcon.colcon_core.environment:create_file_with_runtime_dependencies(/home/ajoymathew07/Documents/Catatron_ros2/install/catatron_description/share/colcon-core/packages/catatron_description)
[1.010s] DEBUG:colcon.colcon_core.event_handler.log_command:Invoking command in '/home/ajoymathew07/Documents/Catatron_ros2/src/catatron_ros2-main/catatron_controller': PYTHONPATH=/home/ajoymathew07/Documents/Catatron_ros2/build/catatron_controller/prefix_override:/usr/lib/python3/dist-packages/colcon_core/task/python/colcon_distutils_commands:/home/ajoymathew07/Documents/Catatron_ros2/install/catatron_controller/lib/python3.10/site-packages:${PYTHONPATH} /usr/bin/python3 -W ignore:setup.py install is deprecated -W ignore:easy_install command is deprecated setup.py egg_info --egg-base ../../../build/catatron_controller build --build-base /home/ajoymathew07/Documents/Catatron_ros2/build/catatron_controller/build install --record /home/ajoymathew07/Documents/Catatron_ros2/build/catatron_controller/install.log --single-version-externally-managed install_data
[1.029s] DEBUG:colcon.colcon_core.event_handler.log_command:Invoking command in '/home/ajoymathew07/Documents/Catatron_ros2/src/catatron_ros2-main/catatron_joystick': PYTHONPATH=/home/ajoymathew07/Documents/Catatron_ros2/build/catatron_joystick/prefix_override:/usr/lib/python3/dist-packages/colcon_core/task/python/colcon_distutils_commands:/home/ajoymathew07/Documents/Catatron_ros2/install/catatron_joystick/lib/python3.10/site-packages:${PYTHONPATH} /usr/bin/python3 -W ignore:setup.py install is deprecated -W ignore:easy_install command is deprecated setup.py egg_info --egg-base ../../../build/catatron_joystick build --build-base /home/ajoymathew07/Documents/Catatron_ros2/build/catatron_joystick/build install --record /home/ajoymathew07/Documents/Catatron_ros2/build/catatron_joystick/install.log --single-version-externally-managed install_data
[1.419s] Level 1:colcon.colcon_core.environment:checking '/home/ajoymathew07/Documents/Catatron_ros2/install/catatron_controller' for CMake module files
[1.419s] DEBUG:colcon.colcon_core.event_handler.log_command:Invoked command in '/home/ajoymathew07/Documents/Catatron_ros2/src/catatron_ros2-main/catatron_controller' returned '0': PYTHONPATH=/home/ajoymathew07/Documents/Catatron_ros2/build/catatron_controller/prefix_override:/usr/lib/python3/dist-packages/colcon_core/task/python/colcon_distutils_commands:/home/ajoymathew07/Documents/Catatron_ros2/install/catatron_controller/lib/python3.10/site-packages:${PYTHONPATH} /usr/bin/python3 -W ignore:setup.py install is deprecated -W ignore:easy_install command is deprecated setup.py egg_info --egg-base ../../../build/catatron_controller build --build-base /home/ajoymathew07/Documents/Catatron_ros2/build/catatron_controller/build install --record /home/ajoymathew07/Documents/Catatron_ros2/build/catatron_controller/install.log --single-version-externally-managed install_data
[1.420s] Level 1:colcon.colcon_core.environment:checking '/home/ajoymathew07/Documents/Catatron_ros2/install/catatron_controller' for CMake config files
[1.420s] Level 1:colcon.colcon_core.environment:checking '/home/ajoymathew07/Documents/Catatron_ros2/install/catatron_controller/lib'
[1.420s] Level 1:colcon.colcon_core.environment:checking '/home/ajoymathew07/Documents/Catatron_ros2/install/catatron_controller/bin'
[1.421s] Level 1:colcon.colcon_core.environment:checking '/home/ajoymathew07/Documents/Catatron_ros2/install/catatron_controller/lib/pkgconfig/catatron_controller.pc'
[1.421s] Level 1:colcon.colcon_core.environment:checking '/home/ajoymathew07/Documents/Catatron_ros2/install/catatron_controller/lib/python3.10/site-packages'
[1.421s] Level 1:colcon.colcon_core.shell:create_environment_hook('catatron_controller', 'pythonpath')
[1.421s] INFO:colcon.colcon_core.shell:Creating environment hook '/home/ajoymathew07/Documents/Catatron_ros2/install/catatron_controller/share/catatron_controller/hook/pythonpath.ps1'
[1.421s] INFO:colcon.colcon_core.shell:Creating environment descriptor '/home/ajoymathew07/Documents/Catatron_ros2/install/catatron_controller/share/catatron_controller/hook/pythonpath.dsv'
[1.422s] INFO:colcon.colcon_core.shell:Creating environment hook '/home/ajoymathew07/Documents/Catatron_ros2/install/catatron_controller/share/catatron_controller/hook/pythonpath.sh'
[1.422s] Level 1:colcon.colcon_core.environment:checking '/home/ajoymathew07/Documents/Catatron_ros2/install/catatron_controller/bin'
[1.422s] Level 1:colcon.colcon_core.environment:create_environment_scripts_only(catatron_controller)
[1.422s] INFO:colcon.colcon_core.shell:Creating package script '/home/ajoymathew07/Documents/Catatron_ros2/install/catatron_controller/share/catatron_controller/package.ps1'
[1.423s] INFO:colcon.colcon_core.shell:Creating package descriptor '/home/ajoymathew07/Documents/Catatron_ros2/install/catatron_controller/share/catatron_controller/package.dsv'
[1.423s] INFO:colcon.colcon_core.shell:Creating package script '/home/ajoymathew07/Documents/Catatron_ros2/install/catatron_controller/share/catatron_controller/package.sh'
[1.423s] INFO:colcon.colcon_core.shell:Creating package script '/home/ajoymathew07/Documents/Catatron_ros2/install/catatron_controller/share/catatron_controller/package.bash'
[1.424s] INFO:colcon.colcon_core.shell:Creating package script '/home/ajoymathew07/Documents/Catatron_ros2/install/catatron_controller/share/catatron_controller/package.zsh'
[1.424s] Level 1:colcon.colcon_core.environment:create_file_with_runtime_dependencies(/home/ajoymathew07/Documents/Catatron_ros2/install/catatron_controller/share/colcon-core/packages/catatron_controller)
[1.428s] Level 1:colcon.colcon_core.environment:checking '/home/ajoymathew07/Documents/Catatron_ros2/install/catatron_joystick' for CMake module files
[1.429s] DEBUG:colcon.colcon_core.event_handler.log_command:Invoked command in '/home/ajoymathew07/Documents/Catatron_ros2/src/catatron_ros2-main/catatron_joystick' returned '0': PYTHONPATH=/home/ajoymathew07/Documents/Catatron_ros2/build/catatron_joystick/prefix_override:/usr/lib/python3/dist-packages/colcon_core/task/python/colcon_distutils_commands:/home/ajoymathew07/Documents/Catatron_ros2/install/catatron_joystick/lib/python3.10/site-packages:${PYTHONPATH} /usr/bin/python3 -W ignore:setup.py install is deprecated -W ignore:easy_install command is deprecated setup.py egg_info --egg-base ../../../build/catatron_joystick build --build-base /home/ajoymathew07/Documents/Catatron_ros2/build/catatron_joystick/build install --record /home/ajoymathew07/Documents/Catatron_ros2/build/catatron_joystick/install.log --single-version-externally-managed install_data
[1.429s] Level 1:colcon.colcon_core.environment:checking '/home/ajoymathew07/Documents/Catatron_ros2/install/catatron_joystick' for CMake config files
[1.430s] Level 1:colcon.colcon_core.environment:checking '/home/ajoymathew07/Documents/Catatron_ros2/install/catatron_joystick/lib'
[1.430s] Level 1:colcon.colcon_core.environment:checking '/home/ajoymathew07/Documents/Catatron_ros2/install/catatron_joystick/bin'
[1.430s] Level 1:colcon.colcon_core.environment:checking '/home/ajoymathew07/Documents/Catatron_ros2/install/catatron_joystick/lib/pkgconfig/catatron_joystick.pc'
[1.430s] Level 1:colcon.colcon_core.environment:checking '/home/ajoymathew07/Documents/Catatron_ros2/install/catatron_joystick/lib/python3.10/site-packages'
[1.430s] Level 1:colcon.colcon_core.shell:create_environment_hook('catatron_joystick', 'pythonpath')
[1.430s] INFO:colcon.colcon_core.shell:Creating environment hook '/home/ajoymathew07/Documents/Catatron_ros2/install/catatron_joystick/share/catatron_joystick/hook/pythonpath.ps1'
[1.430s] INFO:colcon.colcon_core.shell:Creating environment descriptor '/home/ajoymathew07/Documents/Catatron_ros2/install/catatron_joystick/share/catatron_joystick/hook/pythonpath.dsv'
[1.431s] INFO:colcon.colcon_core.shell:Creating environment hook '/home/ajoymathew07/Documents/Catatron_ros2/install/catatron_joystick/share/catatron_joystick/hook/pythonpath.sh'
[1.431s] Level 1:colcon.colcon_core.environment:checking '/home/ajoymathew07/Documents/Catatron_ros2/install/catatron_joystick/bin'
[1.431s] Level 1:colcon.colcon_core.environment:create_environment_scripts_only(catatron_joystick)
[1.431s] INFO:colcon.colcon_core.shell:Creating package script '/home/ajoymathew07/Documents/Catatron_ros2/install/catatron_joystick/share/catatron_joystick/package.ps1'
[1.431s] INFO:colcon.colcon_core.shell:Creating package descriptor '/home/ajoymathew07/Documents/Catatron_ros2/install/catatron_joystick/share/catatron_joystick/package.dsv'
[1.432s] INFO:colcon.colcon_core.shell:Creating package script '/home/ajoymathew07/Documents/Catatron_ros2/install/catatron_joystick/share/catatron_joystick/package.sh'
[1.432s] INFO:colcon.colcon_core.shell:Creating package script '/home/ajoymathew07/Documents/Catatron_ros2/install/catatron_joystick/share/catatron_joystick/package.bash'
[1.432s] INFO:colcon.colcon_core.shell:Creating package script '/home/ajoymathew07/Documents/Catatron_ros2/install/catatron_joystick/share/catatron_joystick/package.zsh'
[1.432s] Level 1:colcon.colcon_core.environment:create_file_with_runtime_dependencies(/home/ajoymathew07/Documents/Catatron_ros2/install/catatron_joystick/share/colcon-core/packages/catatron_joystick)
[1.433s] DEBUG:colcon.colcon_parallel_executor.executor.parallel:closing loop
[1.433s] DEBUG:colcon.colcon_parallel_executor.executor.parallel:loop closed
[1.433s] DEBUG:colcon.colcon_parallel_executor.executor.parallel:run_until_complete finished with '0'
[1.433s] DEBUG:colcon.colcon_core.event_reactor:joining thread
[1.438s] INFO:colcon.colcon_core.plugin_system:Skipping extension 'colcon_notification.desktop_notification.terminal_notifier': Not used on non-Darwin systems
[1.438s] INFO:colcon.colcon_core.plugin_system:Skipping extension 'colcon_notification.desktop_notification.win32': Not used on non-Windows systems
[1.438s] INFO:colcon.colcon_notification.desktop_notification:Sending desktop notification using 'notify2'
[1.448s] DEBUG:colcon.colcon_core.event_reactor:joined thread
[1.448s] INFO:colcon.colcon_core.shell:Creating prefix script '/home/ajoymathew07/Documents/Catatron_ros2/install/local_setup.ps1'
[1.449s] INFO:colcon.colcon_core.shell:Creating prefix util module '/home/ajoymathew07/Documents/Catatron_ros2/install/_local_setup_util_ps1.py'
[1.450s] INFO:colcon.colcon_core.shell:Creating prefix chain script '/home/ajoymathew07/Documents/Catatron_ros2/install/setup.ps1'
[1.451s] INFO:colcon.colcon_core.shell:Creating prefix script '/home/ajoymathew07/Documents/Catatron_ros2/install/local_setup.sh'
[1.451s] INFO:colcon.colcon_core.shell:Creating prefix util module '/home/ajoymathew07/Documents/Catatron_ros2/install/_local_setup_util_sh.py'
[1.451s] INFO:colcon.colcon_core.shell:Creating prefix chain script '/home/ajoymathew07/Documents/Catatron_ros2/install/setup.sh'
[1.452s] INFO:colcon.colcon_core.shell:Creating prefix script '/home/ajoymathew07/Documents/Catatron_ros2/install/local_setup.bash'
[1.453s] INFO:colcon.colcon_core.shell:Creating prefix chain script '/home/ajoymathew07/Documents/Catatron_ros2/install/setup.bash'
[1.453s] INFO:colcon.colcon_core.shell:Creating prefix script '/home/ajoymathew07/Documents/Catatron_ros2/install/local_setup.zsh'
[1.454s] INFO:colcon.colcon_core.shell:Creating prefix chain script '/home/ajoymathew07/Documents/Catatron_ros2/install/setup.zsh'
