[0.179s] Invoking command in '/home/ajoymathew07/Documents/Catatron_ros2/build/catatron_description': CMAKE_PREFIX_PATH=${CMAKE_PREFIX_PATH}:/home/ajoymathew07/Documents/Catatron_ros2/install/catatron_joystick:/home/ajoymathew07/Documents/Catatron_ros2/install/catatron_controller:/opt/ros/humble /usr/bin/cmake --build /home/ajoymathew07/Documents/Catatron_ros2/build/catatron_description -- -j16 -l16
[0.354s] Invoked command in '/home/ajoymathew07/Documents/Catatron_ros2/build/catatron_description' returned '0': CMAKE_PREFIX_PATH=${CMAKE_PREFIX_PATH}:/home/ajoymathew07/Documents/Catatron_ros2/install/catatron_joystick:/home/ajoymathew07/Documents/Catatron_ros2/install/catatron_controller:/opt/ros/humble /usr/bin/cmake --build /home/ajoymathew07/Documents/Catatron_ros2/build/catatron_description -- -j16 -l16
[0.356s] Invoking command in '/home/ajoymathew07/Documents/Catatron_ros2/build/catatron_description': CMAKE_PREFIX_PATH=${CMAKE_PREFIX_PATH}:/home/ajoymathew07/Documents/Catatron_ros2/install/catatron_joystick:/home/ajoymathew07/Documents/Catatron_ros2/install/catatron_controller:/opt/ros/humble /usr/bin/cmake --install /home/ajoymathew07/Documents/Catatron_ros2/build/catatron_description
[0.362s] -- Install configuration: ""
[0.362s] -- Up-to-date: /home/ajoymathew07/Documents/Catatron_ros2/install/catatron_description/share/catatron_description//launch
[0.362s] -- Up-to-date: /home/ajoymathew07/Documents/Catatron_ros2/install/catatron_description/share/catatron_description//launch/rviz_fake_joint.launch.py
[0.362s] -- Up-to-date: /home/ajoymathew07/Documents/Catatron_ros2/install/catatron_description/share/catatron_description//meshes
[0.362s] -- Installing: /home/ajoymathew07/Documents/Catatron_ros2/install/catatron_description/share/catatron_description//meshes/body_obj.dae
[0.366s] -- Installing: /home/ajoymathew07/Documents/Catatron_ros2/install/catatron_description/share/catatron_description//meshes/R2_obj.dae
[0.370s] -- Installing: /home/ajoymathew07/Documents/Catatron_ros2/install/catatron_description/share/catatron_description//meshes/FR1_obj.dae
[0.371s] -- Installing: /home/ajoymathew07/Documents/Catatron_ros2/install/catatron_description/share/catatron_description//meshes/R3_obj.dae
[0.372s] -- Installing: /home/ajoymathew07/Documents/Catatron_ros2/install/catatron_description/share/catatron_description//meshes/RL1_obj.dae
[0.375s] -- Installing: /home/ajoymathew07/Documents/Catatron_ros2/install/catatron_description/share/catatron_description//meshes/RR1_obj.dae
[0.377s] -- Installing: /home/ajoymathew07/Documents/Catatron_ros2/install/catatron_description/share/catatron_description//meshes/L3_obj.dae
[0.378s] -- Installing: /home/ajoymathew07/Documents/Catatron_ros2/install/catatron_description/share/catatron_description//meshes/L2_obj.dae
[0.381s] -- Installing: /home/ajoymathew07/Documents/Catatron_ros2/install/catatron_description/share/catatron_description//meshes/lidar.dae
[0.381s] -- Installing: /home/ajoymathew07/Documents/Catatron_ros2/install/catatron_description/share/catatron_description//meshes/FL1_obj.dae
[0.383s] -- Up-to-date: /home/ajoymathew07/Documents/Catatron_ros2/install/catatron_description/share/catatron_description//rviz
[0.383s] -- Up-to-date: /home/ajoymathew07/Documents/Catatron_ros2/install/catatron_description/share/catatron_description//rviz/rviz_fake_joints.rviz
[0.383s] -- Up-to-date: /home/ajoymathew07/Documents/Catatron_ros2/install/catatron_description/share/catatron_description//urdf
[0.383s] -- Up-to-date: /home/ajoymathew07/Documents/Catatron_ros2/install/catatron_description/share/catatron_description//urdf/xacro
[0.384s] -- Up-to-date: /home/ajoymathew07/Documents/Catatron_ros2/install/catatron_description/share/catatron_description//urdf/xacro/gazebo.xacro
[0.384s] -- Up-to-date: /home/ajoymathew07/Documents/Catatron_ros2/install/catatron_description/share/catatron_description//urdf/xacro/transmision.xacro
[0.384s] -- Installing: /home/ajoymathew07/Documents/Catatron_ros2/install/catatron_description/share/catatron_description//urdf/catatron.urdf.xacro
[0.384s] -- Up-to-date: /home/ajoymathew07/Documents/Catatron_ros2/install/catatron_description/share/ament_index/resource_index/package_run_dependencies/catatron_description
[0.384s] -- Up-to-date: /home/ajoymathew07/Documents/Catatron_ros2/install/catatron_description/share/ament_index/resource_index/parent_prefix_path/catatron_description
[0.384s] -- Up-to-date: /home/ajoymathew07/Documents/Catatron_ros2/install/catatron_description/share/catatron_description/environment/ament_prefix_path.sh
[0.384s] -- Up-to-date: /home/ajoymathew07/Documents/Catatron_ros2/install/catatron_description/share/catatron_description/environment/ament_prefix_path.dsv
[0.384s] -- Up-to-date: /home/ajoymathew07/Documents/Catatron_ros2/install/catatron_description/share/catatron_description/environment/path.sh
[0.384s] -- Up-to-date: /home/ajoymathew07/Documents/Catatron_ros2/install/catatron_description/share/catatron_description/environment/path.dsv
[0.384s] -- Up-to-date: /home/ajoymathew07/Documents/Catatron_ros2/install/catatron_description/share/catatron_description/local_setup.bash
[0.384s] -- Up-to-date: /home/ajoymathew07/Documents/Catatron_ros2/install/catatron_description/share/catatron_description/local_setup.sh
[0.384s] -- Up-to-date: /home/ajoymathew07/Documents/Catatron_ros2/install/catatron_description/share/catatron_description/local_setup.zsh
[0.384s] -- Up-to-date: /home/ajoymathew07/Documents/Catatron_ros2/install/catatron_description/share/catatron_description/local_setup.dsv
[0.384s] -- Installing: /home/ajoymathew07/Documents/Catatron_ros2/install/catatron_description/share/catatron_description/package.dsv
[0.384s] -- Up-to-date: /home/ajoymathew07/Documents/Catatron_ros2/install/catatron_description/share/ament_index/resource_index/packages/catatron_description
[0.384s] -- Up-to-date: /home/ajoymathew07/Documents/Catatron_ros2/install/catatron_description/share/catatron_description/cmake/catatron_descriptionConfig.cmake
[0.384s] -- Up-to-date: /home/ajoymathew07/Documents/Catatron_ros2/install/catatron_description/share/catatron_description/cmake/catatron_descriptionConfig-version.cmake
[0.384s] -- Up-to-date: /home/ajoymathew07/Documents/Catatron_ros2/install/catatron_description/share/catatron_description/package.xml
[0.387s] Invoked command in '/home/ajoymathew07/Documents/Catatron_ros2/build/catatron_description' returned '0': CMAKE_PREFIX_PATH=${CMAKE_PREFIX_PATH}:/home/ajoymathew07/Documents/Catatron_ros2/install/catatron_joystick:/home/ajoymathew07/Documents/Catatron_ros2/install/catatron_controller:/opt/ros/humble /usr/bin/cmake --install /home/ajoymathew07/Documents/Catatron_ros2/build/catatron_description
