-- Install configuration: ""
-- Up-to-date: /home/ajoymathew07/Documents/Catatron_ros2/install/catatron_gazebo/share/catatron_gazebo//launch
-- Up-to-date: /home/ajoymathew07/Documents/Catatron_ros2/install/catatron_gazebo/share/catatron_gazebo//launch/catatron_gazebo.launch.py
-- Up-to-date: /home/ajoymathew07/Documents/Catatron_ros2/install/catatron_gazebo/share/catatron_gazebo//launch/gazebo.launch.py
-- Up-to-date: /home/ajoymathew07/Documents/Catatron_ros2/install/catatron_gazebo/share/catatron_gazebo//launch/spawn_catatron.launch.py
-- Up-to-date: /home/ajoymathew07/Documents/Catatron_ros2/install/catatron_gazebo/share/catatron_gazebo//launch/controller.launch.py
-- Up-to-date: /home/ajoymathew07/Documents/Catatron_ros2/install/catatron_gazebo/share/catatron_gazebo//worlds
-- Up-to-date: /home/ajoymathew07/Documents/Catatron_ros2/install/catatron_gazebo/share/catatron_gazebo//worlds/office.world
-- Up-to-date: /home/ajoymathew07/Documents/Catatron_ros2/install/catatron_gazebo/share/catatron_gazebo//worlds/normal.world
-- Up-to-date: /home/ajoymathew07/Documents/Catatron_ros2/install/catatron_gazebo/share/ament_index/resource_index/package_run_dependencies/catatron_gazebo
-- Up-to-date: /home/ajoymathew07/Documents/Catatron_ros2/install/catatron_gazebo/share/ament_index/resource_index/parent_prefix_path/catatron_gazebo
-- Up-to-date: /home/ajoymathew07/Documents/Catatron_ros2/install/catatron_gazebo/share/catatron_gazebo/environment/ament_prefix_path.sh
-- Up-to-date: /home/ajoymathew07/Documents/Catatron_ros2/install/catatron_gazebo/share/catatron_gazebo/environment/ament_prefix_path.dsv
-- Up-to-date: /home/ajoymathew07/Documents/Catatron_ros2/install/catatron_gazebo/share/catatron_gazebo/environment/path.sh
-- Up-to-date: /home/ajoymathew07/Documents/Catatron_ros2/install/catatron_gazebo/share/catatron_gazebo/environment/path.dsv
-- Up-to-date: /home/ajoymathew07/Documents/Catatron_ros2/install/catatron_gazebo/share/catatron_gazebo/local_setup.bash
-- Up-to-date: /home/ajoymathew07/Documents/Catatron_ros2/install/catatron_gazebo/share/catatron_gazebo/local_setup.sh
-- Up-to-date: /home/ajoymathew07/Documents/Catatron_ros2/install/catatron_gazebo/share/catatron_gazebo/local_setup.zsh
-- Up-to-date: /home/ajoymathew07/Documents/Catatron_ros2/install/catatron_gazebo/share/catatron_gazebo/local_setup.dsv
-- Up-to-date: /home/ajoymathew07/Documents/Catatron_ros2/install/catatron_gazebo/share/catatron_gazebo/package.dsv
-- Up-to-date: /home/ajoymathew07/Documents/Catatron_ros2/install/catatron_gazebo/share/ament_index/resource_index/packages/catatron_gazebo
-- Up-to-date: /home/ajoymathew07/Documents/Catatron_ros2/install/catatron_gazebo/share/catatron_gazebo/cmake/catatron_gazeboConfig.cmake
-- Up-to-date: /home/ajoymathew07/Documents/Catatron_ros2/install/catatron_gazebo/share/catatron_gazebo/cmake/catatron_gazeboConfig-version.cmake
-- Up-to-date: /home/ajoymathew07/Documents/Catatron_ros2/install/catatron_gazebo/share/catatron_gazebo/package.xml
