[0.853s] Invoking command in '/home/ajoymathew07/Documents/Catatron_ros2/src/catatron_ros2-main/catatron_controller': PYTHONPATH=/home/ajoymathew07/Documents/Catatron_ros2/build/catatron_controller/prefix_override:/usr/lib/python3/dist-packages/colcon_core/task/python/colcon_distutils_commands:/home/ajoymathew07/Documents/Catatron_ros2/install/catatron_controller/lib/python3.10/site-packages:${PYTHONPATH} /usr/bin/python3 -W ignore:setup.py install is deprecated -W ignore:easy_install command is deprecated setup.py egg_info --egg-base ../../../build/catatron_controller build --build-base /home/ajoymathew07/Documents/Catatron_ros2/build/catatron_controller/build install --record /home/ajoymathew07/Documents/Catatron_ros2/build/catatron_controller/install.log --single-version-externally-managed install_data
[1.049s] running egg_info
[1.063s] creating ../../../build/catatron_controller/catatron_controller.egg-info
[1.063s] writing ../../../build/catatron_controller/catatron_controller.egg-info/PKG-INFO
[1.063s] writing dependency_links to ../../../build/catatron_controller/catatron_controller.egg-info/dependency_links.txt
[1.063s] writing entry points to ../../../build/catatron_controller/catatron_controller.egg-info/entry_points.txt
[1.063s] writing requirements to ../../../build/catatron_controller/catatron_controller.egg-info/requires.txt
[1.063s] writing top-level names to ../../../build/catatron_controller/catatron_controller.egg-info/top_level.txt
[1.064s] writing manifest file '../../../build/catatron_controller/catatron_controller.egg-info/SOURCES.txt'
[1.092s] reading manifest file '../../../build/catatron_controller/catatron_controller.egg-info/SOURCES.txt'
[1.093s] writing manifest file '../../../build/catatron_controller/catatron_controller.egg-info/SOURCES.txt'
[1.093s] running build
[1.093s] running build_py
[1.094s] creating /home/ajoymathew07/Documents/Catatron_ros2/build/catatron_controller/build/lib/catatron_controller
[1.094s] copying catatron_controller/__init__.py -> /home/ajoymathew07/Documents/Catatron_ros2/build/catatron_controller/build/lib/catatron_controller
[1.094s] copying catatron_controller/controller_quadruped.py -> /home/ajoymathew07/Documents/Catatron_ros2/build/catatron_controller/build/lib/catatron_controller
[1.094s] copying catatron_controller/controller_champ.py -> /home/ajoymathew07/Documents/Catatron_ros2/build/catatron_controller/build/lib/catatron_controller
[1.094s] creating /home/ajoymathew07/Documents/Catatron_ros2/build/catatron_controller/build/lib/catatron_controller/InverseKinematics
[1.094s] copying catatron_controller/InverseKinematics/__init__.py -> /home/ajoymathew07/Documents/Catatron_ros2/build/catatron_controller/build/lib/catatron_controller/InverseKinematics
[1.094s] copying catatron_controller/InverseKinematics/robot_IK.py -> /home/ajoymathew07/Documents/Catatron_ros2/build/catatron_controller/build/lib/catatron_controller/InverseKinematics
[1.095s] creating /home/ajoymathew07/Documents/Catatron_ros2/build/catatron_controller/build/lib/catatron_controller/RobotController
[1.095s] copying catatron_controller/RobotController/CrawlGaitController.py -> /home/ajoymathew07/Documents/Catatron_ros2/build/catatron_controller/build/lib/catatron_controller/RobotController
[1.095s] copying catatron_controller/RobotController/PIDController.py -> /home/ajoymathew07/Documents/Catatron_ros2/build/catatron_controller/build/lib/catatron_controller/RobotController
[1.095s] copying catatron_controller/RobotController/StandController.py -> /home/ajoymathew07/Documents/Catatron_ros2/build/catatron_controller/build/lib/catatron_controller/RobotController
[1.095s] copying catatron_controller/RobotController/__init__.py -> /home/ajoymathew07/Documents/Catatron_ros2/build/catatron_controller/build/lib/catatron_controller/RobotController
[1.095s] copying catatron_controller/RobotController/GaitController.py -> /home/ajoymathew07/Documents/Catatron_ros2/build/catatron_controller/build/lib/catatron_controller/RobotController
[1.095s] copying catatron_controller/RobotController/RobotController.py -> /home/ajoymathew07/Documents/Catatron_ros2/build/catatron_controller/build/lib/catatron_controller/RobotController
[1.095s] copying catatron_controller/RobotController/RestController.py -> /home/ajoymathew07/Documents/Catatron_ros2/build/catatron_controller/build/lib/catatron_controller/RobotController
[1.095s] copying catatron_controller/RobotController/TrotGaitController.py -> /home/ajoymathew07/Documents/Catatron_ros2/build/catatron_controller/build/lib/catatron_controller/RobotController
[1.096s] copying catatron_controller/RobotController/StateCommand.py -> /home/ajoymathew07/Documents/Catatron_ros2/build/catatron_controller/build/lib/catatron_controller/RobotController
[1.096s] creating /home/ajoymathew07/Documents/Catatron_ros2/build/catatron_controller/build/lib/catatron_controller/RoboticsUtilities
[1.096s] copying catatron_controller/RoboticsUtilities/__init__.py -> /home/ajoymathew07/Documents/Catatron_ros2/build/catatron_controller/build/lib/catatron_controller/RoboticsUtilities
[1.096s] copying catatron_controller/RoboticsUtilities/Transformations.py -> /home/ajoymathew07/Documents/Catatron_ros2/build/catatron_controller/build/lib/catatron_controller/RoboticsUtilities
[1.097s] running install
[1.100s] running install_lib
[1.114s] creating /home/ajoymathew07/Documents/Catatron_ros2/install/catatron_controller/lib/python3.10/site-packages/catatron_controller
[1.114s] creating /home/ajoymathew07/Documents/Catatron_ros2/install/catatron_controller/lib/python3.10/site-packages/catatron_controller/InverseKinematics
[1.114s] copying /home/ajoymathew07/Documents/Catatron_ros2/build/catatron_controller/build/lib/catatron_controller/InverseKinematics/__init__.py -> /home/ajoymathew07/Documents/Catatron_ros2/install/catatron_controller/lib/python3.10/site-packages/catatron_controller/InverseKinematics
[1.115s] copying /home/ajoymathew07/Documents/Catatron_ros2/build/catatron_controller/build/lib/catatron_controller/InverseKinematics/robot_IK.py -> /home/ajoymathew07/Documents/Catatron_ros2/install/catatron_controller/lib/python3.10/site-packages/catatron_controller/InverseKinematics
[1.115s] copying /home/ajoymathew07/Documents/Catatron_ros2/build/catatron_controller/build/lib/catatron_controller/__init__.py -> /home/ajoymathew07/Documents/Catatron_ros2/install/catatron_controller/lib/python3.10/site-packages/catatron_controller
[1.115s] creating /home/ajoymathew07/Documents/Catatron_ros2/install/catatron_controller/lib/python3.10/site-packages/catatron_controller/RobotController
[1.115s] copying /home/ajoymathew07/Documents/Catatron_ros2/build/catatron_controller/build/lib/catatron_controller/RobotController/CrawlGaitController.py -> /home/ajoymathew07/Documents/Catatron_ros2/install/catatron_controller/lib/python3.10/site-packages/catatron_controller/RobotController
[1.115s] copying /home/ajoymathew07/Documents/Catatron_ros2/build/catatron_controller/build/lib/catatron_controller/RobotController/PIDController.py -> /home/ajoymathew07/Documents/Catatron_ros2/install/catatron_controller/lib/python3.10/site-packages/catatron_controller/RobotController
[1.115s] copying /home/ajoymathew07/Documents/Catatron_ros2/build/catatron_controller/build/lib/catatron_controller/RobotController/StandController.py -> /home/ajoymathew07/Documents/Catatron_ros2/install/catatron_controller/lib/python3.10/site-packages/catatron_controller/RobotController
[1.115s] copying /home/ajoymathew07/Documents/Catatron_ros2/build/catatron_controller/build/lib/catatron_controller/RobotController/__init__.py -> /home/ajoymathew07/Documents/Catatron_ros2/install/catatron_controller/lib/python3.10/site-packages/catatron_controller/RobotController
[1.115s] copying /home/ajoymathew07/Documents/Catatron_ros2/build/catatron_controller/build/lib/catatron_controller/RobotController/GaitController.py -> /home/ajoymathew07/Documents/Catatron_ros2/install/catatron_controller/lib/python3.10/site-packages/catatron_controller/RobotController
[1.115s] copying /home/ajoymathew07/Documents/Catatron_ros2/build/catatron_controller/build/lib/catatron_controller/RobotController/RobotController.py -> /home/ajoymathew07/Documents/Catatron_ros2/install/catatron_controller/lib/python3.10/site-packages/catatron_controller/RobotController
[1.115s] copying /home/ajoymathew07/Documents/Catatron_ros2/build/catatron_controller/build/lib/catatron_controller/RobotController/RestController.py -> /home/ajoymathew07/Documents/Catatron_ros2/install/catatron_controller/lib/python3.10/site-packages/catatron_controller/RobotController
[1.116s] copying /home/ajoymathew07/Documents/Catatron_ros2/build/catatron_controller/build/lib/catatron_controller/RobotController/TrotGaitController.py -> /home/ajoymathew07/Documents/Catatron_ros2/install/catatron_controller/lib/python3.10/site-packages/catatron_controller/RobotController
[1.116s] copying /home/ajoymathew07/Documents/Catatron_ros2/build/catatron_controller/build/lib/catatron_controller/RobotController/StateCommand.py -> /home/ajoymathew07/Documents/Catatron_ros2/install/catatron_controller/lib/python3.10/site-packages/catatron_controller/RobotController
[1.116s] creating /home/ajoymathew07/Documents/Catatron_ros2/install/catatron_controller/lib/python3.10/site-packages/catatron_controller/RoboticsUtilities
[1.116s] copying /home/ajoymathew07/Documents/Catatron_ros2/build/catatron_controller/build/lib/catatron_controller/RoboticsUtilities/__init__.py -> /home/ajoymathew07/Documents/Catatron_ros2/install/catatron_controller/lib/python3.10/site-packages/catatron_controller/RoboticsUtilities
[1.116s] copying /home/ajoymathew07/Documents/Catatron_ros2/build/catatron_controller/build/lib/catatron_controller/RoboticsUtilities/Transformations.py -> /home/ajoymathew07/Documents/Catatron_ros2/install/catatron_controller/lib/python3.10/site-packages/catatron_controller/RoboticsUtilities
[1.117s] copying /home/ajoymathew07/Documents/Catatron_ros2/build/catatron_controller/build/lib/catatron_controller/controller_quadruped.py -> /home/ajoymathew07/Documents/Catatron_ros2/install/catatron_controller/lib/python3.10/site-packages/catatron_controller
[1.117s] copying /home/ajoymathew07/Documents/Catatron_ros2/build/catatron_controller/build/lib/catatron_controller/controller_champ.py -> /home/ajoymathew07/Documents/Catatron_ros2/install/catatron_controller/lib/python3.10/site-packages/catatron_controller
[1.117s] byte-compiling /home/ajoymathew07/Documents/Catatron_ros2/install/catatron_controller/lib/python3.10/site-packages/catatron_controller/InverseKinematics/__init__.py to __init__.cpython-310.pyc
[1.117s] byte-compiling /home/ajoymathew07/Documents/Catatron_ros2/install/catatron_controller/lib/python3.10/site-packages/catatron_controller/InverseKinematics/robot_IK.py to robot_IK.cpython-310.pyc
[1.117s] byte-compiling /home/ajoymathew07/Documents/Catatron_ros2/install/catatron_controller/lib/python3.10/site-packages/catatron_controller/__init__.py to __init__.cpython-310.pyc
[1.118s] byte-compiling /home/ajoymathew07/Documents/Catatron_ros2/install/catatron_controller/lib/python3.10/site-packages/catatron_controller/RobotController/CrawlGaitController.py to CrawlGaitController.cpython-310.pyc
[1.119s] byte-compiling /home/ajoymathew07/Documents/Catatron_ros2/install/catatron_controller/lib/python3.10/site-packages/catatron_controller/RobotController/PIDController.py to PIDController.cpython-310.pyc
[1.119s] byte-compiling /home/ajoymathew07/Documents/Catatron_ros2/install/catatron_controller/lib/python3.10/site-packages/catatron_controller/RobotController/StandController.py to StandController.cpython-310.pyc
[1.120s] byte-compiling /home/ajoymathew07/Documents/Catatron_ros2/install/catatron_controller/lib/python3.10/site-packages/catatron_controller/RobotController/__init__.py to __init__.cpython-310.pyc
[1.120s] byte-compiling /home/ajoymathew07/Documents/Catatron_ros2/install/catatron_controller/lib/python3.10/site-packages/catatron_controller/RobotController/GaitController.py to GaitController.cpython-310.pyc
[1.120s] byte-compiling /home/ajoymathew07/Documents/Catatron_ros2/install/catatron_controller/lib/python3.10/site-packages/catatron_controller/RobotController/RobotController.py to RobotController.cpython-310.pyc
[1.121s] byte-compiling /home/ajoymathew07/Documents/Catatron_ros2/install/catatron_controller/lib/python3.10/site-packages/catatron_controller/RobotController/RestController.py to RestController.cpython-310.pyc
[1.121s] byte-compiling /home/ajoymathew07/Documents/Catatron_ros2/install/catatron_controller/lib/python3.10/site-packages/catatron_controller/RobotController/TrotGaitController.py to TrotGaitController.cpython-310.pyc
[1.122s] byte-compiling /home/ajoymathew07/Documents/Catatron_ros2/install/catatron_controller/lib/python3.10/site-packages/catatron_controller/RobotController/StateCommand.py to StateCommand.cpython-310.pyc
[1.122s] byte-compiling /home/ajoymathew07/Documents/Catatron_ros2/install/catatron_controller/lib/python3.10/site-packages/catatron_controller/RoboticsUtilities/__init__.py to __init__.cpython-310.pyc
[1.122s] byte-compiling /home/ajoymathew07/Documents/Catatron_ros2/install/catatron_controller/lib/python3.10/site-packages/catatron_controller/RoboticsUtilities/Transformations.py to Transformations.cpython-310.pyc
[1.123s] byte-compiling /home/ajoymathew07/Documents/Catatron_ros2/install/catatron_controller/lib/python3.10/site-packages/catatron_controller/controller_quadruped.py to controller_quadruped.cpython-310.pyc
[1.123s] byte-compiling /home/ajoymathew07/Documents/Catatron_ros2/install/catatron_controller/lib/python3.10/site-packages/catatron_controller/controller_champ.py to controller_champ.cpython-310.pyc
[1.124s] running install_data
[1.124s] creating /home/ajoymathew07/Documents/Catatron_ros2/install/catatron_controller/share/ament_index/resource_index/packages
[1.124s] copying resource/catatron_controller -> /home/ajoymathew07/Documents/Catatron_ros2/install/catatron_controller/share/ament_index/resource_index/packages
[1.124s] copying package.xml -> /home/ajoymathew07/Documents/Catatron_ros2/install/catatron_controller/share/catatron_controller
[1.125s] creating /home/ajoymathew07/Documents/Catatron_ros2/install/catatron_controller/share/catatron_controller/config
[1.125s] copying config/gazebo.yaml -> /home/ajoymathew07/Documents/Catatron_ros2/install/catatron_controller/share/catatron_controller/config
[1.125s] copying config/champ_controller.yaml -> /home/ajoymathew07/Documents/Catatron_ros2/install/catatron_controller/share/catatron_controller/config
[1.125s] copying config/catatron_controller.yaml -> /home/ajoymathew07/Documents/Catatron_ros2/install/catatron_controller/share/catatron_controller/config
[1.125s] running install_egg_info
[1.140s] Copying ../../../build/catatron_controller/catatron_controller.egg-info to /home/ajoymathew07/Documents/Catatron_ros2/install/catatron_controller/lib/python3.10/site-packages/catatron_controller-0.0.0-py3.10.egg-info
[1.140s] running install_scripts
[1.257s] Installing controller_champ script to /home/ajoymathew07/Documents/Catatron_ros2/install/catatron_controller/lib/catatron_controller
[1.258s] Installing controller_quadruped script to /home/ajoymathew07/Documents/Catatron_ros2/install/catatron_controller/lib/catatron_controller
[1.258s] Installing test_caminata script to /home/ajoymathew07/Documents/Catatron_ros2/install/catatron_controller/lib/catatron_controller
[1.258s] writing list of installed files to '/home/ajoymathew07/Documents/Catatron_ros2/build/catatron_controller/install.log'
[1.290s] Invoked command in '/home/ajoymathew07/Documents/Catatron_ros2/src/catatron_ros2-main/catatron_controller' returned '0': PYTHONPATH=/home/ajoymathew07/Documents/Catatron_ros2/build/catatron_controller/prefix_override:/usr/lib/python3/dist-packages/colcon_core/task/python/colcon_distutils_commands:/home/ajoymathew07/Documents/Catatron_ros2/install/catatron_controller/lib/python3.10/site-packages:${PYTHONPATH} /usr/bin/python3 -W ignore:setup.py install is deprecated -W ignore:easy_install command is deprecated setup.py egg_info --egg-base ../../../build/catatron_controller build --build-base /home/ajoymathew07/Documents/Catatron_ros2/build/catatron_controller/build install --record /home/ajoymathew07/Documents/Catatron_ros2/build/catatron_controller/install.log --single-version-externally-managed install_data
