[0.168s] Invoking command in '/home/ajoymathew07/Documents/Catatron_ros2/build/catatron_description': CMAKE_PREFIX_PATH=${CMAKE_PREFIX_PATH}:/home/ajoymathew07/Documents/Catatron_ros2/install/catatron_joystick:/home/ajoymathew07/Documents/Catatron_ros2/install/catatron_controller:/opt/ros/humble /usr/bin/cmake /home/ajoymathew07/Documents/Catatron_ros2/src/catatron_ros2-main/catatron_description -DCMAKE_INSTALL_PREFIX=/home/ajoymathew07/Documents/Catatron_ros2/install/catatron_description
[0.213s] -- The C compiler identification is GNU 11.4.0
[0.259s] -- The CXX compiler identification is GNU 11.4.0
[0.264s] -- Detecting C compiler ABI info
[0.323s] -- Detecting C compiler ABI info - done
[0.328s] -- Check for working C compiler: /usr/bin/cc - skipped
[0.329s] -- Detecting C compile features
[0.329s] -- Detecting C compile features - done
[0.331s] -- Detecting CXX compiler ABI info
[0.399s] -- Detecting CXX compiler ABI info - done
[0.405s] -- Check for working CXX compiler: /usr/bin/c++ - skipped
[0.405s] -- Detecting CXX compile features
[0.406s] -- Detecting CXX compile features - done
[0.408s] -- Found ament_cmake: 1.3.11 (/opt/ros/humble/share/ament_cmake/cmake)
[0.702s] -- Found Python3: /usr/bin/python3 (found version "3.10.12") found components: Interpreter 
[0.773s] -- Found rclcpp: 16.0.11 (/opt/ros/humble/share/rclcpp/cmake)
[0.809s] -- Found rosidl_generator_c: 3.1.6 (/opt/ros/humble/share/rosidl_generator_c/cmake)
[0.814s] -- Found rosidl_adapter: 3.1.6 (/opt/ros/humble/share/rosidl_adapter/cmake)
[0.821s] -- Found rosidl_generator_cpp: 3.1.6 (/opt/ros/humble/share/rosidl_generator_cpp/cmake)
[0.831s] -- Using all available rosidl_typesupport_c: rosidl_typesupport_fastrtps_c;rosidl_typesupport_introspection_c
[0.847s] -- Using all available rosidl_typesupport_cpp: rosidl_typesupport_fastrtps_cpp;rosidl_typesupport_introspection_cpp
[0.876s] -- Found rmw_implementation_cmake: 6.1.2 (/opt/ros/humble/share/rmw_implementation_cmake/cmake)
[0.878s] -- Found rmw_fastrtps_cpp: 6.2.7 (/opt/ros/humble/share/rmw_fastrtps_cpp/cmake)
[0.957s] -- Found OpenSSL: /usr/lib/x86_64-linux-gnu/libcrypto.so (found version "3.0.2")  
[0.982s] -- Found FastRTPS: /opt/ros/humble/include  
[1.021s] -- Using RMW implementation 'rmw_fastrtps_cpp' as default
[1.028s] -- Looking for pthread.h
[1.088s] -- Looking for pthread.h - found
[1.088s] -- Performing Test CMAKE_HAVE_LIBC_PTHREAD
[1.150s] -- Performing Test CMAKE_HAVE_LIBC_PTHREAD - Success
[1.151s] -- Found Threads: TRUE  
[1.191s] -- Found xacro: 2.0.8 (/opt/ros/humble/share/xacro/cmake)
[1.193s] -- Found robot_state_publisher: 3.0.3 (/opt/ros/humble/share/robot_state_publisher/cmake)
[1.217s] -- Found eigen3_cmake_module: 0.1.1 (/opt/ros/humble/share/eigen3_cmake_module/cmake)
[1.218s] -- Found Eigen3: TRUE (found version "3.4.0") 
[1.218s] -- Ensuring Eigen3 include directory is part of orocos-kdl CMake target
[1.387s] -- Configuring done
[1.392s] -- Generating done
[1.394s] -- Build files have been written to: /home/ajoymathew07/Documents/Catatron_ros2/build/catatron_description
[1.405s] Invoked command in '/home/ajoymathew07/Documents/Catatron_ros2/build/catatron_description' returned '0': CMAKE_PREFIX_PATH=${CMAKE_PREFIX_PATH}:/home/ajoymathew07/Documents/Catatron_ros2/install/catatron_joystick:/home/ajoymathew07/Documents/Catatron_ros2/install/catatron_controller:/opt/ros/humble /usr/bin/cmake /home/ajoymathew07/Documents/Catatron_ros2/src/catatron_ros2-main/catatron_description -DCMAKE_INSTALL_PREFIX=/home/ajoymathew07/Documents/Catatron_ros2/install/catatron_description
[1.405s] Invoking command in '/home/ajoymathew07/Documents/Catatron_ros2/build/catatron_description': CMAKE_PREFIX_PATH=${CMAKE_PREFIX_PATH}:/home/ajoymathew07/Documents/Catatron_ros2/install/catatron_joystick:/home/ajoymathew07/Documents/Catatron_ros2/install/catatron_controller:/opt/ros/humble /usr/bin/cmake --build /home/ajoymathew07/Documents/Catatron_ros2/build/catatron_description -- -j16 -l16
[1.444s] Invoked command in '/home/ajoymathew07/Documents/Catatron_ros2/build/catatron_description' returned '0': CMAKE_PREFIX_PATH=${CMAKE_PREFIX_PATH}:/home/ajoymathew07/Documents/Catatron_ros2/install/catatron_joystick:/home/ajoymathew07/Documents/Catatron_ros2/install/catatron_controller:/opt/ros/humble /usr/bin/cmake --build /home/ajoymathew07/Documents/Catatron_ros2/build/catatron_description -- -j16 -l16
[1.446s] Invoking command in '/home/ajoymathew07/Documents/Catatron_ros2/build/catatron_description': CMAKE_PREFIX_PATH=${CMAKE_PREFIX_PATH}:/home/ajoymathew07/Documents/Catatron_ros2/install/catatron_joystick:/home/ajoymathew07/Documents/Catatron_ros2/install/catatron_controller:/opt/ros/humble /usr/bin/cmake --install /home/ajoymathew07/Documents/Catatron_ros2/build/catatron_description
[1.453s] -- Install configuration: ""
[1.453s] -- Installing: /home/ajoymathew07/Documents/Catatron_ros2/install/catatron_description/share/catatron_description//launch
[1.453s] -- Installing: /home/ajoymathew07/Documents/Catatron_ros2/install/catatron_description/share/catatron_description//launch/rviz_fake_joint.launch.py
[1.453s] -- Installing: /home/ajoymathew07/Documents/Catatron_ros2/install/catatron_description/share/catatron_description//meshes
[1.453s] -- Installing: /home/ajoymathew07/Documents/Catatron_ros2/install/catatron_description/share/catatron_description//meshes/FR1_obj.obj
[1.458s] -- Installing: /home/ajoymathew07/Documents/Catatron_ros2/install/catatron_description/share/catatron_description//meshes/FL1_obj.mtl
[1.459s] -- Installing: /home/ajoymathew07/Documents/Catatron_ros2/install/catatron_description/share/catatron_description//meshes/thread.jpg
[1.459s] -- Installing: /home/ajoymathew07/Documents/Catatron_ros2/install/catatron_description/share/catatron_description//meshes/L2_obj.mtl
[1.459s] -- Installing: /home/ajoymathew07/Documents/Catatron_ros2/install/catatron_description/share/catatron_description//meshes/L3_obj.obj
[1.462s] -- Installing: /home/ajoymathew07/Documents/Catatron_ros2/install/catatron_description/share/catatron_description//meshes/R3_obj.mtl
[1.462s] -- Installing: /home/ajoymathew07/Documents/Catatron_ros2/install/catatron_description/share/catatron_description//meshes/body_obj.obj
[1.539s] -- Installing: /home/ajoymathew07/Documents/Catatron_ros2/install/catatron_description/share/catatron_description//meshes/FR1_obj.mtl
[1.539s] -- Installing: /home/ajoymathew07/Documents/Catatron_ros2/install/catatron_description/share/catatron_description//meshes/FL1_obj.obj
[1.546s] -- Installing: /home/ajoymathew07/Documents/Catatron_ros2/install/catatron_description/share/catatron_description//meshes/RR1_obj.obj
[1.553s] -- Installing: /home/ajoymathew07/Documents/Catatron_ros2/install/catatron_description/share/catatron_description//meshes/RL1_obj.mtl
[1.554s] -- Installing: /home/ajoymathew07/Documents/Catatron_ros2/install/catatron_description/share/catatron_description//meshes/RL1_obj.obj
[1.561s] -- Installing: /home/ajoymathew07/Documents/Catatron_ros2/install/catatron_description/share/catatron_description//meshes/RR1_obj.mtl
[1.561s] -- Installing: /home/ajoymathew07/Documents/Catatron_ros2/install/catatron_description/share/catatron_description//meshes/L2_obj.obj
[1.566s] -- Installing: /home/ajoymathew07/Documents/Catatron_ros2/install/catatron_description/share/catatron_description//meshes/R2_obj.mtl
[1.566s] -- Installing: /home/ajoymathew07/Documents/Catatron_ros2/install/catatron_description/share/catatron_description//meshes/R2_obj.obj
[1.571s] -- Installing: /home/ajoymathew07/Documents/Catatron_ros2/install/catatron_description/share/catatron_description//meshes/L3_obj.mtl
[1.571s] -- Installing: /home/ajoymathew07/Documents/Catatron_ros2/install/catatron_description/share/catatron_description//meshes/R3_obj.obj
[1.575s] -- Installing: /home/ajoymathew07/Documents/Catatron_ros2/install/catatron_description/share/catatron_description//meshes/rb1_base_v3.stl
[1.575s] -- Installing: /home/ajoymathew07/Documents/Catatron_ros2/install/catatron_description/share/catatron_description//meshes/body_obj.mtl
[1.575s] -- Installing: /home/ajoymathew07/Documents/Catatron_ros2/install/catatron_description/share/catatron_description//rviz
[1.575s] -- Installing: /home/ajoymathew07/Documents/Catatron_ros2/install/catatron_description/share/catatron_description//rviz/rviz_fake_joints.rviz
[1.576s] -- Installing: /home/ajoymathew07/Documents/Catatron_ros2/install/catatron_description/share/catatron_description//urdf
[1.576s] -- Installing: /home/ajoymathew07/Documents/Catatron_ros2/install/catatron_description/share/catatron_description//urdf/xacro
[1.576s] -- Installing: /home/ajoymathew07/Documents/Catatron_ros2/install/catatron_description/share/catatron_description//urdf/xacro/gazebo.xacro
[1.576s] -- Installing: /home/ajoymathew07/Documents/Catatron_ros2/install/catatron_description/share/catatron_description//urdf/xacro/transmision.xacro
[1.576s] -- Installing: /home/ajoymathew07/Documents/Catatron_ros2/install/catatron_description/share/catatron_description//urdf/catatron.urdf.xacro
[1.576s] -- Installing: /home/ajoymathew07/Documents/Catatron_ros2/install/catatron_description/share/ament_index/resource_index/package_run_dependencies/catatron_description
[1.576s] -- Installing: /home/ajoymathew07/Documents/Catatron_ros2/install/catatron_description/share/ament_index/resource_index/parent_prefix_path/catatron_description
[1.577s] -- Installing: /home/ajoymathew07/Documents/Catatron_ros2/install/catatron_description/share/catatron_description/environment/ament_prefix_path.sh
[1.577s] -- Installing: /home/ajoymathew07/Documents/Catatron_ros2/install/catatron_description/share/catatron_description/environment/ament_prefix_path.dsv
[1.577s] -- Installing: /home/ajoymathew07/Documents/Catatron_ros2/install/catatron_description/share/catatron_description/environment/path.sh
[1.577s] -- Installing: /home/ajoymathew07/Documents/Catatron_ros2/install/catatron_description/share/catatron_description/environment/path.dsv
[1.577s] -- Installing: /home/ajoymathew07/Documents/Catatron_ros2/install/catatron_description/share/catatron_description/local_setup.bash
[1.577s] -- Installing: /home/ajoymathew07/Documents/Catatron_ros2/install/catatron_description/share/catatron_description/local_setup.sh
[1.577s] -- Installing: /home/ajoymathew07/Documents/Catatron_ros2/install/catatron_description/share/catatron_description/local_setup.zsh
[1.578s] -- Installing: /home/ajoymathew07/Documents/Catatron_ros2/install/catatron_description/share/catatron_description/local_setup.dsv
[1.578s] -- Installing: /home/ajoymathew07/Documents/Catatron_ros2/install/catatron_description/share/catatron_description/package.dsv
[1.578s] -- Installing: /home/ajoymathew07/Documents/Catatron_ros2/install/catatron_description/share/ament_index/resource_index/packages/catatron_description
[1.578s] -- Installing: /home/ajoymathew07/Documents/Catatron_ros2/install/catatron_description/share/catatron_description/cmake/catatron_descriptionConfig.cmake
[1.578s] -- Installing: /home/ajoymathew07/Documents/Catatron_ros2/install/catatron_description/share/catatron_description/cmake/catatron_descriptionConfig-version.cmake
[1.578s] -- Installing: /home/ajoymathew07/Documents/Catatron_ros2/install/catatron_description/share/catatron_description/package.xml
[1.581s] Invoked command in '/home/ajoymathew07/Documents/Catatron_ros2/build/catatron_description' returned '0': CMAKE_PREFIX_PATH=${CMAKE_PREFIX_PATH}:/home/ajoymathew07/Documents/Catatron_ros2/install/catatron_joystick:/home/ajoymathew07/Documents/Catatron_ros2/install/catatron_controller:/opt/ros/humble /usr/bin/cmake --install /home/ajoymathew07/Documents/Catatron_ros2/build/catatron_description
