-- The C compiler identification is GNU 11.4.0
-- The CXX compiler identification is GNU 11.4.0
-- Detecting C compiler ABI info
-- Detecting C compiler ABI info - done
-- Check for working C compiler: /usr/bin/cc - skipped
-- Detecting C compile features
-- Detecting C compile features - done
-- Detecting CXX compiler ABI info
-- Detecting CXX compiler ABI info - done
-- Check for working CXX compiler: /usr/bin/c++ - skipped
-- Detecting CXX compile features
-- Detecting CXX compile features - done
-- Found ament_cmake: 1.3.11 (/opt/ros/humble/share/ament_cmake/cmake)
-- Found Python3: /usr/bin/python3 (found version "3.10.12") found components: Interpreter 
-- Found rclcpp: 16.0.11 (/opt/ros/humble/share/rclcpp/cmake)
-- Found rosidl_generator_c: 3.1.6 (/opt/ros/humble/share/rosidl_generator_c/cmake)
-- Found rosidl_adapter: 3.1.6 (/opt/ros/humble/share/rosidl_adapter/cmake)
-- Found rosidl_generator_cpp: 3.1.6 (/opt/ros/humble/share/rosidl_generator_cpp/cmake)
-- Using all available rosidl_typesupport_c: rosidl_typesupport_fastrtps_c;rosidl_typesupport_introspection_c
-- Using all available rosidl_typesupport_cpp: rosidl_typesupport_fastrtps_cpp;rosidl_typesupport_introspection_cpp
-- Found rmw_implementation_cmake: 6.1.2 (/opt/ros/humble/share/rmw_implementation_cmake/cmake)
-- Found rmw_fastrtps_cpp: 6.2.7 (/opt/ros/humble/share/rmw_fastrtps_cpp/cmake)
-- Found OpenSSL: /usr/lib/x86_64-linux-gnu/libcrypto.so (found version "3.0.2")  
-- Found FastRTPS: /opt/ros/humble/include  
-- Using RMW implementation 'rmw_fastrtps_cpp' as default
-- Looking for pthread.h
-- Looking for pthread.h - found
-- Performing Test CMAKE_HAVE_LIBC_PTHREAD
-- Performing Test CMAKE_HAVE_LIBC_PTHREAD - Success
-- Found Threads: TRUE  
-- Configuring done
-- Generating done
-- Build files have been written to: /home/ajoymathew07/Documents/Catatron_ros2/build/catatron_gazebo
-- Install configuration: ""
-- Installing: /home/ajoymathew07/Documents/Catatron_ros2/install/catatron_gazebo/share/catatron_gazebo//launch
-- Installing: /home/ajoymathew07/Documents/Catatron_ros2/install/catatron_gazebo/share/catatron_gazebo//launch/catatron_gazebo.launch.py
-- Installing: /home/ajoymathew07/Documents/Catatron_ros2/install/catatron_gazebo/share/catatron_gazebo//launch/gazebo.launch.py
-- Installing: /home/ajoymathew07/Documents/Catatron_ros2/install/catatron_gazebo/share/catatron_gazebo//launch/spawn_catatron.launch.py
-- Installing: /home/ajoymathew07/Documents/Catatron_ros2/install/catatron_gazebo/share/catatron_gazebo//launch/controller.launch.py
-- Installing: /home/ajoymathew07/Documents/Catatron_ros2/install/catatron_gazebo/share/catatron_gazebo//worlds
-- Installing: /home/ajoymathew07/Documents/Catatron_ros2/install/catatron_gazebo/share/catatron_gazebo//worlds/office.world
-- Installing: /home/ajoymathew07/Documents/Catatron_ros2/install/catatron_gazebo/share/catatron_gazebo//worlds/normal.world
-- Installing: /home/ajoymathew07/Documents/Catatron_ros2/install/catatron_gazebo/share/ament_index/resource_index/package_run_dependencies/catatron_gazebo
-- Installing: /home/ajoymathew07/Documents/Catatron_ros2/install/catatron_gazebo/share/ament_index/resource_index/parent_prefix_path/catatron_gazebo
-- Installing: /home/ajoymathew07/Documents/Catatron_ros2/install/catatron_gazebo/share/catatron_gazebo/environment/ament_prefix_path.sh
-- Installing: /home/ajoymathew07/Documents/Catatron_ros2/install/catatron_gazebo/share/catatron_gazebo/environment/ament_prefix_path.dsv
-- Installing: /home/ajoymathew07/Documents/Catatron_ros2/install/catatron_gazebo/share/catatron_gazebo/environment/path.sh
-- Installing: /home/ajoymathew07/Documents/Catatron_ros2/install/catatron_gazebo/share/catatron_gazebo/environment/path.dsv
-- Installing: /home/ajoymathew07/Documents/Catatron_ros2/install/catatron_gazebo/share/catatron_gazebo/local_setup.bash
-- Installing: /home/ajoymathew07/Documents/Catatron_ros2/install/catatron_gazebo/share/catatron_gazebo/local_setup.sh
-- Installing: /home/ajoymathew07/Documents/Catatron_ros2/install/catatron_gazebo/share/catatron_gazebo/local_setup.zsh
-- Installing: /home/ajoymathew07/Documents/Catatron_ros2/install/catatron_gazebo/share/catatron_gazebo/local_setup.dsv
-- Installing: /home/ajoymathew07/Documents/Catatron_ros2/install/catatron_gazebo/share/catatron_gazebo/package.dsv
-- Installing: /home/ajoymathew07/Documents/Catatron_ros2/install/catatron_gazebo/share/ament_index/resource_index/packages/catatron_gazebo
-- Installing: /home/ajoymathew07/Documents/Catatron_ros2/install/catatron_gazebo/share/catatron_gazebo/cmake/catatron_gazeboConfig.cmake
-- Installing: /home/ajoymathew07/Documents/Catatron_ros2/install/catatron_gazebo/share/catatron_gazebo/cmake/catatron_gazeboConfig-version.cmake
-- Installing: /home/ajoymathew07/Documents/Catatron_ros2/install/catatron_gazebo/share/catatron_gazebo/package.xml
