[0.167s] Invoking command in '/home/ajoymathew07/Documents/Catatron_ros2/build/catatron_gazebo': CMAKE_PREFIX_PATH=${CMAKE_PREFIX_PATH}:/home/ajoymathew07/Documents/Catatron_ros2/install/catatron_joystick:/home/ajoymathew07/Documents/Catatron_ros2/install/catatron_controller:/opt/ros/humble /usr/bin/cmake /home/ajoymathew07/Documents/Catatron_ros2/src/catatron_ros2-main/catatron_gazebo -DCMAKE_INSTALL_PREFIX=/home/ajoymathew07/Documents/Catatron_ros2/install/catatron_gazebo
[0.210s] -- The C compiler identification is GNU 11.4.0
[0.254s] -- The CXX compiler identification is GNU 11.4.0
[0.260s] -- Detecting C compiler ABI info
[0.320s] -- Detecting C compiler ABI info - done
[0.326s] -- Check for working C compiler: /usr/bin/cc - skipped
[0.326s] -- Detecting C compile features
[0.326s] -- Detecting C compile features - done
[0.328s] -- Detecting CXX compiler ABI info
[0.397s] -- Detecting CXX compiler ABI info - done
[0.403s] -- Check for working CXX compiler: /usr/bin/c++ - skipped
[0.403s] -- Detecting CXX compile features
[0.404s] -- Detecting CXX compile features - done
[0.406s] -- Found ament_cmake: 1.3.11 (/opt/ros/humble/share/ament_cmake/cmake)
[0.697s] -- Found Python3: /usr/bin/python3 (found version "3.10.12") found components: Interpreter 
[0.770s] -- Found rclcpp: 16.0.11 (/opt/ros/humble/share/rclcpp/cmake)
[0.806s] -- Found rosidl_generator_c: 3.1.6 (/opt/ros/humble/share/rosidl_generator_c/cmake)
[0.810s] -- Found rosidl_adapter: 3.1.6 (/opt/ros/humble/share/rosidl_adapter/cmake)
[0.817s] -- Found rosidl_generator_cpp: 3.1.6 (/opt/ros/humble/share/rosidl_generator_cpp/cmake)
[0.827s] -- Using all available rosidl_typesupport_c: rosidl_typesupport_fastrtps_c;rosidl_typesupport_introspection_c
[0.839s] -- Using all available rosidl_typesupport_cpp: rosidl_typesupport_fastrtps_cpp;rosidl_typesupport_introspection_cpp
[0.872s] -- Found rmw_implementation_cmake: 6.1.2 (/opt/ros/humble/share/rmw_implementation_cmake/cmake)
[0.874s] -- Found rmw_fastrtps_cpp: 6.2.7 (/opt/ros/humble/share/rmw_fastrtps_cpp/cmake)
[0.950s] -- Found OpenSSL: /usr/lib/x86_64-linux-gnu/libcrypto.so (found version "3.0.2")  
[0.975s] -- Found FastRTPS: /opt/ros/humble/include  
[1.014s] -- Using RMW implementation 'rmw_fastrtps_cpp' as default
[1.021s] -- Looking for pthread.h
[1.085s] -- Looking for pthread.h - found
[1.086s] -- Performing Test CMAKE_HAVE_LIBC_PTHREAD
[1.148s] -- Performing Test CMAKE_HAVE_LIBC_PTHREAD - Success
[1.149s] -- Found Threads: TRUE  
[1.237s] -- Configuring done
[1.241s] -- Generating done
[1.243s] -- Build files have been written to: /home/ajoymathew07/Documents/Catatron_ros2/build/catatron_gazebo
[1.253s] Invoked command in '/home/ajoymathew07/Documents/Catatron_ros2/build/catatron_gazebo' returned '0': CMAKE_PREFIX_PATH=${CMAKE_PREFIX_PATH}:/home/ajoymathew07/Documents/Catatron_ros2/install/catatron_joystick:/home/ajoymathew07/Documents/Catatron_ros2/install/catatron_controller:/opt/ros/humble /usr/bin/cmake /home/ajoymathew07/Documents/Catatron_ros2/src/catatron_ros2-main/catatron_gazebo -DCMAKE_INSTALL_PREFIX=/home/ajoymathew07/Documents/Catatron_ros2/install/catatron_gazebo
[1.255s] Invoking command in '/home/ajoymathew07/Documents/Catatron_ros2/build/catatron_gazebo': CMAKE_PREFIX_PATH=${CMAKE_PREFIX_PATH}:/home/ajoymathew07/Documents/Catatron_ros2/install/catatron_joystick:/home/ajoymathew07/Documents/Catatron_ros2/install/catatron_controller:/opt/ros/humble /usr/bin/cmake --build /home/ajoymathew07/Documents/Catatron_ros2/build/catatron_gazebo -- -j16 -l16
[1.295s] Invoked command in '/home/ajoymathew07/Documents/Catatron_ros2/build/catatron_gazebo' returned '0': CMAKE_PREFIX_PATH=${CMAKE_PREFIX_PATH}:/home/ajoymathew07/Documents/Catatron_ros2/install/catatron_joystick:/home/ajoymathew07/Documents/Catatron_ros2/install/catatron_controller:/opt/ros/humble /usr/bin/cmake --build /home/ajoymathew07/Documents/Catatron_ros2/build/catatron_gazebo -- -j16 -l16
[1.304s] Invoking command in '/home/ajoymathew07/Documents/Catatron_ros2/build/catatron_gazebo': CMAKE_PREFIX_PATH=${CMAKE_PREFIX_PATH}:/home/ajoymathew07/Documents/Catatron_ros2/install/catatron_joystick:/home/ajoymathew07/Documents/Catatron_ros2/install/catatron_controller:/opt/ros/humble /usr/bin/cmake --install /home/ajoymathew07/Documents/Catatron_ros2/build/catatron_gazebo
[1.310s] -- Install configuration: ""
[1.310s] -- Installing: /home/ajoymathew07/Documents/Catatron_ros2/install/catatron_gazebo/share/catatron_gazebo//launch
[1.310s] -- Installing: /home/ajoymathew07/Documents/Catatron_ros2/install/catatron_gazebo/share/catatron_gazebo//launch/catatron_gazebo.launch.py
[1.311s] -- Installing: /home/ajoymathew07/Documents/Catatron_ros2/install/catatron_gazebo/share/catatron_gazebo//launch/gazebo.launch.py
[1.311s] -- Installing: /home/ajoymathew07/Documents/Catatron_ros2/install/catatron_gazebo/share/catatron_gazebo//launch/spawn_catatron.launch.py
[1.311s] -- Installing: /home/ajoymathew07/Documents/Catatron_ros2/install/catatron_gazebo/share/catatron_gazebo//launch/controller.launch.py
[1.311s] -- Installing: /home/ajoymathew07/Documents/Catatron_ros2/install/catatron_gazebo/share/catatron_gazebo//worlds
[1.311s] -- Installing: /home/ajoymathew07/Documents/Catatron_ros2/install/catatron_gazebo/share/catatron_gazebo//worlds/office.world
[1.311s] -- Installing: /home/ajoymathew07/Documents/Catatron_ros2/install/catatron_gazebo/share/catatron_gazebo//worlds/normal.world
[1.311s] -- Installing: /home/ajoymathew07/Documents/Catatron_ros2/install/catatron_gazebo/share/ament_index/resource_index/package_run_dependencies/catatron_gazebo
[1.312s] -- Installing: /home/ajoymathew07/Documents/Catatron_ros2/install/catatron_gazebo/share/ament_index/resource_index/parent_prefix_path/catatron_gazebo
[1.312s] -- Installing: /home/ajoymathew07/Documents/Catatron_ros2/install/catatron_gazebo/share/catatron_gazebo/environment/ament_prefix_path.sh
[1.312s] -- Installing: /home/ajoymathew07/Documents/Catatron_ros2/install/catatron_gazebo/share/catatron_gazebo/environment/ament_prefix_path.dsv
[1.312s] -- Installing: /home/ajoymathew07/Documents/Catatron_ros2/install/catatron_gazebo/share/catatron_gazebo/environment/path.sh
[1.312s] -- Installing: /home/ajoymathew07/Documents/Catatron_ros2/install/catatron_gazebo/share/catatron_gazebo/environment/path.dsv
[1.312s] -- Installing: /home/ajoymathew07/Documents/Catatron_ros2/install/catatron_gazebo/share/catatron_gazebo/local_setup.bash
[1.312s] -- Installing: /home/ajoymathew07/Documents/Catatron_ros2/install/catatron_gazebo/share/catatron_gazebo/local_setup.sh
[1.312s] -- Installing: /home/ajoymathew07/Documents/Catatron_ros2/install/catatron_gazebo/share/catatron_gazebo/local_setup.zsh
[1.312s] -- Installing: /home/ajoymathew07/Documents/Catatron_ros2/install/catatron_gazebo/share/catatron_gazebo/local_setup.dsv
[1.313s] -- Installing: /home/ajoymathew07/Documents/Catatron_ros2/install/catatron_gazebo/share/catatron_gazebo/package.dsv
[1.313s] -- Installing: /home/ajoymathew07/Documents/Catatron_ros2/install/catatron_gazebo/share/ament_index/resource_index/packages/catatron_gazebo
[1.313s] -- Installing: /home/ajoymathew07/Documents/Catatron_ros2/install/catatron_gazebo/share/catatron_gazebo/cmake/catatron_gazeboConfig.cmake
[1.313s] -- Installing: /home/ajoymathew07/Documents/Catatron_ros2/install/catatron_gazebo/share/catatron_gazebo/cmake/catatron_gazeboConfig-version.cmake
[1.313s] -- Installing: /home/ajoymathew07/Documents/Catatron_ros2/install/catatron_gazebo/share/catatron_gazebo/package.xml
[1.316s] Invoked command in '/home/ajoymathew07/Documents/Catatron_ros2/build/catatron_gazebo' returned '0': CMAKE_PREFIX_PATH=${CMAKE_PREFIX_PATH}:/home/ajoymathew07/Documents/Catatron_ros2/install/catatron_joystick:/home/ajoymathew07/Documents/Catatron_ros2/install/catatron_controller:/opt/ros/humble /usr/bin/cmake --install /home/ajoymathew07/Documents/Catatron_ros2/build/catatron_gazebo
