[0.167s] Invoking command in '/home/ajoymathew07/Documents/Catatron_ros2/build/catatron_description': CMAKE_PREFIX_PATH=${CMAKE_PREFIX_PATH}:/home/ajoymathew07/Documents/Catatron_ros2/install/catatron_joystick:/home/ajoymathew07/Documents/Catatron_ros2/install/catatron_controller:/opt/ros/humble /usr/bin/cmake --build /home/ajoymathew07/Documents/Catatron_ros2/build/catatron_description -- -j16 -l16
[0.330s] Invoked command in '/home/ajoymathew07/Documents/Catatron_ros2/build/catatron_description' returned '0': CMAKE_PREFIX_PATH=${CMAKE_PREFIX_PATH}:/home/ajoymathew07/Documents/Catatron_ros2/install/catatron_joystick:/home/ajoymathew07/Documents/Catatron_ros2/install/catatron_controller:/opt/ros/humble /usr/bin/cmake --build /home/ajoymathew07/Documents/Catatron_ros2/build/catatron_description -- -j16 -l16
[0.341s] Invoking command in '/home/ajoymathew07/Documents/Catatron_ros2/build/catatron_description': CMAKE_PREFIX_PATH=${CMAKE_PREFIX_PATH}:/home/ajoymathew07/Documents/Catatron_ros2/install/catatron_joystick:/home/ajoymathew07/Documents/Catatron_ros2/install/catatron_controller:/opt/ros/humble /usr/bin/cmake --install /home/ajoymathew07/Documents/Catatron_ros2/build/catatron_description
[0.348s] -- Install configuration: ""
[0.348s] -- Up-to-date: /home/ajoymathew07/Documents/Catatron_ros2/install/catatron_description/share/catatron_description//launch
[0.348s] -- Up-to-date: /home/ajoymathew07/Documents/Catatron_ros2/install/catatron_description/share/catatron_description//launch/rviz_fake_joint.launch.py
[0.349s] -- Up-to-date: /home/ajoymathew07/Documents/Catatron_ros2/install/catatron_description/share/catatron_description//meshes
[0.349s] -- Up-to-date: /home/ajoymathew07/Documents/Catatron_ros2/install/catatron_description/share/catatron_description//meshes/FR1_obj.obj
[0.349s] -- Up-to-date: /home/ajoymathew07/Documents/Catatron_ros2/install/catatron_description/share/catatron_description//meshes/FL1_obj.mtl
[0.349s] -- Up-to-date: /home/ajoymathew07/Documents/Catatron_ros2/install/catatron_description/share/catatron_description//meshes/thread.jpg
[0.349s] -- Up-to-date: /home/ajoymathew07/Documents/Catatron_ros2/install/catatron_description/share/catatron_description//meshes/L2_obj.mtl
[0.349s] -- Up-to-date: /home/ajoymathew07/Documents/Catatron_ros2/install/catatron_description/share/catatron_description//meshes/L3_obj.obj
[0.350s] -- Up-to-date: /home/ajoymathew07/Documents/Catatron_ros2/install/catatron_description/share/catatron_description//meshes/R3_obj.mtl
[0.350s] -- Up-to-date: /home/ajoymathew07/Documents/Catatron_ros2/install/catatron_description/share/catatron_description//meshes/body_obj.obj
[0.350s] -- Up-to-date: /home/ajoymathew07/Documents/Catatron_ros2/install/catatron_description/share/catatron_description//meshes/FR1_obj.mtl
[0.350s] -- Up-to-date: /home/ajoymathew07/Documents/Catatron_ros2/install/catatron_description/share/catatron_description//meshes/FL1_obj.obj
[0.350s] -- Up-to-date: /home/ajoymathew07/Documents/Catatron_ros2/install/catatron_description/share/catatron_description//meshes/RR1_obj.obj
[0.350s] -- Up-to-date: /home/ajoymathew07/Documents/Catatron_ros2/install/catatron_description/share/catatron_description//meshes/RL1_obj.mtl
[0.350s] -- Up-to-date: /home/ajoymathew07/Documents/Catatron_ros2/install/catatron_description/share/catatron_description//meshes/RL1_obj.obj
[0.350s] -- Up-to-date: /home/ajoymathew07/Documents/Catatron_ros2/install/catatron_description/share/catatron_description//meshes/RR1_obj.mtl
[0.350s] -- Up-to-date: /home/ajoymathew07/Documents/Catatron_ros2/install/catatron_description/share/catatron_description//meshes/L2_obj.obj
[0.350s] -- Up-to-date: /home/ajoymathew07/Documents/Catatron_ros2/install/catatron_description/share/catatron_description//meshes/R2_obj.mtl
[0.350s] -- Up-to-date: /home/ajoymathew07/Documents/Catatron_ros2/install/catatron_description/share/catatron_description//meshes/R2_obj.obj
[0.350s] -- Up-to-date: /home/ajoymathew07/Documents/Catatron_ros2/install/catatron_description/share/catatron_description//meshes/L3_obj.mtl
[0.351s] -- Up-to-date: /home/ajoymathew07/Documents/Catatron_ros2/install/catatron_description/share/catatron_description//meshes/R3_obj.obj
[0.351s] -- Up-to-date: /home/ajoymathew07/Documents/Catatron_ros2/install/catatron_description/share/catatron_description//meshes/rb1_base_v3.stl
[0.351s] -- Up-to-date: /home/ajoymathew07/Documents/Catatron_ros2/install/catatron_description/share/catatron_description//meshes/body_obj.mtl
[0.351s] -- Up-to-date: /home/ajoymathew07/Documents/Catatron_ros2/install/catatron_description/share/catatron_description//rviz
[0.351s] -- Up-to-date: /home/ajoymathew07/Documents/Catatron_ros2/install/catatron_description/share/catatron_description//rviz/rviz_fake_joints.rviz
[0.351s] -- Up-to-date: /home/ajoymathew07/Documents/Catatron_ros2/install/catatron_description/share/catatron_description//urdf
[0.351s] -- Up-to-date: /home/ajoymathew07/Documents/Catatron_ros2/install/catatron_description/share/catatron_description//urdf/xacro
[0.351s] -- Up-to-date: /home/ajoymathew07/Documents/Catatron_ros2/install/catatron_description/share/catatron_description//urdf/xacro/gazebo.xacro
[0.351s] -- Up-to-date: /home/ajoymathew07/Documents/Catatron_ros2/install/catatron_description/share/catatron_description//urdf/xacro/transmision.xacro
[0.351s] -- Up-to-date: /home/ajoymathew07/Documents/Catatron_ros2/install/catatron_description/share/catatron_description//urdf/catatron.urdf.xacro
[0.351s] -- Up-to-date: /home/ajoymathew07/Documents/Catatron_ros2/install/catatron_description/share/ament_index/resource_index/package_run_dependencies/catatron_description
[0.352s] -- Up-to-date: /home/ajoymathew07/Documents/Catatron_ros2/install/catatron_description/share/ament_index/resource_index/parent_prefix_path/catatron_description
[0.352s] -- Up-to-date: /home/ajoymathew07/Documents/Catatron_ros2/install/catatron_description/share/catatron_description/environment/ament_prefix_path.sh
[0.353s] -- Up-to-date: /home/ajoymathew07/Documents/Catatron_ros2/install/catatron_description/share/catatron_description/environment/ament_prefix_path.dsv
[0.353s] -- Up-to-date: /home/ajoymathew07/Documents/Catatron_ros2/install/catatron_description/share/catatron_description/environment/path.sh
[0.353s] -- Up-to-date: /home/ajoymathew07/Documents/Catatron_ros2/install/catatron_description/share/catatron_description/environment/path.dsv
[0.353s] -- Up-to-date: /home/ajoymathew07/Documents/Catatron_ros2/install/catatron_description/share/catatron_description/local_setup.bash
[0.353s] -- Up-to-date: /home/ajoymathew07/Documents/Catatron_ros2/install/catatron_description/share/catatron_description/local_setup.sh
[0.353s] -- Up-to-date: /home/ajoymathew07/Documents/Catatron_ros2/install/catatron_description/share/catatron_description/local_setup.zsh
[0.354s] -- Up-to-date: /home/ajoymathew07/Documents/Catatron_ros2/install/catatron_description/share/catatron_description/local_setup.dsv
[0.354s] -- Installing: /home/ajoymathew07/Documents/Catatron_ros2/install/catatron_description/share/catatron_description/package.dsv
[0.354s] -- Up-to-date: /home/ajoymathew07/Documents/Catatron_ros2/install/catatron_description/share/ament_index/resource_index/packages/catatron_description
[0.354s] -- Up-to-date: /home/ajoymathew07/Documents/Catatron_ros2/install/catatron_description/share/catatron_description/cmake/catatron_descriptionConfig.cmake
[0.354s] -- Up-to-date: /home/ajoymathew07/Documents/Catatron_ros2/install/catatron_description/share/catatron_description/cmake/catatron_descriptionConfig-version.cmake
[0.354s] -- Up-to-date: /home/ajoymathew07/Documents/Catatron_ros2/install/catatron_description/share/catatron_description/package.xml
[0.354s] Invoked command in '/home/ajoymathew07/Documents/Catatron_ros2/build/catatron_description' returned '0': CMAKE_PREFIX_PATH=${CMAKE_PREFIX_PATH}:/home/ajoymathew07/Documents/Catatron_ros2/install/catatron_joystick:/home/ajoymathew07/Documents/Catatron_ros2/install/catatron_controller:/opt/ros/humble /usr/bin/cmake --install /home/ajoymathew07/Documents/Catatron_ros2/build/catatron_description
