[0.078s] DEBUG:colcon:Command line arguments: ['/usr/bin/colcon', 'build']
[0.078s] DEBUG:colcon:Parsed command line arguments: Namespace(log_base=None, log_level=None, verb_name='build', build_base='build', install_base='install', merge_install=False, symlink_install=False, test_result_base=None, continue_on_error=False, executor='parallel', parallel_workers=16, event_handlers=None, ignore_user_meta=False, metas=['./colcon.meta'], base_paths=['.'], packages_ignore=None, packages_ignore_regex=None, paths=None, packages_up_to=None, packages_up_to_regex=None, packages_above=None, packages_above_and_dependencies=None, packages_above_depth=None, packages_select_by_dep=None, packages_skip_by_dep=None, packages_skip_up_to=None, packages_select_build_failed=False, packages_skip_build_finished=False, packages_select_test_failures=False, packages_skip_test_passed=False, packages_select=None, packages_skip=None, packages_select_regex=None, packages_skip_regex=None, packages_start=None, packages_end=None, allow_overriding=[], cmake_args=None, cmake_target=None, cmake_target_skip_unavailable=False, cmake_clean_cache=False, cmake_clean_first=False, cmake_force_configure=False, ament_cmake_args=None, catkin_cmake_args=None, catkin_skip_building_tests=False, mixin_files=None, mixin=None, verb_parser=<colcon_mixin.mixin.mixin_argument.MixinArgumentDecorator object at 0x711113c03be0>, verb_extension=<colcon_core.verb.build.BuildVerb object at 0x711113c036a0>, main=<bound method BuildVerb.main of <colcon_core.verb.build.BuildVerb object at 0x711113c036a0>>, mixin_verb=('build',))
[0.106s] Level 1:colcon.colcon_core.package_discovery:discover_packages(colcon_meta) check parameters
[0.106s] Level 1:colcon.colcon_core.package_discovery:discover_packages(recursive) check parameters
[0.106s] Level 1:colcon.colcon_core.package_discovery:discover_packages(ignore) check parameters
[0.106s] Level 1:colcon.colcon_core.package_discovery:discover_packages(path) check parameters
[0.106s] Level 1:colcon.colcon_core.package_discovery:discover_packages(colcon_meta) discover
[0.106s] Level 1:colcon.colcon_core.package_discovery:discover_packages(recursive) discover
[0.106s] INFO:colcon.colcon_core.package_discovery:Crawling recursively for packages in '/home/ajoymathew07/Documents/Catatron_ros2'
[0.106s] Level 1:colcon.colcon_core.package_identification:_identify(.) by extensions ['ignore', 'ignore_ament_install']
[0.106s] Level 1:colcon.colcon_core.package_identification:_identify(.) by extension 'ignore'
[0.106s] Level 1:colcon.colcon_core.package_identification:_identify(.) by extension 'ignore_ament_install'
[0.106s] Level 1:colcon.colcon_core.package_identification:_identify(.) by extensions ['colcon_pkg']
[0.106s] Level 1:colcon.colcon_core.package_identification:_identify(.) by extension 'colcon_pkg'
[0.106s] Level 1:colcon.colcon_core.package_identification:_identify(.) by extensions ['colcon_meta']
[0.107s] Level 1:colcon.colcon_core.package_identification:_identify(.) by extension 'colcon_meta'
[0.107s] Level 1:colcon.colcon_core.package_identification:_identify(.) by extensions ['ros']
[0.107s] Level 1:colcon.colcon_core.package_identification:_identify(.) by extension 'ros'
[0.117s] Level 1:colcon.colcon_core.package_identification:_identify(.) by extensions ['cmake', 'python']
[0.117s] Level 1:colcon.colcon_core.package_identification:_identify(.) by extension 'cmake'
[0.117s] Level 1:colcon.colcon_core.package_identification:_identify(.) by extension 'python'
[0.117s] Level 1:colcon.colcon_core.package_identification:_identify(.) by extensions ['python_setup_py']
[0.117s] Level 1:colcon.colcon_core.package_identification:_identify(.) by extension 'python_setup_py'
[0.117s] Level 1:colcon.colcon_core.package_identification:_identify(build) by extensions ['ignore', 'ignore_ament_install']
[0.117s] Level 1:colcon.colcon_core.package_identification:_identify(build) by extension 'ignore'
[0.117s] Level 1:colcon.colcon_core.package_identification:_identify(build) ignored
[0.117s] Level 1:colcon.colcon_core.package_identification:_identify(install) by extensions ['ignore', 'ignore_ament_install']
[0.117s] Level 1:colcon.colcon_core.package_identification:_identify(install) by extension 'ignore'
[0.117s] Level 1:colcon.colcon_core.package_identification:_identify(install) ignored
[0.117s] Level 1:colcon.colcon_core.package_identification:_identify(log) by extensions ['ignore', 'ignore_ament_install']
[0.118s] Level 1:colcon.colcon_core.package_identification:_identify(log) by extension 'ignore'
[0.118s] Level 1:colcon.colcon_core.package_identification:_identify(log) ignored
[0.118s] Level 1:colcon.colcon_core.package_identification:_identify(src) by extensions ['ignore', 'ignore_ament_install']
[0.118s] Level 1:colcon.colcon_core.package_identification:_identify(src) by extension 'ignore'
[0.118s] Level 1:colcon.colcon_core.package_identification:_identify(src) by extension 'ignore_ament_install'
[0.118s] Level 1:colcon.colcon_core.package_identification:_identify(src) by extensions ['colcon_pkg']
[0.118s] Level 1:colcon.colcon_core.package_identification:_identify(src) by extension 'colcon_pkg'
[0.118s] Level 1:colcon.colcon_core.package_identification:_identify(src) by extensions ['colcon_meta']
[0.118s] Level 1:colcon.colcon_core.package_identification:_identify(src) by extension 'colcon_meta'
[0.118s] Level 1:colcon.colcon_core.package_identification:_identify(src) by extensions ['ros']
[0.118s] Level 1:colcon.colcon_core.package_identification:_identify(src) by extension 'ros'
[0.118s] Level 1:colcon.colcon_core.package_identification:_identify(src) by extensions ['cmake', 'python']
[0.118s] Level 1:colcon.colcon_core.package_identification:_identify(src) by extension 'cmake'
[0.118s] Level 1:colcon.colcon_core.package_identification:_identify(src) by extension 'python'
[0.118s] Level 1:colcon.colcon_core.package_identification:_identify(src) by extensions ['python_setup_py']
[0.118s] Level 1:colcon.colcon_core.package_identification:_identify(src) by extension 'python_setup_py'
[0.118s] Level 1:colcon.colcon_core.package_identification:_identify(src/catatron_ros2-main) by extensions ['ignore', 'ignore_ament_install']
[0.118s] Level 1:colcon.colcon_core.package_identification:_identify(src/catatron_ros2-main) by extension 'ignore'
[0.118s] Level 1:colcon.colcon_core.package_identification:_identify(src/catatron_ros2-main) by extension 'ignore_ament_install'
[0.118s] Level 1:colcon.colcon_core.package_identification:_identify(src/catatron_ros2-main) by extensions ['colcon_pkg']
[0.118s] Level 1:colcon.colcon_core.package_identification:_identify(src/catatron_ros2-main) by extension 'colcon_pkg'
[0.118s] Level 1:colcon.colcon_core.package_identification:_identify(src/catatron_ros2-main) by extensions ['colcon_meta']
[0.118s] Level 1:colcon.colcon_core.package_identification:_identify(src/catatron_ros2-main) by extension 'colcon_meta'
[0.118s] Level 1:colcon.colcon_core.package_identification:_identify(src/catatron_ros2-main) by extensions ['ros']
[0.118s] Level 1:colcon.colcon_core.package_identification:_identify(src/catatron_ros2-main) by extension 'ros'
[0.118s] Level 1:colcon.colcon_core.package_identification:_identify(src/catatron_ros2-main) by extensions ['cmake', 'python']
[0.118s] Level 1:colcon.colcon_core.package_identification:_identify(src/catatron_ros2-main) by extension 'cmake'
[0.118s] Level 1:colcon.colcon_core.package_identification:_identify(src/catatron_ros2-main) by extension 'python'
[0.118s] Level 1:colcon.colcon_core.package_identification:_identify(src/catatron_ros2-main) by extensions ['python_setup_py']
[0.118s] Level 1:colcon.colcon_core.package_identification:_identify(src/catatron_ros2-main) by extension 'python_setup_py'
[0.119s] Level 1:colcon.colcon_core.package_identification:_identify(src/catatron_ros2-main/catatron_controller) by extensions ['ignore', 'ignore_ament_install']
[0.119s] Level 1:colcon.colcon_core.package_identification:_identify(src/catatron_ros2-main/catatron_controller) by extension 'ignore'
[0.119s] Level 1:colcon.colcon_core.package_identification:_identify(src/catatron_ros2-main/catatron_controller) by extension 'ignore_ament_install'
[0.119s] Level 1:colcon.colcon_core.package_identification:_identify(src/catatron_ros2-main/catatron_controller) by extensions ['colcon_pkg']
[0.119s] Level 1:colcon.colcon_core.package_identification:_identify(src/catatron_ros2-main/catatron_controller) by extension 'colcon_pkg'
[0.119s] Level 1:colcon.colcon_core.package_identification:_identify(src/catatron_ros2-main/catatron_controller) by extensions ['colcon_meta']
[0.119s] Level 1:colcon.colcon_core.package_identification:_identify(src/catatron_ros2-main/catatron_controller) by extension 'colcon_meta'
[0.119s] Level 1:colcon.colcon_core.package_identification:_identify(src/catatron_ros2-main/catatron_controller) by extensions ['ros']
[0.119s] Level 1:colcon.colcon_core.package_identification:_identify(src/catatron_ros2-main/catatron_controller) by extension 'ros'
[0.121s] DEBUG:colcon.colcon_core.package_identification:Package 'src/catatron_ros2-main/catatron_controller' with type 'ros.ament_python' and name 'catatron_controller'
[0.121s] Level 1:colcon.colcon_core.package_identification:_identify(src/catatron_ros2-main/catatron_description) by extensions ['ignore', 'ignore_ament_install']
[0.121s] Level 1:colcon.colcon_core.package_identification:_identify(src/catatron_ros2-main/catatron_description) by extension 'ignore'
[0.121s] Level 1:colcon.colcon_core.package_identification:_identify(src/catatron_ros2-main/catatron_description) by extension 'ignore_ament_install'
[0.121s] Level 1:colcon.colcon_core.package_identification:_identify(src/catatron_ros2-main/catatron_description) by extensions ['colcon_pkg']
[0.121s] Level 1:colcon.colcon_core.package_identification:_identify(src/catatron_ros2-main/catatron_description) by extension 'colcon_pkg'
[0.121s] Level 1:colcon.colcon_core.package_identification:_identify(src/catatron_ros2-main/catatron_description) by extensions ['colcon_meta']
[0.121s] Level 1:colcon.colcon_core.package_identification:_identify(src/catatron_ros2-main/catatron_description) by extension 'colcon_meta'
[0.121s] Level 1:colcon.colcon_core.package_identification:_identify(src/catatron_ros2-main/catatron_description) by extensions ['ros']
[0.121s] Level 1:colcon.colcon_core.package_identification:_identify(src/catatron_ros2-main/catatron_description) by extension 'ros'
[0.121s] DEBUG:colcon.colcon_core.package_identification:Package 'src/catatron_ros2-main/catatron_description' with type 'ros.ament_cmake' and name 'catatron_description'
[0.121s] Level 1:colcon.colcon_core.package_identification:_identify(src/catatron_ros2-main/catatron_gazebo) by extensions ['ignore', 'ignore_ament_install']
[0.121s] Level 1:colcon.colcon_core.package_identification:_identify(src/catatron_ros2-main/catatron_gazebo) by extension 'ignore'
[0.122s] Level 1:colcon.colcon_core.package_identification:_identify(src/catatron_ros2-main/catatron_gazebo) by extension 'ignore_ament_install'
[0.122s] Level 1:colcon.colcon_core.package_identification:_identify(src/catatron_ros2-main/catatron_gazebo) by extensions ['colcon_pkg']
[0.122s] Level 1:colcon.colcon_core.package_identification:_identify(src/catatron_ros2-main/catatron_gazebo) by extension 'colcon_pkg'
[0.122s] Level 1:colcon.colcon_core.package_identification:_identify(src/catatron_ros2-main/catatron_gazebo) by extensions ['colcon_meta']
[0.122s] Level 1:colcon.colcon_core.package_identification:_identify(src/catatron_ros2-main/catatron_gazebo) by extension 'colcon_meta'
[0.122s] Level 1:colcon.colcon_core.package_identification:_identify(src/catatron_ros2-main/catatron_gazebo) by extensions ['ros']
[0.122s] Level 1:colcon.colcon_core.package_identification:_identify(src/catatron_ros2-main/catatron_gazebo) by extension 'ros'
[0.122s] DEBUG:colcon.colcon_core.package_identification:Package 'src/catatron_ros2-main/catatron_gazebo' with type 'ros.ament_cmake' and name 'catatron_gazebo'
[0.122s] Level 1:colcon.colcon_core.package_identification:_identify(src/catatron_ros2-main/catatron_joystick) by extensions ['ignore', 'ignore_ament_install']
[0.122s] Level 1:colcon.colcon_core.package_identification:_identify(src/catatron_ros2-main/catatron_joystick) by extension 'ignore'
[0.122s] Level 1:colcon.colcon_core.package_identification:_identify(src/catatron_ros2-main/catatron_joystick) by extension 'ignore_ament_install'
[0.123s] Level 1:colcon.colcon_core.package_identification:_identify(src/catatron_ros2-main/catatron_joystick) by extensions ['colcon_pkg']
[0.123s] Level 1:colcon.colcon_core.package_identification:_identify(src/catatron_ros2-main/catatron_joystick) by extension 'colcon_pkg'
[0.123s] Level 1:colcon.colcon_core.package_identification:_identify(src/catatron_ros2-main/catatron_joystick) by extensions ['colcon_meta']
[0.123s] Level 1:colcon.colcon_core.package_identification:_identify(src/catatron_ros2-main/catatron_joystick) by extension 'colcon_meta'
[0.123s] Level 1:colcon.colcon_core.package_identification:_identify(src/catatron_ros2-main/catatron_joystick) by extensions ['ros']
[0.123s] Level 1:colcon.colcon_core.package_identification:_identify(src/catatron_ros2-main/catatron_joystick) by extension 'ros'
[0.123s] DEBUG:colcon.colcon_core.package_identification:Package 'src/catatron_ros2-main/catatron_joystick' with type 'ros.ament_python' and name 'catatron_joystick'
[0.123s] Level 1:colcon.colcon_core.package_discovery:discover_packages(recursive) using defaults
[0.123s] Level 1:colcon.colcon_core.package_discovery:discover_packages(ignore) discover
[0.123s] Level 1:colcon.colcon_core.package_discovery:discover_packages(ignore) using defaults
[0.123s] Level 1:colcon.colcon_core.package_discovery:discover_packages(path) discover
[0.123s] Level 1:colcon.colcon_core.package_discovery:discover_packages(path) using defaults
[0.138s] Level 1:colcon.colcon_core.package_discovery:discover_packages(prefix_path) check parameters
[0.138s] Level 1:colcon.colcon_core.package_discovery:discover_packages(prefix_path) discover
[0.139s] DEBUG:colcon.colcon_installed_package_information.package_discovery:Found 4 installed packages in /home/ajoymathew07/Documents/Catatron_ros2/install
[0.140s] DEBUG:colcon.colcon_installed_package_information.package_discovery:Found 326 installed packages in /opt/ros/humble
[0.141s] Level 1:colcon.colcon_core.package_discovery:discover_packages(prefix_path) using defaults
[0.170s] Level 5:colcon.colcon_core.verb:set package 'catatron_controller' build argument 'cmake_args' from command line to 'None'
[0.170s] Level 5:colcon.colcon_core.verb:set package 'catatron_controller' build argument 'cmake_target' from command line to 'None'
[0.170s] Level 5:colcon.colcon_core.verb:set package 'catatron_controller' build argument 'cmake_target_skip_unavailable' from command line to 'False'
[0.170s] Level 5:colcon.colcon_core.verb:set package 'catatron_controller' build argument 'cmake_clean_cache' from command line to 'False'
[0.170s] Level 5:colcon.colcon_core.verb:set package 'catatron_controller' build argument 'cmake_clean_first' from command line to 'False'
[0.170s] Level 5:colcon.colcon_core.verb:set package 'catatron_controller' build argument 'cmake_force_configure' from command line to 'False'
[0.170s] Level 5:colcon.colcon_core.verb:set package 'catatron_controller' build argument 'ament_cmake_args' from command line to 'None'
[0.170s] Level 5:colcon.colcon_core.verb:set package 'catatron_controller' build argument 'catkin_cmake_args' from command line to 'None'
[0.170s] Level 5:colcon.colcon_core.verb:set package 'catatron_controller' build argument 'catkin_skip_building_tests' from command line to 'False'
[0.170s] DEBUG:colcon.colcon_core.verb:Building package 'catatron_controller' with the following arguments: {'ament_cmake_args': None, 'build_base': '/home/ajoymathew07/Documents/Catatron_ros2/build/catatron_controller', 'catkin_cmake_args': None, 'catkin_skip_building_tests': False, 'cmake_args': None, 'cmake_clean_cache': False, 'cmake_clean_first': False, 'cmake_force_configure': False, 'cmake_target': None, 'cmake_target_skip_unavailable': False, 'install_base': '/home/ajoymathew07/Documents/Catatron_ros2/install/catatron_controller', 'merge_install': False, 'path': '/home/ajoymathew07/Documents/Catatron_ros2/src/catatron_ros2-main/catatron_controller', 'symlink_install': False, 'test_result_base': None}
[0.171s] Level 5:colcon.colcon_core.verb:set package 'catatron_description' build argument 'cmake_args' from command line to 'None'
[0.171s] Level 5:colcon.colcon_core.verb:set package 'catatron_description' build argument 'cmake_target' from command line to 'None'
[0.171s] Level 5:colcon.colcon_core.verb:set package 'catatron_description' build argument 'cmake_target_skip_unavailable' from command line to 'False'
[0.171s] Level 5:colcon.colcon_core.verb:set package 'catatron_description' build argument 'cmake_clean_cache' from command line to 'False'
[0.171s] Level 5:colcon.colcon_core.verb:set package 'catatron_description' build argument 'cmake_clean_first' from command line to 'False'
[0.171s] Level 5:colcon.colcon_core.verb:set package 'catatron_description' build argument 'cmake_force_configure' from command line to 'False'
[0.171s] Level 5:colcon.colcon_core.verb:set package 'catatron_description' build argument 'ament_cmake_args' from command line to 'None'
[0.171s] Level 5:colcon.colcon_core.verb:set package 'catatron_description' build argument 'catkin_cmake_args' from command line to 'None'
[0.171s] Level 5:colcon.colcon_core.verb:set package 'catatron_description' build argument 'catkin_skip_building_tests' from command line to 'False'
[0.171s] DEBUG:colcon.colcon_core.verb:Building package 'catatron_description' with the following arguments: {'ament_cmake_args': None, 'build_base': '/home/ajoymathew07/Documents/Catatron_ros2/build/catatron_description', 'catkin_cmake_args': None, 'catkin_skip_building_tests': False, 'cmake_args': None, 'cmake_clean_cache': False, 'cmake_clean_first': False, 'cmake_force_configure': False, 'cmake_target': None, 'cmake_target_skip_unavailable': False, 'install_base': '/home/ajoymathew07/Documents/Catatron_ros2/install/catatron_description', 'merge_install': False, 'path': '/home/ajoymathew07/Documents/Catatron_ros2/src/catatron_ros2-main/catatron_description', 'symlink_install': False, 'test_result_base': None}
[0.171s] Level 5:colcon.colcon_core.verb:set package 'catatron_gazebo' build argument 'cmake_args' from command line to 'None'
[0.171s] Level 5:colcon.colcon_core.verb:set package 'catatron_gazebo' build argument 'cmake_target' from command line to 'None'
[0.171s] Level 5:colcon.colcon_core.verb:set package 'catatron_gazebo' build argument 'cmake_target_skip_unavailable' from command line to 'False'
[0.171s] Level 5:colcon.colcon_core.verb:set package 'catatron_gazebo' build argument 'cmake_clean_cache' from command line to 'False'
[0.171s] Level 5:colcon.colcon_core.verb:set package 'catatron_gazebo' build argument 'cmake_clean_first' from command line to 'False'
[0.171s] Level 5:colcon.colcon_core.verb:set package 'catatron_gazebo' build argument 'cmake_force_configure' from command line to 'False'
[0.171s] Level 5:colcon.colcon_core.verb:set package 'catatron_gazebo' build argument 'ament_cmake_args' from command line to 'None'
[0.171s] Level 5:colcon.colcon_core.verb:set package 'catatron_gazebo' build argument 'catkin_cmake_args' from command line to 'None'
[0.171s] Level 5:colcon.colcon_core.verb:set package 'catatron_gazebo' build argument 'catkin_skip_building_tests' from command line to 'False'
[0.171s] DEBUG:colcon.colcon_core.verb:Building package 'catatron_gazebo' with the following arguments: {'ament_cmake_args': None, 'build_base': '/home/ajoymathew07/Documents/Catatron_ros2/build/catatron_gazebo', 'catkin_cmake_args': None, 'catkin_skip_building_tests': False, 'cmake_args': None, 'cmake_clean_cache': False, 'cmake_clean_first': False, 'cmake_force_configure': False, 'cmake_target': None, 'cmake_target_skip_unavailable': False, 'install_base': '/home/ajoymathew07/Documents/Catatron_ros2/install/catatron_gazebo', 'merge_install': False, 'path': '/home/ajoymathew07/Documents/Catatron_ros2/src/catatron_ros2-main/catatron_gazebo', 'symlink_install': False, 'test_result_base': None}
[0.171s] Level 5:colcon.colcon_core.verb:set package 'catatron_joystick' build argument 'cmake_args' from command line to 'None'
[0.171s] Level 5:colcon.colcon_core.verb:set package 'catatron_joystick' build argument 'cmake_target' from command line to 'None'
[0.172s] Level 5:colcon.colcon_core.verb:set package 'catatron_joystick' build argument 'cmake_target_skip_unavailable' from command line to 'False'
[0.172s] Level 5:colcon.colcon_core.verb:set package 'catatron_joystick' build argument 'cmake_clean_cache' from command line to 'False'
[0.172s] Level 5:colcon.colcon_core.verb:set package 'catatron_joystick' build argument 'cmake_clean_first' from command line to 'False'
[0.172s] Level 5:colcon.colcon_core.verb:set package 'catatron_joystick' build argument 'cmake_force_configure' from command line to 'False'
[0.172s] Level 5:colcon.colcon_core.verb:set package 'catatron_joystick' build argument 'ament_cmake_args' from command line to 'None'
[0.172s] Level 5:colcon.colcon_core.verb:set package 'catatron_joystick' build argument 'catkin_cmake_args' from command line to 'None'
[0.172s] Level 5:colcon.colcon_core.verb:set package 'catatron_joystick' build argument 'catkin_skip_building_tests' from command line to 'False'
[0.172s] DEBUG:colcon.colcon_core.verb:Building package 'catatron_joystick' with the following arguments: {'ament_cmake_args': None, 'build_base': '/home/ajoymathew07/Documents/Catatron_ros2/build/catatron_joystick', 'catkin_cmake_args': None, 'catkin_skip_building_tests': False, 'cmake_args': None, 'cmake_clean_cache': False, 'cmake_clean_first': False, 'cmake_force_configure': False, 'cmake_target': None, 'cmake_target_skip_unavailable': False, 'install_base': '/home/ajoymathew07/Documents/Catatron_ros2/install/catatron_joystick', 'merge_install': False, 'path': '/home/ajoymathew07/Documents/Catatron_ros2/src/catatron_ros2-main/catatron_joystick', 'symlink_install': False, 'test_result_base': None}
[0.172s] INFO:colcon.colcon_core.executor:Executing jobs using 'parallel' executor
[0.172s] DEBUG:colcon.colcon_parallel_executor.executor.parallel:run_until_complete
[0.173s] INFO:colcon.colcon_ros.task.ament_python.build:Building ROS package in '/home/ajoymathew07/Documents/Catatron_ros2/src/catatron_ros2-main/catatron_controller' with build type 'ament_python'
[0.173s] Level 1:colcon.colcon_core.shell:create_environment_hook('catatron_controller', 'ament_prefix_path')
[0.175s] INFO:colcon.colcon_core.plugin_system:Skipping extension 'colcon_core.shell.bat': Not used on non-Windows systems
[0.175s] INFO:colcon.colcon_core.shell:Creating environment hook '/home/ajoymathew07/Documents/Catatron_ros2/install/catatron_controller/share/catatron_controller/hook/ament_prefix_path.ps1'
[0.176s] INFO:colcon.colcon_core.shell:Creating environment descriptor '/home/ajoymathew07/Documents/Catatron_ros2/install/catatron_controller/share/catatron_controller/hook/ament_prefix_path.dsv'
[0.176s] INFO:colcon.colcon_core.shell:Creating environment hook '/home/ajoymathew07/Documents/Catatron_ros2/install/catatron_controller/share/catatron_controller/hook/ament_prefix_path.sh'
[0.176s] INFO:colcon.colcon_core.shell:Skip shell extension 'powershell' for command environment: Not usable outside of PowerShell
[0.176s] DEBUG:colcon.colcon_core.shell:Skip shell extension 'dsv' for command environment
[0.179s] INFO:colcon.colcon_ros.task.ament_cmake.build:Building ROS package in '/home/ajoymathew07/Documents/Catatron_ros2/src/catatron_ros2-main/catatron_description' with build type 'ament_cmake'
[0.179s] INFO:colcon.colcon_cmake.task.cmake.build:Building CMake package in '/home/ajoymathew07/Documents/Catatron_ros2/src/catatron_ros2-main/catatron_description'
[0.180s] INFO:colcon.colcon_core.shell:Skip shell extension 'powershell' for command environment: Not usable outside of PowerShell
[0.180s] DEBUG:colcon.colcon_core.shell:Skip shell extension 'dsv' for command environment
[0.183s] INFO:colcon.colcon_ros.task.ament_cmake.build:Building ROS package in '/home/ajoymathew07/Documents/Catatron_ros2/src/catatron_ros2-main/catatron_gazebo' with build type 'ament_cmake'
[0.183s] INFO:colcon.colcon_cmake.task.cmake.build:Building CMake package in '/home/ajoymathew07/Documents/Catatron_ros2/src/catatron_ros2-main/catatron_gazebo'
[0.183s] INFO:colcon.colcon_core.shell:Skip shell extension 'powershell' for command environment: Not usable outside of PowerShell
[0.183s] DEBUG:colcon.colcon_core.shell:Skip shell extension 'dsv' for command environment
[0.185s] INFO:colcon.colcon_ros.task.ament_python.build:Building ROS package in '/home/ajoymathew07/Documents/Catatron_ros2/src/catatron_ros2-main/catatron_joystick' with build type 'ament_python'
[0.185s] Level 1:colcon.colcon_core.shell:create_environment_hook('catatron_joystick', 'ament_prefix_path')
[0.185s] INFO:colcon.colcon_core.shell:Creating environment hook '/home/ajoymathew07/Documents/Catatron_ros2/install/catatron_joystick/share/catatron_joystick/hook/ament_prefix_path.ps1'
[0.186s] INFO:colcon.colcon_core.shell:Creating environment descriptor '/home/ajoymathew07/Documents/Catatron_ros2/install/catatron_joystick/share/catatron_joystick/hook/ament_prefix_path.dsv'
[0.186s] INFO:colcon.colcon_core.shell:Creating environment hook '/home/ajoymathew07/Documents/Catatron_ros2/install/catatron_joystick/share/catatron_joystick/hook/ament_prefix_path.sh'
[0.186s] INFO:colcon.colcon_core.shell:Skip shell extension 'powershell' for command environment: Not usable outside of PowerShell
[0.187s] DEBUG:colcon.colcon_core.shell:Skip shell extension 'dsv' for command environment
[0.348s] INFO:colcon.colcon_core.task.python.build:Building Python package in '/home/ajoymathew07/Documents/Catatron_ros2/src/catatron_ros2-main/catatron_controller'
[0.349s] INFO:colcon.colcon_core.shell:Skip shell extension 'powershell' for command environment: Not usable outside of PowerShell
[0.349s] DEBUG:colcon.colcon_core.shell:Skip shell extension 'dsv' for command environment
[0.355s] DEBUG:colcon.colcon_core.event_handler.log_command:Invoking command in '/home/ajoymathew07/Documents/Catatron_ros2/build/catatron_description': CMAKE_PREFIX_PATH=${CMAKE_PREFIX_PATH}:/home/ajoymathew07/Documents/Catatron_ros2/install/catatron_joystick:/home/ajoymathew07/Documents/Catatron_ros2/install/catatron_controller:/opt/ros/humble /usr/bin/cmake --build /home/ajoymathew07/Documents/Catatron_ros2/build/catatron_description -- -j16 -l16
[0.358s] DEBUG:colcon.colcon_core.event_handler.log_command:Invoking command in '/home/ajoymathew07/Documents/Catatron_ros2/build/catatron_gazebo': CMAKE_PREFIX_PATH=${CMAKE_PREFIX_PATH}:/home/ajoymathew07/Documents/Catatron_ros2/install/catatron_joystick:/home/ajoymathew07/Documents/Catatron_ros2/install/catatron_controller:/opt/ros/humble /usr/bin/cmake --build /home/ajoymathew07/Documents/Catatron_ros2/build/catatron_gazebo -- -j16 -l16
[0.512s] INFO:colcon.colcon_core.task.python.build:Building Python package in '/home/ajoymathew07/Documents/Catatron_ros2/src/catatron_ros2-main/catatron_joystick'
[0.512s] INFO:colcon.colcon_core.shell:Skip shell extension 'powershell' for command environment: Not usable outside of PowerShell
[0.513s] DEBUG:colcon.colcon_core.shell:Skip shell extension 'dsv' for command environment
[0.518s] DEBUG:colcon.colcon_core.event_handler.log_command:Invoked command in '/home/ajoymathew07/Documents/Catatron_ros2/build/catatron_description' returned '0': CMAKE_PREFIX_PATH=${CMAKE_PREFIX_PATH}:/home/ajoymathew07/Documents/Catatron_ros2/install/catatron_joystick:/home/ajoymathew07/Documents/Catatron_ros2/install/catatron_controller:/opt/ros/humble /usr/bin/cmake --build /home/ajoymathew07/Documents/Catatron_ros2/build/catatron_description -- -j16 -l16
[0.527s] DEBUG:colcon.colcon_core.event_handler.log_command:Invoking command in '/home/ajoymathew07/Documents/Catatron_ros2/build/catatron_description': CMAKE_PREFIX_PATH=${CMAKE_PREFIX_PATH}:/home/ajoymathew07/Documents/Catatron_ros2/install/catatron_joystick:/home/ajoymathew07/Documents/Catatron_ros2/install/catatron_controller:/opt/ros/humble /usr/bin/cmake --install /home/ajoymathew07/Documents/Catatron_ros2/build/catatron_description
[0.528s] DEBUG:colcon.colcon_core.event_handler.log_command:Invoked command in '/home/ajoymathew07/Documents/Catatron_ros2/build/catatron_gazebo' returned '0': CMAKE_PREFIX_PATH=${CMAKE_PREFIX_PATH}:/home/ajoymathew07/Documents/Catatron_ros2/install/catatron_joystick:/home/ajoymathew07/Documents/Catatron_ros2/install/catatron_controller:/opt/ros/humble /usr/bin/cmake --build /home/ajoymathew07/Documents/Catatron_ros2/build/catatron_gazebo -- -j16 -l16
[0.529s] DEBUG:colcon.colcon_core.event_handler.log_command:Invoking command in '/home/ajoymathew07/Documents/Catatron_ros2/build/catatron_gazebo': CMAKE_PREFIX_PATH=${CMAKE_PREFIX_PATH}:/home/ajoymathew07/Documents/Catatron_ros2/install/catatron_joystick:/home/ajoymathew07/Documents/Catatron_ros2/install/catatron_controller:/opt/ros/humble /usr/bin/cmake --install /home/ajoymathew07/Documents/Catatron_ros2/build/catatron_gazebo
[0.537s] Level 1:colcon.colcon_core.environment:create_environment_scripts_only(catatron_description)
[0.542s] DEBUG:colcon.colcon_core.event_handler.log_command:Invoked command in '/home/ajoymathew07/Documents/Catatron_ros2/build/catatron_description' returned '0': CMAKE_PREFIX_PATH=${CMAKE_PREFIX_PATH}:/home/ajoymathew07/Documents/Catatron_ros2/install/catatron_joystick:/home/ajoymathew07/Documents/Catatron_ros2/install/catatron_controller:/opt/ros/humble /usr/bin/cmake --install /home/ajoymathew07/Documents/Catatron_ros2/build/catatron_description
[0.542s] Level 1:colcon.colcon_core.environment:checking '/home/ajoymathew07/Documents/Catatron_ros2/install/catatron_description' for CMake module files
[0.543s] Level 1:colcon.colcon_core.environment:checking '/home/ajoymathew07/Documents/Catatron_ros2/install/catatron_description' for CMake config files
[0.543s] Level 1:colcon.colcon_core.shell:create_environment_hook('catatron_description', 'cmake_prefix_path')
[0.543s] INFO:colcon.colcon_core.shell:Creating environment hook '/home/ajoymathew07/Documents/Catatron_ros2/install/catatron_description/share/catatron_description/hook/cmake_prefix_path.ps1'
[0.543s] INFO:colcon.colcon_core.shell:Creating environment descriptor '/home/ajoymathew07/Documents/Catatron_ros2/install/catatron_description/share/catatron_description/hook/cmake_prefix_path.dsv'
[0.544s] INFO:colcon.colcon_core.shell:Creating environment hook '/home/ajoymathew07/Documents/Catatron_ros2/install/catatron_description/share/catatron_description/hook/cmake_prefix_path.sh'
[0.544s] Level 1:colcon.colcon_core.environment:checking '/home/ajoymathew07/Documents/Catatron_ros2/install/catatron_description/bin'
[0.544s] Level 1:colcon.colcon_core.environment:checking '/home/ajoymathew07/Documents/Catatron_ros2/install/catatron_description/lib/pkgconfig/catatron_description.pc'
[0.544s] Level 1:colcon.colcon_core.environment:checking '/home/ajoymathew07/Documents/Catatron_ros2/install/catatron_description/lib/python3.10/site-packages'
[0.545s] Level 1:colcon.colcon_core.environment:checking '/home/ajoymathew07/Documents/Catatron_ros2/install/catatron_description/bin'
[0.545s] INFO:colcon.colcon_core.shell:Creating package script '/home/ajoymathew07/Documents/Catatron_ros2/install/catatron_description/share/catatron_description/package.ps1'
[0.545s] INFO:colcon.colcon_core.shell:Creating package descriptor '/home/ajoymathew07/Documents/Catatron_ros2/install/catatron_description/share/catatron_description/package.dsv'
[0.546s] INFO:colcon.colcon_core.shell:Creating package script '/home/ajoymathew07/Documents/Catatron_ros2/install/catatron_description/share/catatron_description/package.sh'
[0.546s] INFO:colcon.colcon_core.shell:Creating package script '/home/ajoymathew07/Documents/Catatron_ros2/install/catatron_description/share/catatron_description/package.bash'
[0.547s] INFO:colcon.colcon_core.shell:Creating package script '/home/ajoymathew07/Documents/Catatron_ros2/install/catatron_description/share/catatron_description/package.zsh'
[0.547s] Level 1:colcon.colcon_core.environment:create_file_with_runtime_dependencies(/home/ajoymathew07/Documents/Catatron_ros2/install/catatron_description/share/colcon-core/packages/catatron_description)
[0.548s] Level 1:colcon.colcon_core.environment:create_environment_scripts_only(catatron_description)
[0.548s] Level 1:colcon.colcon_core.environment:checking '/home/ajoymathew07/Documents/Catatron_ros2/install/catatron_description' for CMake module files
[0.548s] Level 1:colcon.colcon_core.environment:checking '/home/ajoymathew07/Documents/Catatron_ros2/install/catatron_description' for CMake config files
[0.548s] Level 1:colcon.colcon_core.shell:create_environment_hook('catatron_description', 'cmake_prefix_path')
[0.548s] INFO:colcon.colcon_core.shell:Creating environment hook '/home/ajoymathew07/Documents/Catatron_ros2/install/catatron_description/share/catatron_description/hook/cmake_prefix_path.ps1'
[0.549s] INFO:colcon.colcon_core.shell:Creating environment descriptor '/home/ajoymathew07/Documents/Catatron_ros2/install/catatron_description/share/catatron_description/hook/cmake_prefix_path.dsv'
[0.549s] INFO:colcon.colcon_core.shell:Creating environment hook '/home/ajoymathew07/Documents/Catatron_ros2/install/catatron_description/share/catatron_description/hook/cmake_prefix_path.sh'
[0.549s] Level 1:colcon.colcon_core.environment:checking '/home/ajoymathew07/Documents/Catatron_ros2/install/catatron_description/bin'
[0.549s] Level 1:colcon.colcon_core.environment:checking '/home/ajoymathew07/Documents/Catatron_ros2/install/catatron_description/lib/pkgconfig/catatron_description.pc'
[0.549s] Level 1:colcon.colcon_core.environment:checking '/home/ajoymathew07/Documents/Catatron_ros2/install/catatron_description/lib/python3.10/site-packages'
[0.549s] Level 1:colcon.colcon_core.environment:checking '/home/ajoymathew07/Documents/Catatron_ros2/install/catatron_description/bin'
[0.550s] INFO:colcon.colcon_core.shell:Creating package script '/home/ajoymathew07/Documents/Catatron_ros2/install/catatron_description/share/catatron_description/package.ps1'
[0.550s] INFO:colcon.colcon_core.shell:Creating package descriptor '/home/ajoymathew07/Documents/Catatron_ros2/install/catatron_description/share/catatron_description/package.dsv'
[0.550s] INFO:colcon.colcon_core.shell:Creating package script '/home/ajoymathew07/Documents/Catatron_ros2/install/catatron_description/share/catatron_description/package.sh'
[0.551s] INFO:colcon.colcon_core.shell:Creating package script '/home/ajoymathew07/Documents/Catatron_ros2/install/catatron_description/share/catatron_description/package.bash'
[0.551s] INFO:colcon.colcon_core.shell:Creating package script '/home/ajoymathew07/Documents/Catatron_ros2/install/catatron_description/share/catatron_description/package.zsh'
[0.551s] Level 1:colcon.colcon_core.environment:create_file_with_runtime_dependencies(/home/ajoymathew07/Documents/Catatron_ros2/install/catatron_description/share/colcon-core/packages/catatron_description)
[0.551s] Level 1:colcon.colcon_core.environment:create_environment_scripts_only(catatron_gazebo)
[0.552s] Level 1:colcon.colcon_core.environment:checking '/home/ajoymathew07/Documents/Catatron_ros2/install/catatron_gazebo' for CMake module files
[0.552s] Level 1:colcon.colcon_core.environment:checking '/home/ajoymathew07/Documents/Catatron_ros2/install/catatron_gazebo' for CMake config files
[0.552s] DEBUG:colcon.colcon_core.event_handler.log_command:Invoked command in '/home/ajoymathew07/Documents/Catatron_ros2/build/catatron_gazebo' returned '0': CMAKE_PREFIX_PATH=${CMAKE_PREFIX_PATH}:/home/ajoymathew07/Documents/Catatron_ros2/install/catatron_joystick:/home/ajoymathew07/Documents/Catatron_ros2/install/catatron_controller:/opt/ros/humble /usr/bin/cmake --install /home/ajoymathew07/Documents/Catatron_ros2/build/catatron_gazebo
[0.553s] Level 1:colcon.colcon_core.shell:create_environment_hook('catatron_gazebo', 'cmake_prefix_path')
[0.553s] INFO:colcon.colcon_core.shell:Creating environment hook '/home/ajoymathew07/Documents/Catatron_ros2/install/catatron_gazebo/share/catatron_gazebo/hook/cmake_prefix_path.ps1'
[0.554s] INFO:colcon.colcon_core.shell:Creating environment descriptor '/home/ajoymathew07/Documents/Catatron_ros2/install/catatron_gazebo/share/catatron_gazebo/hook/cmake_prefix_path.dsv'
[0.554s] INFO:colcon.colcon_core.shell:Creating environment hook '/home/ajoymathew07/Documents/Catatron_ros2/install/catatron_gazebo/share/catatron_gazebo/hook/cmake_prefix_path.sh'
[0.554s] Level 1:colcon.colcon_core.environment:checking '/home/ajoymathew07/Documents/Catatron_ros2/install/catatron_gazebo/bin'
[0.554s] Level 1:colcon.colcon_core.environment:checking '/home/ajoymathew07/Documents/Catatron_ros2/install/catatron_gazebo/lib/pkgconfig/catatron_gazebo.pc'
[0.555s] Level 1:colcon.colcon_core.environment:checking '/home/ajoymathew07/Documents/Catatron_ros2/install/catatron_gazebo/lib/python3.10/site-packages'
[0.555s] Level 1:colcon.colcon_core.environment:checking '/home/ajoymathew07/Documents/Catatron_ros2/install/catatron_gazebo/bin'
[0.555s] INFO:colcon.colcon_core.shell:Creating package script '/home/ajoymathew07/Documents/Catatron_ros2/install/catatron_gazebo/share/catatron_gazebo/package.ps1'
[0.555s] INFO:colcon.colcon_core.shell:Creating package descriptor '/home/ajoymathew07/Documents/Catatron_ros2/install/catatron_gazebo/share/catatron_gazebo/package.dsv'
[0.555s] INFO:colcon.colcon_core.shell:Creating package script '/home/ajoymathew07/Documents/Catatron_ros2/install/catatron_gazebo/share/catatron_gazebo/package.sh'
[0.556s] INFO:colcon.colcon_core.shell:Creating package script '/home/ajoymathew07/Documents/Catatron_ros2/install/catatron_gazebo/share/catatron_gazebo/package.bash'
[0.556s] INFO:colcon.colcon_core.shell:Creating package script '/home/ajoymathew07/Documents/Catatron_ros2/install/catatron_gazebo/share/catatron_gazebo/package.zsh'
[0.556s] Level 1:colcon.colcon_core.environment:create_file_with_runtime_dependencies(/home/ajoymathew07/Documents/Catatron_ros2/install/catatron_gazebo/share/colcon-core/packages/catatron_gazebo)
[0.557s] Level 1:colcon.colcon_core.environment:create_environment_scripts_only(catatron_gazebo)
[0.557s] Level 1:colcon.colcon_core.environment:checking '/home/ajoymathew07/Documents/Catatron_ros2/install/catatron_gazebo' for CMake module files
[0.557s] Level 1:colcon.colcon_core.environment:checking '/home/ajoymathew07/Documents/Catatron_ros2/install/catatron_gazebo' for CMake config files
[0.557s] Level 1:colcon.colcon_core.shell:create_environment_hook('catatron_gazebo', 'cmake_prefix_path')
[0.557s] INFO:colcon.colcon_core.shell:Creating environment hook '/home/ajoymathew07/Documents/Catatron_ros2/install/catatron_gazebo/share/catatron_gazebo/hook/cmake_prefix_path.ps1'
[0.558s] INFO:colcon.colcon_core.shell:Creating environment descriptor '/home/ajoymathew07/Documents/Catatron_ros2/install/catatron_gazebo/share/catatron_gazebo/hook/cmake_prefix_path.dsv'
[0.558s] INFO:colcon.colcon_core.shell:Creating environment hook '/home/ajoymathew07/Documents/Catatron_ros2/install/catatron_gazebo/share/catatron_gazebo/hook/cmake_prefix_path.sh'
[0.558s] Level 1:colcon.colcon_core.environment:checking '/home/ajoymathew07/Documents/Catatron_ros2/install/catatron_gazebo/bin'
[0.558s] Level 1:colcon.colcon_core.environment:checking '/home/ajoymathew07/Documents/Catatron_ros2/install/catatron_gazebo/lib/pkgconfig/catatron_gazebo.pc'
[0.558s] Level 1:colcon.colcon_core.environment:checking '/home/ajoymathew07/Documents/Catatron_ros2/install/catatron_gazebo/lib/python3.10/site-packages'
[0.558s] Level 1:colcon.colcon_core.environment:checking '/home/ajoymathew07/Documents/Catatron_ros2/install/catatron_gazebo/bin'
[0.559s] INFO:colcon.colcon_core.shell:Creating package script '/home/ajoymathew07/Documents/Catatron_ros2/install/catatron_gazebo/share/catatron_gazebo/package.ps1'
[0.559s] INFO:colcon.colcon_core.shell:Creating package descriptor '/home/ajoymathew07/Documents/Catatron_ros2/install/catatron_gazebo/share/catatron_gazebo/package.dsv'
[0.559s] INFO:colcon.colcon_core.shell:Creating package script '/home/ajoymathew07/Documents/Catatron_ros2/install/catatron_gazebo/share/catatron_gazebo/package.sh'
[0.560s] INFO:colcon.colcon_core.shell:Creating package script '/home/ajoymathew07/Documents/Catatron_ros2/install/catatron_gazebo/share/catatron_gazebo/package.bash'
[0.560s] INFO:colcon.colcon_core.shell:Creating package script '/home/ajoymathew07/Documents/Catatron_ros2/install/catatron_gazebo/share/catatron_gazebo/package.zsh'
[0.560s] Level 1:colcon.colcon_core.environment:create_file_with_runtime_dependencies(/home/ajoymathew07/Documents/Catatron_ros2/install/catatron_gazebo/share/colcon-core/packages/catatron_gazebo)
[0.990s] DEBUG:colcon.colcon_core.event_handler.log_command:Invoking command in '/home/ajoymathew07/Documents/Catatron_ros2/src/catatron_ros2-main/catatron_joystick': PYTHONPATH=/home/ajoymathew07/Documents/Catatron_ros2/build/catatron_joystick/prefix_override:/usr/lib/python3/dist-packages/colcon_core/task/python/colcon_distutils_commands:/home/ajoymathew07/Documents/Catatron_ros2/install/catatron_joystick/lib/python3.10/site-packages:${PYTHONPATH} /usr/bin/python3 -W ignore:setup.py install is deprecated -W ignore:easy_install command is deprecated setup.py egg_info --egg-base ../../../build/catatron_joystick build --build-base /home/ajoymathew07/Documents/Catatron_ros2/build/catatron_joystick/build install --record /home/ajoymathew07/Documents/Catatron_ros2/build/catatron_joystick/install.log --single-version-externally-managed install_data
[0.995s] DEBUG:colcon.colcon_core.event_handler.log_command:Invoking command in '/home/ajoymathew07/Documents/Catatron_ros2/src/catatron_ros2-main/catatron_controller': PYTHONPATH=/home/ajoymathew07/Documents/Catatron_ros2/build/catatron_controller/prefix_override:/usr/lib/python3/dist-packages/colcon_core/task/python/colcon_distutils_commands:/home/ajoymathew07/Documents/Catatron_ros2/install/catatron_controller/lib/python3.10/site-packages:${PYTHONPATH} /usr/bin/python3 -W ignore:setup.py install is deprecated -W ignore:easy_install command is deprecated setup.py egg_info --egg-base ../../../build/catatron_controller build --build-base /home/ajoymathew07/Documents/Catatron_ros2/build/catatron_controller/build install --record /home/ajoymathew07/Documents/Catatron_ros2/build/catatron_controller/install.log --single-version-externally-managed install_data
[1.383s] Level 1:colcon.colcon_core.environment:checking '/home/ajoymathew07/Documents/Catatron_ros2/install/catatron_joystick' for CMake module files
[1.383s] DEBUG:colcon.colcon_core.event_handler.log_command:Invoked command in '/home/ajoymathew07/Documents/Catatron_ros2/src/catatron_ros2-main/catatron_joystick' returned '0': PYTHONPATH=/home/ajoymathew07/Documents/Catatron_ros2/build/catatron_joystick/prefix_override:/usr/lib/python3/dist-packages/colcon_core/task/python/colcon_distutils_commands:/home/ajoymathew07/Documents/Catatron_ros2/install/catatron_joystick/lib/python3.10/site-packages:${PYTHONPATH} /usr/bin/python3 -W ignore:setup.py install is deprecated -W ignore:easy_install command is deprecated setup.py egg_info --egg-base ../../../build/catatron_joystick build --build-base /home/ajoymathew07/Documents/Catatron_ros2/build/catatron_joystick/build install --record /home/ajoymathew07/Documents/Catatron_ros2/build/catatron_joystick/install.log --single-version-externally-managed install_data
[1.384s] Level 1:colcon.colcon_core.environment:checking '/home/ajoymathew07/Documents/Catatron_ros2/install/catatron_joystick' for CMake config files
[1.384s] Level 1:colcon.colcon_core.environment:checking '/home/ajoymathew07/Documents/Catatron_ros2/install/catatron_joystick/lib'
[1.384s] Level 1:colcon.colcon_core.environment:checking '/home/ajoymathew07/Documents/Catatron_ros2/install/catatron_joystick/bin'
[1.384s] Level 1:colcon.colcon_core.environment:checking '/home/ajoymathew07/Documents/Catatron_ros2/install/catatron_joystick/lib/pkgconfig/catatron_joystick.pc'
[1.384s] Level 1:colcon.colcon_core.environment:checking '/home/ajoymathew07/Documents/Catatron_ros2/install/catatron_joystick/lib/python3.10/site-packages'
[1.385s] Level 1:colcon.colcon_core.shell:create_environment_hook('catatron_joystick', 'pythonpath')
[1.385s] INFO:colcon.colcon_core.shell:Creating environment hook '/home/ajoymathew07/Documents/Catatron_ros2/install/catatron_joystick/share/catatron_joystick/hook/pythonpath.ps1'
[1.385s] INFO:colcon.colcon_core.shell:Creating environment descriptor '/home/ajoymathew07/Documents/Catatron_ros2/install/catatron_joystick/share/catatron_joystick/hook/pythonpath.dsv'
[1.385s] INFO:colcon.colcon_core.shell:Creating environment hook '/home/ajoymathew07/Documents/Catatron_ros2/install/catatron_joystick/share/catatron_joystick/hook/pythonpath.sh'
[1.386s] Level 1:colcon.colcon_core.environment:checking '/home/ajoymathew07/Documents/Catatron_ros2/install/catatron_joystick/bin'
[1.386s] Level 1:colcon.colcon_core.environment:create_environment_scripts_only(catatron_joystick)
[1.386s] INFO:colcon.colcon_core.shell:Creating package script '/home/ajoymathew07/Documents/Catatron_ros2/install/catatron_joystick/share/catatron_joystick/package.ps1'
[1.386s] INFO:colcon.colcon_core.shell:Creating package descriptor '/home/ajoymathew07/Documents/Catatron_ros2/install/catatron_joystick/share/catatron_joystick/package.dsv'
[1.387s] INFO:colcon.colcon_core.shell:Creating package script '/home/ajoymathew07/Documents/Catatron_ros2/install/catatron_joystick/share/catatron_joystick/package.sh'
[1.387s] INFO:colcon.colcon_core.shell:Creating package script '/home/ajoymathew07/Documents/Catatron_ros2/install/catatron_joystick/share/catatron_joystick/package.bash'
[1.387s] INFO:colcon.colcon_core.shell:Creating package script '/home/ajoymathew07/Documents/Catatron_ros2/install/catatron_joystick/share/catatron_joystick/package.zsh'
[1.388s] Level 1:colcon.colcon_core.environment:create_file_with_runtime_dependencies(/home/ajoymathew07/Documents/Catatron_ros2/install/catatron_joystick/share/colcon-core/packages/catatron_joystick)
[1.390s] Level 1:colcon.colcon_core.environment:checking '/home/ajoymathew07/Documents/Catatron_ros2/install/catatron_controller' for CMake module files
[1.391s] DEBUG:colcon.colcon_core.event_handler.log_command:Invoked command in '/home/ajoymathew07/Documents/Catatron_ros2/src/catatron_ros2-main/catatron_controller' returned '0': PYTHONPATH=/home/ajoymathew07/Documents/Catatron_ros2/build/catatron_controller/prefix_override:/usr/lib/python3/dist-packages/colcon_core/task/python/colcon_distutils_commands:/home/ajoymathew07/Documents/Catatron_ros2/install/catatron_controller/lib/python3.10/site-packages:${PYTHONPATH} /usr/bin/python3 -W ignore:setup.py install is deprecated -W ignore:easy_install command is deprecated setup.py egg_info --egg-base ../../../build/catatron_controller build --build-base /home/ajoymathew07/Documents/Catatron_ros2/build/catatron_controller/build install --record /home/ajoymathew07/Documents/Catatron_ros2/build/catatron_controller/install.log --single-version-externally-managed install_data
[1.391s] Level 1:colcon.colcon_core.environment:checking '/home/ajoymathew07/Documents/Catatron_ros2/install/catatron_controller' for CMake config files
[1.392s] Level 1:colcon.colcon_core.environment:checking '/home/ajoymathew07/Documents/Catatron_ros2/install/catatron_controller/lib'
[1.392s] Level 1:colcon.colcon_core.environment:checking '/home/ajoymathew07/Documents/Catatron_ros2/install/catatron_controller/bin'
[1.392s] Level 1:colcon.colcon_core.environment:checking '/home/ajoymathew07/Documents/Catatron_ros2/install/catatron_controller/lib/pkgconfig/catatron_controller.pc'
[1.392s] Level 1:colcon.colcon_core.environment:checking '/home/ajoymathew07/Documents/Catatron_ros2/install/catatron_controller/lib/python3.10/site-packages'
[1.392s] Level 1:colcon.colcon_core.shell:create_environment_hook('catatron_controller', 'pythonpath')
[1.392s] INFO:colcon.colcon_core.shell:Creating environment hook '/home/ajoymathew07/Documents/Catatron_ros2/install/catatron_controller/share/catatron_controller/hook/pythonpath.ps1'
[1.393s] INFO:colcon.colcon_core.shell:Creating environment descriptor '/home/ajoymathew07/Documents/Catatron_ros2/install/catatron_controller/share/catatron_controller/hook/pythonpath.dsv'
[1.393s] INFO:colcon.colcon_core.shell:Creating environment hook '/home/ajoymathew07/Documents/Catatron_ros2/install/catatron_controller/share/catatron_controller/hook/pythonpath.sh'
[1.393s] Level 1:colcon.colcon_core.environment:checking '/home/ajoymathew07/Documents/Catatron_ros2/install/catatron_controller/bin'
[1.393s] Level 1:colcon.colcon_core.environment:create_environment_scripts_only(catatron_controller)
[1.393s] INFO:colcon.colcon_core.shell:Creating package script '/home/ajoymathew07/Documents/Catatron_ros2/install/catatron_controller/share/catatron_controller/package.ps1'
[1.394s] INFO:colcon.colcon_core.shell:Creating package descriptor '/home/ajoymathew07/Documents/Catatron_ros2/install/catatron_controller/share/catatron_controller/package.dsv'
[1.394s] INFO:colcon.colcon_core.shell:Creating package script '/home/ajoymathew07/Documents/Catatron_ros2/install/catatron_controller/share/catatron_controller/package.sh'
[1.394s] INFO:colcon.colcon_core.shell:Creating package script '/home/ajoymathew07/Documents/Catatron_ros2/install/catatron_controller/share/catatron_controller/package.bash'
[1.395s] INFO:colcon.colcon_core.shell:Creating package script '/home/ajoymathew07/Documents/Catatron_ros2/install/catatron_controller/share/catatron_controller/package.zsh'
[1.395s] Level 1:colcon.colcon_core.environment:create_file_with_runtime_dependencies(/home/ajoymathew07/Documents/Catatron_ros2/install/catatron_controller/share/colcon-core/packages/catatron_controller)
[1.395s] DEBUG:colcon.colcon_parallel_executor.executor.parallel:closing loop
[1.395s] DEBUG:colcon.colcon_parallel_executor.executor.parallel:loop closed
[1.395s] DEBUG:colcon.colcon_parallel_executor.executor.parallel:run_until_complete finished with '0'
[1.395s] DEBUG:colcon.colcon_core.event_reactor:joining thread
[1.399s] INFO:colcon.colcon_core.plugin_system:Skipping extension 'colcon_notification.desktop_notification.terminal_notifier': Not used on non-Darwin systems
[1.400s] INFO:colcon.colcon_core.plugin_system:Skipping extension 'colcon_notification.desktop_notification.win32': Not used on non-Windows systems
[1.400s] INFO:colcon.colcon_notification.desktop_notification:Sending desktop notification using 'notify2'
[1.408s] DEBUG:colcon.colcon_core.event_reactor:joined thread
[1.409s] INFO:colcon.colcon_core.shell:Creating prefix script '/home/ajoymathew07/Documents/Catatron_ros2/install/local_setup.ps1'
[1.410s] INFO:colcon.colcon_core.shell:Creating prefix util module '/home/ajoymathew07/Documents/Catatron_ros2/install/_local_setup_util_ps1.py'
[1.411s] INFO:colcon.colcon_core.shell:Creating prefix chain script '/home/ajoymathew07/Documents/Catatron_ros2/install/setup.ps1'
[1.411s] INFO:colcon.colcon_core.shell:Creating prefix script '/home/ajoymathew07/Documents/Catatron_ros2/install/local_setup.sh'
[1.412s] INFO:colcon.colcon_core.shell:Creating prefix util module '/home/ajoymathew07/Documents/Catatron_ros2/install/_local_setup_util_sh.py'
[1.412s] INFO:colcon.colcon_core.shell:Creating prefix chain script '/home/ajoymathew07/Documents/Catatron_ros2/install/setup.sh'
[1.413s] INFO:colcon.colcon_core.shell:Creating prefix script '/home/ajoymathew07/Documents/Catatron_ros2/install/local_setup.bash'
[1.413s] INFO:colcon.colcon_core.shell:Creating prefix chain script '/home/ajoymathew07/Documents/Catatron_ros2/install/setup.bash'
[1.414s] INFO:colcon.colcon_core.shell:Creating prefix script '/home/ajoymathew07/Documents/Catatron_ros2/install/local_setup.zsh'
[1.414s] INFO:colcon.colcon_core.shell:Creating prefix chain script '/home/ajoymathew07/Documents/Catatron_ros2/install/setup.zsh'
