[0.176s] Invoking command in '/home/ajoymathew07/Documents/Catatron_ros2/build/catatron_gazebo': CMAKE_PREFIX_PATH=${CMAKE_PREFIX_PATH}:/home/ajoymathew07/Documents/Catatron_ros2/install/catatron_joystick:/home/ajoymathew07/Documents/Catatron_ros2/install/catatron_controller:/opt/ros/humble /usr/bin/cmake --build /home/ajoymathew07/Documents/Catatron_ros2/build/catatron_gazebo -- -j16 -l16
[0.341s] Invoked command in '/home/ajoymathew07/Documents/Catatron_ros2/build/catatron_gazebo' returned '0': CMAKE_PREFIX_PATH=${CMAKE_PREFIX_PATH}:/home/ajoymathew07/Documents/Catatron_ros2/install/catatron_joystick:/home/ajoymathew07/Documents/Catatron_ros2/install/catatron_controller:/opt/ros/humble /usr/bin/cmake --build /home/ajoymathew07/Documents/Catatron_ros2/build/catatron_gazebo -- -j16 -l16
[0.350s] Invoking command in '/home/ajoymathew07/Documents/Catatron_ros2/build/catatron_gazebo': CMAKE_PREFIX_PATH=${CMAKE_PREFIX_PATH}:/home/ajoymathew07/Documents/Catatron_ros2/install/catatron_joystick:/home/ajoymathew07/Documents/Catatron_ros2/install/catatron_controller:/opt/ros/humble /usr/bin/cmake --install /home/ajoymathew07/Documents/Catatron_ros2/build/catatron_gazebo
[0.356s] -- Install configuration: ""
[0.356s] -- Up-to-date: /home/ajoymathew07/Documents/Catatron_ros2/install/catatron_gazebo/share/catatron_gazebo//launch
[0.357s] -- Up-to-date: /home/ajoymathew07/Documents/Catatron_ros2/install/catatron_gazebo/share/catatron_gazebo//launch/catatron_gazebo.launch.py
[0.357s] -- Up-to-date: /home/ajoymathew07/Documents/Catatron_ros2/install/catatron_gazebo/share/catatron_gazebo//launch/gazebo.launch.py
[0.357s] -- Up-to-date: /home/ajoymathew07/Documents/Catatron_ros2/install/catatron_gazebo/share/catatron_gazebo//launch/spawn_catatron.launch.py
[0.357s] -- Up-to-date: /home/ajoymathew07/Documents/Catatron_ros2/install/catatron_gazebo/share/catatron_gazebo//launch/controller.launch.py
[0.357s] -- Up-to-date: /home/ajoymathew07/Documents/Catatron_ros2/install/catatron_gazebo/share/catatron_gazebo//worlds
[0.357s] -- Up-to-date: /home/ajoymathew07/Documents/Catatron_ros2/install/catatron_gazebo/share/catatron_gazebo//worlds/office.world
[0.357s] -- Up-to-date: /home/ajoymathew07/Documents/Catatron_ros2/install/catatron_gazebo/share/catatron_gazebo//worlds/normal.world
[0.357s] -- Up-to-date: /home/ajoymathew07/Documents/Catatron_ros2/install/catatron_gazebo/share/ament_index/resource_index/package_run_dependencies/catatron_gazebo
[0.357s] -- Up-to-date: /home/ajoymathew07/Documents/Catatron_ros2/install/catatron_gazebo/share/ament_index/resource_index/parent_prefix_path/catatron_gazebo
[0.357s] -- Up-to-date: /home/ajoymathew07/Documents/Catatron_ros2/install/catatron_gazebo/share/catatron_gazebo/environment/ament_prefix_path.sh
[0.358s] -- Up-to-date: /home/ajoymathew07/Documents/Catatron_ros2/install/catatron_gazebo/share/catatron_gazebo/environment/ament_prefix_path.dsv
[0.358s] -- Up-to-date: /home/ajoymathew07/Documents/Catatron_ros2/install/catatron_gazebo/share/catatron_gazebo/environment/path.sh
[0.358s] -- Up-to-date: /home/ajoymathew07/Documents/Catatron_ros2/install/catatron_gazebo/share/catatron_gazebo/environment/path.dsv
[0.358s] -- Up-to-date: /home/ajoymathew07/Documents/Catatron_ros2/install/catatron_gazebo/share/catatron_gazebo/local_setup.bash
[0.358s] -- Up-to-date: /home/ajoymathew07/Documents/Catatron_ros2/install/catatron_gazebo/share/catatron_gazebo/local_setup.sh
[0.358s] -- Up-to-date: /home/ajoymathew07/Documents/Catatron_ros2/install/catatron_gazebo/share/catatron_gazebo/local_setup.zsh
[0.358s] -- Up-to-date: /home/ajoymathew07/Documents/Catatron_ros2/install/catatron_gazebo/share/catatron_gazebo/local_setup.dsv
[0.358s] -- Installing: /home/ajoymathew07/Documents/Catatron_ros2/install/catatron_gazebo/share/catatron_gazebo/package.dsv
[0.358s] -- Up-to-date: /home/ajoymathew07/Documents/Catatron_ros2/install/catatron_gazebo/share/ament_index/resource_index/packages/catatron_gazebo
[0.358s] -- Up-to-date: /home/ajoymathew07/Documents/Catatron_ros2/install/catatron_gazebo/share/catatron_gazebo/cmake/catatron_gazeboConfig.cmake
[0.358s] -- Up-to-date: /home/ajoymathew07/Documents/Catatron_ros2/install/catatron_gazebo/share/catatron_gazebo/cmake/catatron_gazeboConfig-version.cmake
[0.358s] -- Up-to-date: /home/ajoymathew07/Documents/Catatron_ros2/install/catatron_gazebo/share/catatron_gazebo/package.xml
[0.360s] Invoked command in '/home/ajoymathew07/Documents/Catatron_ros2/build/catatron_gazebo' returned '0': CMAKE_PREFIX_PATH=${CMAKE_PREFIX_PATH}:/home/ajoymathew07/Documents/Catatron_ros2/install/catatron_joystick:/home/ajoymathew07/Documents/Catatron_ros2/install/catatron_controller:/opt/ros/humble /usr/bin/cmake --install /home/ajoymathew07/Documents/Catatron_ros2/build/catatron_gazebo
