/home/ajoymathew07/Documents/Catatron_ros2/install/catatron_controller/lib/python3.10/site-packages/catatron_controller/__init__.py
/home/ajoymathew07/Documents/Catatron_ros2/install/catatron_controller/lib/python3.10/site-packages/catatron_controller/controller_quadruped.py
/home/ajoymathew07/Documents/Catatron_ros2/install/catatron_controller/lib/python3.10/site-packages/catatron_controller/controller_champ.py
/home/ajoymathew07/Documents/Catatron_ros2/install/catatron_controller/lib/python3.10/site-packages/catatron_controller/InverseKinematics/__init__.py
/home/ajoymathew07/Documents/Catatron_ros2/install/catatron_controller/lib/python3.10/site-packages/catatron_controller/InverseKinematics/robot_IK.py
/home/ajoymathew07/Documents/Catatron_ros2/install/catatron_controller/lib/python3.10/site-packages/catatron_controller/RobotController/CrawlGaitController.py
/home/ajoymathew07/Documents/Catatron_ros2/install/catatron_controller/lib/python3.10/site-packages/catatron_controller/RobotController/PIDController.py
/home/ajoymathew07/Documents/Catatron_ros2/install/catatron_controller/lib/python3.10/site-packages/catatron_controller/RobotController/StandController.py
/home/ajoymathew07/Documents/Catatron_ros2/install/catatron_controller/lib/python3.10/site-packages/catatron_controller/RobotController/__init__.py
/home/ajoymathew07/Documents/Catatron_ros2/install/catatron_controller/lib/python3.10/site-packages/catatron_controller/RobotController/GaitController.py
/home/ajoymathew07/Documents/Catatron_ros2/install/catatron_controller/lib/python3.10/site-packages/catatron_controller/RobotController/RobotController.py
/home/ajoymathew07/Documents/Catatron_ros2/install/catatron_controller/lib/python3.10/site-packages/catatron_controller/RobotController/RestController.py
/home/ajoymathew07/Documents/Catatron_ros2/install/catatron_controller/lib/python3.10/site-packages/catatron_controller/RobotController/TrotGaitController.py
/home/ajoymathew07/Documents/Catatron_ros2/install/catatron_controller/lib/python3.10/site-packages/catatron_controller/RobotController/StateCommand.py
/home/ajoymathew07/Documents/Catatron_ros2/install/catatron_controller/lib/python3.10/site-packages/catatron_controller/RoboticsUtilities/__init__.py
/home/ajoymathew07/Documents/Catatron_ros2/install/catatron_controller/lib/python3.10/site-packages/catatron_controller/RoboticsUtilities/Transformations.py
/home/ajoymathew07/Documents/Catatron_ros2/install/catatron_controller/lib/python3.10/site-packages/catatron_controller/__pycache__/__init__.cpython-310.pyc
/home/ajoymathew07/Documents/Catatron_ros2/install/catatron_controller/lib/python3.10/site-packages/catatron_controller/__pycache__/controller_quadruped.cpython-310.pyc
/home/ajoymathew07/Documents/Catatron_ros2/install/catatron_controller/lib/python3.10/site-packages/catatron_controller/__pycache__/controller_champ.cpython-310.pyc
/home/ajoymathew07/Documents/Catatron_ros2/install/catatron_controller/lib/python3.10/site-packages/catatron_controller/InverseKinematics/__pycache__/__init__.cpython-310.pyc
/home/ajoymathew07/Documents/Catatron_ros2/install/catatron_controller/lib/python3.10/site-packages/catatron_controller/InverseKinematics/__pycache__/robot_IK.cpython-310.pyc
/home/ajoymathew07/Documents/Catatron_ros2/install/catatron_controller/lib/python3.10/site-packages/catatron_controller/RobotController/__pycache__/CrawlGaitController.cpython-310.pyc
/home/ajoymathew07/Documents/Catatron_ros2/install/catatron_controller/lib/python3.10/site-packages/catatron_controller/RobotController/__pycache__/PIDController.cpython-310.pyc
/home/ajoymathew07/Documents/Catatron_ros2/install/catatron_controller/lib/python3.10/site-packages/catatron_controller/RobotController/__pycache__/StandController.cpython-310.pyc
/home/ajoymathew07/Documents/Catatron_ros2/install/catatron_controller/lib/python3.10/site-packages/catatron_controller/RobotController/__pycache__/__init__.cpython-310.pyc
/home/ajoymathew07/Documents/Catatron_ros2/install/catatron_controller/lib/python3.10/site-packages/catatron_controller/RobotController/__pycache__/GaitController.cpython-310.pyc
/home/ajoymathew07/Documents/Catatron_ros2/install/catatron_controller/lib/python3.10/site-packages/catatron_controller/RobotController/__pycache__/RobotController.cpython-310.pyc
/home/ajoymathew07/Documents/Catatron_ros2/install/catatron_controller/lib/python3.10/site-packages/catatron_controller/RobotController/__pycache__/RestController.cpython-310.pyc
/home/ajoymathew07/Documents/Catatron_ros2/install/catatron_controller/lib/python3.10/site-packages/catatron_controller/RobotController/__pycache__/TrotGaitController.cpython-310.pyc
/home/ajoymathew07/Documents/Catatron_ros2/install/catatron_controller/lib/python3.10/site-packages/catatron_controller/RobotController/__pycache__/StateCommand.cpython-310.pyc
/home/ajoymathew07/Documents/Catatron_ros2/install/catatron_controller/lib/python3.10/site-packages/catatron_controller/RoboticsUtilities/__pycache__/__init__.cpython-310.pyc
/home/ajoymathew07/Documents/Catatron_ros2/install/catatron_controller/lib/python3.10/site-packages/catatron_controller/RoboticsUtilities/__pycache__/Transformations.cpython-310.pyc
/home/ajoymathew07/Documents/Catatron_ros2/install/catatron_controller/share/ament_index/resource_index/packages/catatron_controller
/home/ajoymathew07/Documents/Catatron_ros2/install/catatron_controller/share/catatron_controller/package.xml
/home/ajoymathew07/Documents/Catatron_ros2/install/catatron_controller/share/catatron_controller/config/gazebo.yaml
/home/ajoymathew07/Documents/Catatron_ros2/install/catatron_controller/share/catatron_controller/config/champ_controller.yaml
/home/ajoymathew07/Documents/Catatron_ros2/install/catatron_controller/share/catatron_controller/config/catatron_controller.yaml
/home/ajoymathew07/Documents/Catatron_ros2/install/catatron_controller/lib/python3.10/site-packages/catatron_controller-0.0.0-py3.10.egg-info/requires.txt
/home/ajoymathew07/Documents/Catatron_ros2/install/catatron_controller/lib/python3.10/site-packages/catatron_controller-0.0.0-py3.10.egg-info/dependency_links.txt
/home/ajoymathew07/Documents/Catatron_ros2/install/catatron_controller/lib/python3.10/site-packages/catatron_controller-0.0.0-py3.10.egg-info/top_level.txt
/home/ajoymathew07/Documents/Catatron_ros2/install/catatron_controller/lib/python3.10/site-packages/catatron_controller-0.0.0-py3.10.egg-info/PKG-INFO
/home/ajoymathew07/Documents/Catatron_ros2/install/catatron_controller/lib/python3.10/site-packages/catatron_controller-0.0.0-py3.10.egg-info/zip-safe
/home/ajoymathew07/Documents/Catatron_ros2/install/catatron_controller/lib/python3.10/site-packages/catatron_controller-0.0.0-py3.10.egg-info/SOURCES.txt
/home/ajoymathew07/Documents/Catatron_ros2/install/catatron_controller/lib/python3.10/site-packages/catatron_controller-0.0.0-py3.10.egg-info/entry_points.txt
/home/ajoymathew07/Documents/Catatron_ros2/install/catatron_controller/lib/catatron_controller/controller_champ
/home/ajoymathew07/Documents/Catatron_ros2/install/catatron_controller/lib/catatron_controller/controller_quadruped
/home/ajoymathew07/Documents/Catatron_ros2/install/catatron_controller/lib/catatron_controller/test_caminata
