[0.845s] Invoking command in '/home/ajoymathew07/Documents/Catatron_ros2/src/catatron_ros2-main/catatron_controller': PYTHONPATH=/home/ajoymathew07/Documents/Catatron_ros2/build/catatron_controller/prefix_override:/usr/lib/python3/dist-packages/colcon_core/task/python/colcon_distutils_commands:/home/ajoymathew07/Documents/Catatron_ros2/install/catatron_controller/lib/python3.10/site-packages:${PYTHONPATH} /usr/bin/python3 -W ignore:setup.py install is deprecated -W ignore:easy_install command is deprecated setup.py egg_info --egg-base ../../../build/catatron_controller build --build-base /home/ajoymathew07/Documents/Catatron_ros2/build/catatron_controller/build install --record /home/ajoymathew07/Documents/Catatron_ros2/build/catatron_controller/install.log --single-version-externally-managed install_data
[1.042s] running egg_info
[1.055s] writing ../../../build/catatron_controller/catatron_controller.egg-info/PKG-INFO
[1.055s] writing dependency_links to ../../../build/catatron_controller/catatron_controller.egg-info/dependency_links.txt
[1.055s] writing entry points to ../../../build/catatron_controller/catatron_controller.egg-info/entry_points.txt
[1.056s] writing requirements to ../../../build/catatron_controller/catatron_controller.egg-info/requires.txt
[1.056s] writing top-level names to ../../../build/catatron_controller/catatron_controller.egg-info/top_level.txt
[1.085s] reading manifest file '../../../build/catatron_controller/catatron_controller.egg-info/SOURCES.txt'
[1.086s] writing manifest file '../../../build/catatron_controller/catatron_controller.egg-info/SOURCES.txt'
[1.086s] running build
[1.086s] running build_py
[1.086s] copying catatron_controller/controller_quadruped.py -> /home/ajoymathew07/Documents/Catatron_ros2/build/catatron_controller/build/lib/catatron_controller
[1.086s] copying catatron_controller/controller_champ.py -> /home/ajoymathew07/Documents/Catatron_ros2/build/catatron_controller/build/lib/catatron_controller
[1.087s] copying catatron_controller/InverseKinematics/robot_IK.py -> /home/ajoymathew07/Documents/Catatron_ros2/build/catatron_controller/build/lib/catatron_controller/InverseKinematics
[1.087s] copying catatron_controller/RobotController/CrawlGaitController.py -> /home/ajoymathew07/Documents/Catatron_ros2/build/catatron_controller/build/lib/catatron_controller/RobotController
[1.087s] copying catatron_controller/RobotController/PIDController.py -> /home/ajoymathew07/Documents/Catatron_ros2/build/catatron_controller/build/lib/catatron_controller/RobotController
[1.087s] copying catatron_controller/RobotController/StandController.py -> /home/ajoymathew07/Documents/Catatron_ros2/build/catatron_controller/build/lib/catatron_controller/RobotController
[1.088s] copying catatron_controller/RobotController/GaitController.py -> /home/ajoymathew07/Documents/Catatron_ros2/build/catatron_controller/build/lib/catatron_controller/RobotController
[1.088s] copying catatron_controller/RobotController/RobotController.py -> /home/ajoymathew07/Documents/Catatron_ros2/build/catatron_controller/build/lib/catatron_controller/RobotController
[1.088s] copying catatron_controller/RobotController/RestController.py -> /home/ajoymathew07/Documents/Catatron_ros2/build/catatron_controller/build/lib/catatron_controller/RobotController
[1.088s] copying catatron_controller/RobotController/TrotGaitController.py -> /home/ajoymathew07/Documents/Catatron_ros2/build/catatron_controller/build/lib/catatron_controller/RobotController
[1.088s] copying catatron_controller/RobotController/StateCommand.py -> /home/ajoymathew07/Documents/Catatron_ros2/build/catatron_controller/build/lib/catatron_controller/RobotController
[1.089s] copying catatron_controller/RoboticsUtilities/Transformations.py -> /home/ajoymathew07/Documents/Catatron_ros2/build/catatron_controller/build/lib/catatron_controller/RoboticsUtilities
[1.089s] running install
[1.093s] running install_lib
[1.108s] running install_data
[1.108s] copying package.xml -> /home/ajoymathew07/Documents/Catatron_ros2/install/catatron_controller/share/catatron_controller
[1.108s] copying config/catatron_controller.yaml -> /home/ajoymathew07/Documents/Catatron_ros2/install/catatron_controller/share/catatron_controller/config
[1.108s] running install_egg_info
[1.124s] removing '/home/ajoymathew07/Documents/Catatron_ros2/install/catatron_controller/lib/python3.10/site-packages/catatron_controller-0.0.0-py3.10.egg-info' (and everything under it)
[1.124s] Copying ../../../build/catatron_controller/catatron_controller.egg-info to /home/ajoymathew07/Documents/Catatron_ros2/install/catatron_controller/lib/python3.10/site-packages/catatron_controller-0.0.0-py3.10.egg-info
[1.125s] running install_scripts
[1.239s] Installing controller_champ script to /home/ajoymathew07/Documents/Catatron_ros2/install/catatron_controller/lib/catatron_controller
[1.239s] Installing controller_quadruped script to /home/ajoymathew07/Documents/Catatron_ros2/install/catatron_controller/lib/catatron_controller
[1.239s] Installing test_caminata script to /home/ajoymathew07/Documents/Catatron_ros2/install/catatron_controller/lib/catatron_controller
[1.240s] writing list of installed files to '/home/ajoymathew07/Documents/Catatron_ros2/build/catatron_controller/install.log'
[1.265s] Invoked command in '/home/ajoymathew07/Documents/Catatron_ros2/src/catatron_ros2-main/catatron_controller' returned '0': PYTHONPATH=/home/ajoymathew07/Documents/Catatron_ros2/build/catatron_controller/prefix_override:/usr/lib/python3/dist-packages/colcon_core/task/python/colcon_distutils_commands:/home/ajoymathew07/Documents/Catatron_ros2/install/catatron_controller/lib/python3.10/site-packages:${PYTHONPATH} /usr/bin/python3 -W ignore:setup.py install is deprecated -W ignore:easy_install command is deprecated setup.py egg_info --egg-base ../../../build/catatron_controller build --build-base /home/ajoymathew07/Documents/Catatron_ros2/build/catatron_controller/build install --record /home/ajoymathew07/Documents/Catatron_ros2/build/catatron_controller/install.log --single-version-externally-managed install_data
