-- Install configuration: ""
-- Up-to-date: /home/ajoymathew07/Documents/Catatron_ros2/install/catatron_description/share/catatron_description//launch
-- Up-to-date: /home/ajoymathew07/Documents/Catatron_ros2/install/catatron_description/share/catatron_description//launch/rviz_fake_joint.launch.py
-- Up-to-date: /home/ajoymathew07/Documents/Catatron_ros2/install/catatron_description/share/catatron_description//meshes
-- Up-to-date: /home/ajoymathew07/Documents/Catatron_ros2/install/catatron_description/share/catatron_description//meshes/body_obj.dae
-- Up-to-date: /home/ajoymathew07/Documents/Catatron_ros2/install/catatron_description/share/catatron_description//meshes/R2_obj.dae
-- Up-to-date: /home/ajoymathew07/Documents/Catatron_ros2/install/catatron_description/share/catatron_description//meshes/FR1_obj.dae
-- Up-to-date: /home/ajoymathew07/Documents/Catatron_ros2/install/catatron_description/share/catatron_description//meshes/R3_obj.dae
-- Up-to-date: /home/ajoymathew07/Documents/Catatron_ros2/install/catatron_description/share/catatron_description//meshes/RL1_obj.dae
-- Up-to-date: /home/ajoymathew07/Documents/Catatron_ros2/install/catatron_description/share/catatron_description//meshes/RR1_obj.dae
-- Up-to-date: /home/ajoymathew07/Documents/Catatron_ros2/install/catatron_description/share/catatron_description//meshes/L3_obj.dae
-- Up-to-date: /home/ajoymathew07/Documents/Catatron_ros2/install/catatron_description/share/catatron_description//meshes/L2_obj.dae
-- Up-to-date: /home/ajoymathew07/Documents/Catatron_ros2/install/catatron_description/share/catatron_description//meshes/lidar.dae
-- Up-to-date: /home/ajoymathew07/Documents/Catatron_ros2/install/catatron_description/share/catatron_description//meshes/FL1_obj.dae
-- Up-to-date: /home/ajoymathew07/Documents/Catatron_ros2/install/catatron_description/share/catatron_description//rviz
-- Up-to-date: /home/ajoymathew07/Documents/Catatron_ros2/install/catatron_description/share/catatron_description//rviz/rviz_fake_joints.rviz
-- Up-to-date: /home/ajoymathew07/Documents/Catatron_ros2/install/catatron_description/share/catatron_description//urdf
-- Up-to-date: /home/ajoymathew07/Documents/Catatron_ros2/install/catatron_description/share/catatron_description//urdf/xacro
-- Up-to-date: /home/ajoymathew07/Documents/Catatron_ros2/install/catatron_description/share/catatron_description//urdf/xacro/gazebo.xacro
-- Up-to-date: /home/ajoymathew07/Documents/Catatron_ros2/install/catatron_description/share/catatron_description//urdf/xacro/transmision.xacro
-- Up-to-date: /home/ajoymathew07/Documents/Catatron_ros2/install/catatron_description/share/catatron_description//urdf/catatron.urdf.xacro
-- Up-to-date: /home/ajoymathew07/Documents/Catatron_ros2/install/catatron_description/share/ament_index/resource_index/package_run_dependencies/catatron_description
-- Up-to-date: /home/ajoymathew07/Documents/Catatron_ros2/install/catatron_description/share/ament_index/resource_index/parent_prefix_path/catatron_description
-- Up-to-date: /home/ajoymathew07/Documents/Catatron_ros2/install/catatron_description/share/catatron_description/environment/ament_prefix_path.sh
-- Up-to-date: /home/ajoymathew07/Documents/Catatron_ros2/install/catatron_description/share/catatron_description/environment/ament_prefix_path.dsv
-- Up-to-date: /home/ajoymathew07/Documents/Catatron_ros2/install/catatron_description/share/catatron_description/environment/path.sh
-- Up-to-date: /home/ajoymathew07/Documents/Catatron_ros2/install/catatron_description/share/catatron_description/environment/path.dsv
-- Up-to-date: /home/ajoymathew07/Documents/Catatron_ros2/install/catatron_description/share/catatron_description/local_setup.bash
-- Up-to-date: /home/ajoymathew07/Documents/Catatron_ros2/install/catatron_description/share/catatron_description/local_setup.sh
-- Up-to-date: /home/ajoymathew07/Documents/Catatron_ros2/install/catatron_description/share/catatron_description/local_setup.zsh
-- Up-to-date: /home/ajoymathew07/Documents/Catatron_ros2/install/catatron_description/share/catatron_description/local_setup.dsv
-- Installing: /home/ajoymathew07/Documents/Catatron_ros2/install/catatron_description/share/catatron_description/package.dsv
-- Up-to-date: /home/ajoymathew07/Documents/Catatron_ros2/install/catatron_description/share/ament_index/resource_index/packages/catatron_description
-- Up-to-date: /home/ajoymathew07/Documents/Catatron_ros2/install/catatron_description/share/catatron_description/cmake/catatron_descriptionConfig.cmake
-- Up-to-date: /home/ajoymathew07/Documents/Catatron_ros2/install/catatron_description/share/catatron_description/cmake/catatron_descriptionConfig-version.cmake
-- Up-to-date: /home/ajoymathew07/Documents/Catatron_ros2/install/catatron_description/share/catatron_description/package.xml
